Component: ARM Compiler 5.06 update 1 (build 61) Tool: armlink [4d35a8]

==============================================================================

Section Cross References

    startup_stm32f103xb.o(STACK) refers (Special) to heapauxi.o(.text) for __use_two_region_memory
    startup_stm32f103xb.o(HEAP) refers (Special) to heapauxi.o(.text) for __use_two_region_memory
    startup_stm32f103xb.o(RESET) refers (Special) to heapauxi.o(.text) for __use_two_region_memory
    startup_stm32f103xb.o(RESET) refers to startup_stm32f103xb.o(STACK) for __initial_sp
    startup_stm32f103xb.o(RESET) refers to startup_stm32f103xb.o(.text) for Reset_Handler
    startup_stm32f103xb.o(RESET) refers to stm32f1xx_it.o(i.NMI_Handler) for NMI_Handler
    startup_stm32f103xb.o(RESET) refers to stm32f1xx_it.o(i.HardFault_Handler) for HardFault_Handler
    startup_stm32f103xb.o(RESET) refers to stm32f1xx_it.o(i.MemManage_Handler) for MemManage_Handler
    startup_stm32f103xb.o(RESET) refers to stm32f1xx_it.o(i.BusFault_Handler) for BusFault_Handler
    startup_stm32f103xb.o(RESET) refers to stm32f1xx_it.o(i.UsageFault_Handler) for UsageFault_Handler
    startup_stm32f103xb.o(RESET) refers to port.o(.emb_text) for SVC_Handler
    startup_stm32f103xb.o(RESET) refers to stm32f1xx_it.o(i.DebugMon_Handler) for DebugMon_Handler
    startup_stm32f103xb.o(RESET) refers to port.o(i.SysTick_Handler) for SysTick_Handler
    startup_stm32f103xb.o(RESET) refers to stm32f1xx_it.o(i.DMA1_Channel4_IRQHandler) for DMA1_Channel4_IRQHandler
    startup_stm32f103xb.o(RESET) refers to stm32f1xx_it.o(i.DMA1_Channel5_IRQHandler) for DMA1_Channel5_IRQHandler
    startup_stm32f103xb.o(RESET) refers to stm32f1xx_it.o(i.TIM4_IRQHandler) for TIM4_IRQHandler
    startup_stm32f103xb.o(.text) refers (Special) to heapauxi.o(.text) for __use_two_region_memory
    startup_stm32f103xb.o(.text) refers to system_stm32f1xx.o(i.SystemInit) for SystemInit
    startup_stm32f103xb.o(.text) refers to __main.o(!!!main) for __main
    startup_stm32f103xb.o(.text) refers to startup_stm32f103xb.o(HEAP) for Heap_Mem
    startup_stm32f103xb.o(.text) refers to startup_stm32f103xb.o(STACK) for Stack_Mem
    main.o(i.HAL_TIM_PeriodElapsedCallback) refers to stm32f1xx_hal.o(i.HAL_IncTick) for HAL_IncTick
    main.o(i.SystemClock_Config) refers to rt_memclr_w.o(.text) for __aeabi_memclr4
    main.o(i.SystemClock_Config) refers to stm32f1xx_hal_rcc.o(i.HAL_RCC_OscConfig) for HAL_RCC_OscConfig
    main.o(i.SystemClock_Config) refers to stm32f1xx_hal_rcc.o(i.HAL_RCC_ClockConfig) for HAL_RCC_ClockConfig
    main.o(i.main) refers to stm32f1xx_hal.o(i.HAL_Init) for HAL_Init
    main.o(i.main) refers to main.o(i.SystemClock_Config) for SystemClock_Config
    main.o(i.main) refers to gpio.o(i.MX_GPIO_Init) for MX_GPIO_Init
    main.o(i.main) refers to dma.o(i.MX_DMA_Init) for MX_DMA_Init
    main.o(i.main) refers to usart.o(i.MX_USART3_UART_Init) for MX_USART3_UART_Init
    main.o(i.main) refers to usart.o(i.MX_USART1_UART_Init) for MX_USART1_UART_Init
    main.o(i.main) refers to tim.o(i.MX_TIM2_Init) for MX_TIM2_Init
    main.o(i.main) refers to tim.o(i.MX_TIM3_Init) for MX_TIM3_Init
    main.o(i.main) refers to stm32f1xx_hal_tim.o(i.HAL_TIM_PWM_Start) for HAL_TIM_PWM_Start
    main.o(i.main) refers to oled.o(i.OLED_Init) for OLED_Init
    main.o(i.main) refers to oled.o(i.OLED_Clear) for OLED_Clear
    main.o(i.main) refers to bsp_task.o(i.Init_Task) for Init_Task
    main.o(i.main) refers to freertos.o(i.MX_FREERTOS_Init) for MX_FREERTOS_Init
    main.o(i.main) refers to cmsis_os.o(i.osKernelStart) for osKernelStart
    main.o(i.main) refers to tim.o(.bss) for htim2
    gpio.o(i.MX_GPIO_Init) refers to stm32f1xx_hal_gpio.o(i.HAL_GPIO_WritePin) for HAL_GPIO_WritePin
    gpio.o(i.MX_GPIO_Init) refers to stm32f1xx_hal_gpio.o(i.HAL_GPIO_Init) for HAL_GPIO_Init
    freertos.o(i.Loop_Task) refers to key.o(i.Key_Read) for Key_Read
    freertos.o(i.Loop_Task) refers to bsp_task.o(i.Key_Task) for Key_Task
    freertos.o(i.Loop_Task) refers to bsp_task.o(i.Display_Task) for Display_Task
    freertos.o(i.Loop_Task) refers to bsp_task.o(i.Main_Task) for Main_Task
    freertos.o(i.Loop_Task) refers to cmsis_os.o(i.osDelay) for osDelay
    freertos.o(i.MX_FREERTOS_Init) refers to rt_memcpy_w.o(.text) for __aeabi_memcpy4
    freertos.o(i.MX_FREERTOS_Init) refers to cmsis_os.o(i.osThreadCreate) for osThreadCreate
    freertos.o(i.MX_FREERTOS_Init) refers to freertos.o(.constdata) for .constdata
    freertos.o(i.MX_FREERTOS_Init) refers to freertos.o(.data) for .data
    freertos.o(i.Sensor_Task) refers to sensor.o(i.Sensor_Read) for Sensor_Read
    freertos.o(i.Sensor_Task) refers to sensor.o(i.Sensor_Judge) for Sensor_Judge
    freertos.o(i.Sensor_Task) refers to cmsis_os.o(i.osDelay) for osDelay
    freertos.o(i.Uart_Task) refers to bsp_uart.o(i.Data_Resolve) for Data_Resolve
    freertos.o(i.Uart_Task) refers to rt_memclr.o(.text) for __aeabi_memclr
[...]
    i.SDA_Output                             0x08002714   Section        0  eeprom.o(i.SDA_Output)
    i.SDA_Output_Mode                        0x0800272c   Section        0  eeprom.o(i.SDA_Output_Mode)
    i.SYN_FrameInfo                          0x0800274c   Section        0  syn6288.o(i.SYN_FrameInfo)
    i.Sensor_Judge                           0x080027c4   Section        0  sensor.o(i.Sensor_Judge)
    i.Sensor_Read                            0x080028c8   Section        0  sensor.o(i.Sensor_Read)
    i.Sensor_Task                            0x08002940   Section        0  freertos.o(i.Sensor_Task)
    i.Servo_Control                          0x08002950   Section        0  bsp_servo.o(i.Servo_Control)
    i.StartDefaultTask                       0x080029ac   Section        0  freertos.o(i.StartDefaultTask)
    i.SysTick_Handler                        0x080029b0   Section        0  port.o(i.SysTick_Handler)
    i.SystemClock_Config                     0x080029dc   Section        0  main.o(i.SystemClock_Config)
    i.SystemInit                             0x08002a3a   Section        0  system_stm32f1xx.o(i.SystemInit)
    i.TIM4_IRQHandler                        0x08002a3c   Section        0  stm32f1xx_it.o(i.TIM4_IRQHandler)
    i.TIM_Base_SetConfig                     0x08002a48   Section        0  stm32f1xx_hal_tim.o(i.TIM_Base_SetConfig)
    i.TIM_CCxChannelCmd                      0x08002ac0   Section        0  stm32f1xx_hal_tim.o(i.TIM_CCxChannelCmd)
    i.TIM_OC1_SetConfig                      0x08002adc   Section        0  stm32f1xx_hal_tim.o(i.TIM_OC1_SetConfig)
    TIM_OC1_SetConfig                        0x08002add   Thumb Code    74  stm32f1xx_hal_tim.o(i.TIM_OC1_SetConfig)
    i.TIM_OC2_SetConfig                      0x08002b2c   Section        0  stm32f1xx_hal_tim.o(i.TIM_OC2_SetConfig)
    i.TIM_OC3_SetConfig                      0x08002b84   Section        0  stm32f1xx_hal_tim.o(i.TIM_OC3_SetConfig)
    TIM_OC3_SetConfig                        0x08002b85   Thumb Code    82  stm32f1xx_hal_tim.o(i.TIM_OC3_SetConfig)
    i.TIM_OC4_SetConfig                      0x08002bdc   Section        0  stm32f1xx_hal_tim.o(i.TIM_OC4_SetConfig)
    TIM_OC4_SetConfig                        0x08002bdd   Thumb Code    64  stm32f1xx_hal_tim.o(i.TIM_OC4_SetConfig)
    i.UART_DMAError                          0x08002c20   Section        0  stm32f1xx_hal_uart.o(i.UART_DMAError)
    UART_DMAError                            0x08002c21   Thumb Code    74  stm32f1xx_hal_uart.o(i.UART_DMAError)
    i.UART_DMAReceiveCplt                    0x08002c6a   Section        0  stm32f1xx_hal_uart.o(i.UART_DMAReceiveCplt)
    UART_DMAReceiveCplt                      0x08002c6b   Thumb Code   134  stm32f1xx_hal_uart.o(i.UART_DMAReceiveCplt)
    i.UART_DMARxHalfCplt                     0x08002cf0   Section        0  stm32f1xx_hal_uart.o(i.UART_DMARxHalfCplt)
    UART_DMARxHalfCplt                       0x08002cf1   Thumb Code    30  stm32f1xx_hal_uart.o(i.UART_DMARxHalfCplt)
    i.UART_DMATransmitCplt                   0x08002d0e   Section        0  stm32f1xx_hal_uart.o(i.UART_DMATransmitCplt)
    UART_DMATransmitCplt                     0x08002d0f   Thumb Code    66  stm32f1xx_hal_uart.o(i.UART_DMATransmitCplt)
    i.UART_DMATxHalfCplt                     0x08002d50   Section        0  stm32f1xx_hal_uart.o(i.UART_DMATxHalfCplt)
    UART_DMATxHalfCplt                       0x08002d51   Thumb Code    10  stm32f1xx_hal_uart.o(i.UART_DMATxHalfCplt)
    i.UART_EndRxTransfer                     0x08002d5a   Section        0  stm32f1xx_hal_uart.o(i.UART_EndRxTransfer)
    UART_EndRxTransfer                       0x08002d5b   Thumb Code    78  stm32f1xx_hal_uart.o(i.UART_EndRxTransfer)
    i.UART_EndTxTransfer                     0x08002da8   Section        0  stm32f1xx_hal_uart.o(i.UART_EndTxTransfer)
    UART_EndTxTransfer                       0x08002da9   Thumb Code    28  stm32f1xx_hal_uart.o(i.UART_EndTxTransfer)
    i.UART_SetConfig                         0x08002dc4   Section        0  stm32f1xx_hal_uart.o(i.UART_SetConfig)
    UART_SetConfig                           0x08002dc5   Thumb Code   178  stm32f1xx_hal_uart.o(i.UART_SetConfig)
    i.UART_Start_Receive_DMA                 0x08002e7c   Section        0  stm32f1xx_hal_uart.o(i.UART_Start_Receive_DMA)
    i.UART_WaitOnFlagUntilTimeout            0x08002f0c   Section        0  stm32f1xx_hal_uart.o(i.UART_WaitOnFlagUntilTimeout)
    UART_WaitOnFlagUntilTimeout              0x08002f0d   Thumb Code   114  stm32f1xx_hal_uart.o(i.UART_WaitOnFlagUntilTimeout)
    i.Uart_Task                              0x08002f80   Section        0  freertos.o(i.Uart_Task)
    i.UsageFault_Handler                     0x08002fb8   Section        0  stm32f1xx_it.o(i.UsageFault_Handler)
    i.Write_IIC_Byte                         0x08002fbc   Section        0  oled.o(i.Write_IIC_Byte)
    i.Write_IIC_Command                      0x08003018   Section        0  oled.o(i.Write_IIC_Command)
    i.Write_IIC_Data                         0x08003046   Section        0  oled.o(i.Write_IIC_Data)
    i.__NVIC_SetPriority                     0x08003074   Section        0  stm32f1xx_hal_cortex.o(i.__NVIC_SetPriority)
    __NVIC_SetPriority                       0x08003075   Thumb Code    32  stm32f1xx_hal_cortex.o(i.__NVIC_SetPriority)
    i.delay1                                 0x08003094   Section        0  eeprom.o(i.delay1)
    delay1                                   0x08003095   Thumb Code    12  eeprom.o(i.delay1)
    i.eeprom_read                            0x080030a0   Section        0  eeprom.o(i.eeprom_read)
    i.eeprom_write                           0x080030e0   Section        0  eeprom.o(i.eeprom_write)
    i.main                                   0x08003110   Section        0  main.o(i.main)
    i.makeFreeRtosPriority                   0x08003178   Section        0  cmsis_os.o(i.makeFreeRtosPriority)
    makeFreeRtosPriority                     0x08003179   Thumb Code    12  cmsis_os.o(i.makeFreeRtosPriority)
    i.osDelay                                0x08003184   Section        0  cmsis_os.o(i.osDelay)
    i.osKernelStart                          0x08003192   Section        0  cmsis_os.o(i.osKernelStart)
    i.osThreadCreate                         0x0800319c   Section        0  cmsis_os.o(i.osThreadCreate)
    i.prvAddCurrentTaskToDelayedList         0x080031f0   Section        0  tasks.o(i.prvAddCurrentTaskToDelayedList)
    prvAddCurrentTaskToDelayedList           0x080031f1   Thumb Code   102  tasks.o(i.prvAddCurrentTaskToDelayedList)
    i.prvAddNewTaskToReadyList               0x08003260   Section        0  tasks.o(i.prvAddNewTaskToReadyList)
    prvAddNewTaskToReadyList                 0x08003261   Thumb Code   194  tasks.o(i.prvAddNewTaskToReadyList)
    i.prvDeleteTCB                           0x08003330   Section        0  tasks.o(i.prvDeleteTCB)
    prvDeleteTCB                             0x08003331   Thumb Code    52  tasks.o(i.prvDeleteTCB)
    i.prvHeapInit                            0x08003364   Section        0  heap_4.o(i.prvHeapInit)
    prvHeapInit                              0x08003365   Thumb Code    66  heap_4.o(i.prvHeapInit)
    i.prvIdleTask                            0x080033b0   Section        0  tasks.o(i.prvIdleTask)
    prvIdleTask                              0x080033b1   Thumb Code    82  tasks.o(i.prvIdleTask)
    i.prvInitialiseNewTask                   0x08003410   Section        0  tasks.o(i.prvInitialiseNewTask)
    prvInitialiseNewTask                     0x08003411   Thumb Code   152  tasks.o(i.prvInitialiseNewTask)
    i.prvInsertBlockIntoFreeList             0x080034a8   Section        0  heap_4.o(i.prvInsertBlockIntoFreeList)
    prvInsertBlockIntoFreeList               0x080034a9   Thumb Code    72  heap_4.o(i.prvInsertBlockIntoFreeList)
    i.prvResetNextTaskUnblockTime            0x080034f4   Section        0  tasks.o(i.prvResetNextTaskUnblockTime)
    prvResetNextTaskUnblockTime              0x080034f5   Thumb Code    26  tasks.o(i.prvResetNextTaskUnblockTime)
    i.prvTaskExitError                       0x08003514   Section        0  port.o(i.prvTaskExitError)
    prvTaskExitError                         0x08003515   Thumb Code    36  port.o(i.prvTaskExitError)
    i.pvPortMalloc                           0x0800353c   Section        0  heap_4.o(i.pvPortMalloc)
    i.pxPortInitialiseStack                  0x08003618   Section        0  port.o(i.pxPortInitialiseStack)
    i.uxListRemove                           0x0800363c   Section        0  list.o(i.uxListRemove)
    i.vApplicationGetIdleTaskMemory          0x08003664   Section        0  freertos.o(i.vApplicationGetIdleTaskMemory)
    i.vListInitialise                        0x08003678   Section        0  list.o(i.vListInitialise)
    i.vListInitialiseItem                    0x0800368e   Section        0  list.o(i.vListInitialiseItem)
    i.vListInsert                            0x08003694   Section        0  list.o(i.vListInsert)
    i.vListInsertEnd                         0x080036c4   Section        0  list.o(i.vListInsertEnd)
    i.vPortEnterCritical                     0x080036dc   Section        0  port.o(i.vPortEnterCritical)
    i.vPortExitCritical                      0x0800371c   Section        0  port.o(i.vPortExitCritical)
    i.vPortFree                              0x08003744   Section        0  heap_4.o(i.vPortFree)
    i.vPortSetupTimerInterrupt               0x080037a8   Section        0  port.o(i.vPortSetupTimerInterrupt)
    i.vTaskDelay                             0x080037cc   Section        0  tasks.o(i.vTaskDelay)
    i.vTaskStartScheduler                    0x08003818   Section        0  tasks.o(i.vTaskStartScheduler)
    i.vTaskSuspendAll                        0x08003884   Section        0  tasks.o(i.vTaskSuspendAll)
    i.vTaskSwitchContext                     0x08003894   Section        0  tasks.o(i.vTaskSwitchContext)
    i.xPortStartScheduler                    0x080038f0   Section        0  port.o(i.xPortStartScheduler)
    i.xTaskCreate                            0x08003998   Section        0  tasks.o(i.xTaskCreate)
    i.xTaskCreateStatic                      0x080039f2   Section        0  tasks.o(i.xTaskCreateStatic)
    i.xTaskIncrementTick                     0x08003a48   Section        0  tasks.o(i.xTaskIncrementTick)
    i.xTaskResumeAll                         0x08003b14   Section        0  tasks.o(i.xTaskResumeAll)
    x$fpl$fadd                               0x08003bd8   Section      196  faddsub_clz.o(x$fpl$fadd)
    _fadd1                                   0x08003be7   Thumb Code     0  faddsub_clz.o(x$fpl$fadd)
    x$fpl$fdiv                               0x08003c9c   Section      388  fdiv.o(x$fpl$fdiv)
    _fdiv1                                   0x08003c9d   Thumb Code     0  fdiv.o(x$fpl$fdiv)
    x$fpl$ffixu                              0x08003e20   Section       62  ffixu.o(x$fpl$ffixu)
    x$fpl$ffltu                              0x08003e60   Section       38  fflt_clz.o(x$fpl$ffltu)
    x$fpl$fnaninf                            0x08003e86   Section      140  fnaninf.o(x$fpl$fnaninf)
    x$fpl$fretinf                            0x08003f12   Section       10  fretinf.o(x$fpl$fretinf)
    x$fpl$fsub                               0x08003f1c   Section      234  faddsub_clz.o(x$fpl$fsub)
    _fsub1                                   0x08003f2b   Thumb Code     0  faddsub_clz.o(x$fpl$fsub)
    x$fpl$usenofp                            0x08004006   Section        0  usenofp.o(x$fpl$usenofp)
    .constdata                               0x08004008   Section      112  freertos.o(.constdata)
    .constdata                               0x08004078   Section       18  stm32f1xx_hal_rcc.o(.constdata)
    aPredivFactorTable                       0x08004078   Data           2  stm32f1xx_hal_rcc.o(.constdata)
    aPLLMULFactorTable                       0x0800407a   Data          16  stm32f1xx_hal_rcc.o(.constdata)
    .constdata                               0x0800408a   Section       16  system_stm32f1xx.o(.constdata)
    .constdata                               0x0800409a   Section        8  system_stm32f1xx.o(.constdata)
    .constdata                               0x080040a2   Section     2072  oled.o(.constdata)
    .conststring                             0x080048bc   Section       45  freertos.o(.conststring)
    .data                                    0x20000000   Section       16  freertos.o(.data)
    .data                                    0x20000010   Section        1  usart.o(.data)
    .data                                    0x20000011   Section        1  usart.o(.data)
    .data                                    0x20000012   Section        3  usart.o(.data)
    .data                                    0x20000015   Section        3  usart.o(.data)
    .data                                    0x20000018   Section       12  stm32f1xx_hal.o(.data)
    .data                                    0x20000024   Section        4  system_stm32f1xx.o(.data)
    .data                                    0x20000028   Section        1  bsp_uart.o(.data)
    .data                                    0x2000002a   Section        6  bsp_motor.o(.data)
    .data                                    0x20000030   Section        4  sensor.o(.data)
    .data                                    0x20000034   Section       12  bsp_task.o(.data)
    .data                                    0x20000040   Section       60  tasks.o(.data)
    uxDeletedTasksWaitingCleanUp             0x20000044   Data           4  tasks.o(.data)
    uxCurrentNumberOfTasks                   0x20000048   Data           4  tasks.o(.data)
    xTickCount                               0x2000004c   Data           4  tasks.o(.data)
    uxTopReadyPriority                       0x20000050   Data           4  tasks.o(.data)
    xSchedulerRunning                        0x20000054   Data           4  tasks.o(.data)
    xPendedTicks                             0x20000058   Data           4  tasks.o(.data)
    xYieldPending                            0x2000005c   Data           4  tasks.o(.data)
    xNumOfOverflows                          0x20000060   Data           4  tasks.o(.data)
    uxTaskNumber                             0x20000064   Data           4  tasks.o(.data)
    xNextTaskUnblockTime                     0x20000068   Data           4  tasks.o(.data)
    xIdleTaskHandle                          0x2000006c   Data           4  tasks.o(.data)
    uxSchedulerSuspended                     0x20000070   Data           4  tasks.o(.data)
    pxDelayedTaskList                        0x20000074   Data           4  tasks.o(.data)
    pxOverflowDelayedTaskList                0x20000078   Data           4  tasks.o(.data)
    .data                                    0x2000007c   Section       32  heap_4.o(.data)
    pxEnd                                    0x2000007c   Data           4  heap_4.o(.data)
    xFreeBytesRemaining                      0x20000080   Data           4  heap_4.o(.data)
    xMinimumEverFreeBytesRemaining           0x20000084   Data           4  heap_4.o(.data)
    xNumberOfSuccessfulAllocations           0x20000088   Data           4  heap_4.o(.data)
    xNumberOfSuccessfulFrees                 0x2000008c   Data           4  heap_4.o(.data)
    xBlockAllocatedBit                       0x20000090   Data           4  heap_4.o(.data)
    xStart                                   0x20000094   Data           8  heap_4.o(.data)
    .data                                    0x2000009c   Section       12  port.o(.data)
    ucMaxSysCallPriority                     0x2000009c   Data           1  port.o(.data)
    uxCriticalNesting                        0x200000a0   Data           4  port.o(.data)
    ulMaxPRIGROUPValue                       0x200000a4   Data           4  port.o(.data)
    .bss                                     0x200000a8   Section      596  freertos.o(.bss)
    xIdleTaskTCBBuffer                       0x200000a8   Data          84  freertos.o(.bss)
    xIdleStack                               0x200000fc   Data         512  freertos.o(.bss)
    .bss                                     0x200002fc   Section      144  tim.o(.bss)
    .bss                                     0x2000038c   Section      280  usart.o(.bss)
    .bss                                     0x200004a4   Section       72  stm32f1xx_hal_timebase_tim.o(.bss)
    .bss                                     0x200004ec   Section       12  sensor.o(.bss)
    .bss                                     0x200004f8   Section       32  key.o(.bss)
    .bss                                     0x20000518   Section      240  tasks.o(.bss)
    pxReadyTasksLists                        0x20000518   Data         140  tasks.o(.bss)
    xDelayedTaskList1                        0x200005a4   Data          20  tasks.o(.bss)
    xDelayedTaskList2                        0x200005b8   Data          20  tasks.o(.bss)
    xPendingReadyList                        0x200005cc   Data          20  tasks.o(.bss)
    xTasksWaitingTermination                 0x200005e0   Data          20  tasks.o(.bss)
    xSuspendedTaskList                       0x200005f4   Data          20  tasks.o(.bss)
    .bss                                     0x20000608   Section     3072  heap_4.o(.bss)
    ucHeap                                   0x20000608   Data        3072  heap_4.o(.bss)
    .bss                                     0x20001208   Section       96  libspace.o(.bss)
    HEAP                                     0x20001268   Section      512  startup_stm32f103xb.o(HEAP)
    Heap_Mem                                 0x20001268   Data         512  startup_stm32f103xb.o(HEAP)
    STACK                                    0x20001468   Section     1024  startup_stm32f103xb.o(STACK)
    Stack_Mem                                0x20001468   Data        1024  startup_stm32f103xb.o(STACK)
    __initial_sp                             0x20001868   Data           0  startup_stm32f103xb.o(STACK)

    Global Symbols

    Symbol Name                              Value     Ov Type        Size  Object(Section)

    BuildAttributes$$THM_ISAv4$P$D$K$B$S$PE$A:L22UL41UL21$X:L11$S22US41US21$IEEE1$IW$USESV6$~STKCKD$USESV7$~SHL$OTIME$ROPI$IEEEX$EBA8$UX$STANDARDLIB$REQ8$PRES8$EABIv2 0x00000000   Number         0  anon$$obj.o ABSOLUTE
    __ARM_use_no_argv                        0x00000000   Number         0  main.o ABSOLUTE
    __ARM_exceptions_init                     - Undefined Weak Reference
    __alloca_initialize                       - Undefined Weak Reference
    __arm_preinit_                            - Undefined Weak Reference
    __cpp_initialize__aeabi_                  - Undefined Weak Reference
    __cxa_finalize                            - Undefined Weak Reference
    __rt_locale                               - Undefined Weak Reference
    __sigvec_lookup                           - Undefined Weak Reference
    _atexit_init                              - Undefined Weak Reference
    _call_atexit_fns                          - Undefined Weak Reference
    _clock_init                               - Undefined Weak Reference
    _fp_trap_init                             - Undefined Weak Reference
    _fp_trap_shutdown                         - Undefined Weak Reference
    _get_lc_collate                           - Undefined Weak Reference
    _get_lc_ctype                             - Undefined Weak Reference
    _get_lc_monetary                          - Undefined Weak Reference
    _get_lc_numeric                           - Undefined Weak Reference
    _get_lc_time                              - Undefined Weak Reference
    _getenv_init                              - Undefined Weak Reference
    _handle_redirection                       - Undefined Weak Reference
    _init_alloc                               - Undefined Weak Reference
    _init_user_alloc                          - Undefined Weak Reference
    _initio                                   - Undefined Weak Reference
    _printf_post_padding                      - Undefined Weak Reference
    _printf_pre_padding                       - Undefined Weak Reference
    _printf_truncate_signed                   - Undefined Weak Reference
    _printf_truncate_unsigned                 - Undefined Weak Reference
    _rand_init                                - Undefined Weak Reference
    _signal_finish                            - Undefined Weak Reference
    _signal_init                              - Undefined Weak Reference
    _terminate_alloc                          - Undefined Weak Reference
    _terminate_user_alloc                     - Undefined Weak Reference
    _terminateio                              - Undefined Weak Reference
    __Vectors_Size                           0x000000ec   Number         0  startup_stm32f103xb.o ABSOLUTE
    __Vectors                                0x08000000   Data           4  startup_stm32f103xb.o(RESET)
    __Vectors_End                            0x080000ec   Data           0  startup_stm32f103xb.o(RESET)
    __main                                   0x080000ed   Thumb Code     8  __main.o(!!!main)
    __scatterload                            0x080000f5   Thumb Code     0  __scatter.o(!!!scatter)
    __scatterload_rt2                        0x080000f5   Thumb Code    44  __scatter.o(!!!scatter)
    __scatterload_rt2_thumb_only             0x080000f5   Thumb Code     0  __scatter.o(!!!scatter)
    __scatterload_null                       0x08000103   Thumb Code     0  __scatter.o(!!!scatter)
    __scatterload_copy                       0x08000129   Thumb Code    26  __scatter_copy.o(!!handler_copy)
    __scatterload_zeroinit                   0x08000145   Thumb Code    28  __scatter_zi.o(!!handler_zi)
    _printf_d                                0x08000161   Thumb Code     0  _printf_d.o(.ARM.Collect$$_printf_percent$$00000009)
    _printf_percent                          0x08000161   Thumb Code     0  _printf_percent.o(.ARM.Collect$$_printf_percent$$00000000)
    _printf_percent_end                      0x08000167   Thumb Code     0  _printf_percent_end.o(.ARM.Collect$$_printf_percent$$00000017)
    __rt_lib_init                            0x0800016b   Thumb Code     0  libinit.o(.ARM.Collect$$libinit$$00000000)
    __rt_lib_init_alloca_1                   0x0800016d   Thumb Code     0  libinit2.o(.ARM.Collect$$libinit$$0000002E)
    __rt_lib_init_argv_1                     0x0800016d   Thumb Code     0  libinit2.o(.ARM.Collect$$libinit$$0000002C)
    __rt_lib_init_atexit_1                   0x0800016d   Thumb Code     0  libinit2.o(.ARM.Collect$$libinit$$0000001B)
    __rt_lib_init_clock_1                    0x0800016d   Thumb Code     0  libinit2.o(.ARM.Collect$$libinit$$00000021)
    __rt_lib_init_cpp_1                      0x0800016d   Thumb Code     0  libinit2.o(.ARM.Collect$$libinit$$00000032)
    __rt_lib_init_exceptions_1               0x0800016d   Thumb Code     0  libinit2.o(.ARM.Collect$$libinit$$00000030)
    __rt_lib_init_fp_1                       0x0800016d   Thumb Code     0  libinit2.o(.ARM.Collect$$libinit$$00000002)
    __rt_lib_init_fp_trap_1                  0x0800016d   Thumb Code     0  libinit2.o(.ARM.Collect$$libinit$$0000001F)
    __rt_lib_init_getenv_1                   0x0800016d   Thumb Code     0  libinit2.o(.ARM.Collect$$libinit$$00000023)
    __rt_lib_init_heap_1                     0x0800016d   Thumb Code     0  libinit2.o(.ARM.Collect$$libinit$$0000000A)
    __rt_lib_init_lc_collate_1               0x0800016d   Thumb Code     0  libinit2.o(.ARM.Collect$$libinit$$00000011)
    __rt_lib_init_lc_ctype_1                 0x0800016d   Thumb Code     0  libinit2.o(.ARM.Collect$$libinit$$00000013)
    __rt_lib_init_lc_monetary_1              0x0800016d   Thumb Code     0  libinit2.o(.ARM.Collect$$libinit$$00000015)
    __rt_lib_init_lc_numeric_1               0x0800016d   Thumb Code     0  libinit2.o(.ARM.Collect$$libinit$$00000017)
    __rt_lib_init_lc_time_1                  0x0800016d   Thumb Code     0  libinit2.o(.ARM.Collect$$libinit$$00000019)
    __rt_lib_init_preinit_1                  0x0800016d   Thumb Code     0  libinit2.o(.ARM.Collect$$libinit$$00000004)
    __rt_lib_init_rand_1                     0x0800016d   Thumb Code     0  libinit2.o(.ARM.Collect$$libinit$$0000000E)
    __rt_lib_init_return                     0x0800016d   Thumb Code     0  libinit2.o(.ARM.Collect$$libinit$$00000033)
    __rt_lib_init_signal_1                   0x0800016d   Thumb Code     0  libinit2.o(.ARM.Collect$$libinit$$0000001D)
    __rt_lib_init_stdio_1                    0x0800016d   Thumb Code     0  libinit2.o(.ARM.Collect$$libinit$$00000025)
    __rt_lib_init_user_alloc_1               0x0800016d   Thumb Code     0  libinit2.o(.ARM.Collect$$libinit$$0000000C)
    __rt_lib_shutdown                        0x0800016f   Thumb Code     0  libshutdown.o(.ARM.Collect$$libshutdown$$00000000)
    __rt_lib_shutdown_cpp_1                  0x08000171   Thumb Code     0  libshutdown2.o(.ARM.Collect$$libshutdown$$00000002)
    __rt_lib_shutdown_fp_trap_1              0x08000171   Thumb Code     0  libshutdown2.o(.ARM.Collect$$libshutdown$$00000007)
    __rt_lib_shutdown_heap_1                 0x08000171   Thumb Code     0  libshutdown2.o(.ARM.Collect$$libshutdown$$0000000F)
    __rt_lib_shutdown_return                 0x08000171   Thumb Code     0  libshutdown2.o(.ARM.Collect$$libshutdown$$00000010)
    __rt_lib_shutdown_signal_1               0x08000171   Thumb Code     0  libshutdown2.o(.ARM.Collect$$libshutdown$$0000000A)
    __rt_lib_shutdown_stdio_1                0x08000171   Thumb Code     0  libshutdown2.o(.ARM.Collect$$libshutdown$$00000004)
    __rt_lib_shutdown_user_alloc_1           0x08000171   Thumb Code     0  libshutdown2.o(.ARM.Collect$$libshutdown$$0000000C)
    __rt_entry                               0x08000173   Thumb Code     0  __rtentry.o(.ARM.Collect$$rtentry$$00000000)
    __rt_entry_presh_1                       0x08000173   Thumb Code     0  __rtentry2.o(.ARM.Collect$$rtentry$$00000002)
    __rt_entry_sh                            0x08000173   Thumb Code     0  __rtentry4.o(.ARM.Collect$$rtentry$$00000004)
    __rt_entry_li                            0x08000179   Thumb Code     0  __rtentry2.o(.ARM.Collect$$rtentry$$0000000A)
    __rt_entry_postsh_1                      0x08000179   Thumb Code     0  __rtentry2.o(.ARM.Collect$$rtentry$$00000009)
    __rt_entry_main                          0x0800017d   Thumb Code     0  __rtentry2.o(.ARM.Collect$$rtentry$$0000000D)
    __rt_entry_postli_1                      0x0800017d   Thumb Code     0  __rtentry2.o(.ARM.Collect$$rtentry$$0000000C)
    __rt_exit                                0x08000185   Thumb Code     0  rtexit.o(.ARM.Collect$$rtexit$$00000000)
    __rt_exit_ls                             0x08000187   Thumb Code     0  rtexit2.o(.ARM.Collect$$rtexit$$00000003)
    __rt_exit_prels_1                        0x08000187   Thumb Code     0  rtexit2.o(.ARM.Collect$$rtexit$$00000002)
    __rt_exit_exit                           0x0800018b   Thumb Code     0  rtexit2.o(.ARM.Collect$$rtexit$$00000004)
    SVC_Handler                              0x08000191   Thumb Code    32  port.o(.emb_text)
    __asm___6_port_c_39a90d8d__prvStartFirstTask 0x080001b5   Thumb Code    28  port.o(.emb_text)
    PendSV_Handler                           0x080001d5   Thumb Code    72  port.o(.emb_text)
    vPortGetIPSR                             0x08000221   Thumb Code     6  port.o(.emb_text)
    Reset_Handler                            0x08000229   Thumb Code     8  startup_stm32f103xb.o(.text)
    ADC1_2_IRQHandler                        0x08000243   Thumb Code     0  startup_stm32f103xb.o(.text)
    CAN1_RX1_IRQHandler                      0x08000243   Thumb Code     0  startup_stm32f103xb.o(.text)
    CAN1_SCE_IRQHandler                      0x08000243   Thumb Code     0  startup_stm32f103xb.o(.text)
    DMA1_Channel1_IRQHandler                 0x08000243   Thumb Code     0  startup_stm32f103xb.o(.text)
    DMA1_Channel2_IRQHandler                 0x08000243   Thumb Code     0  startup_stm32f103xb.o(.text)
    DMA1_Channel3_IRQHandler                 0x08000243   Thumb Code     0  startup_stm32f103xb.o(.text)
    DMA1_Channel6_IRQHandler                 0x08000243   Thumb Code     0  startup_stm32f103xb.o(.text)
    DMA1_Channel7_IRQHandler                 0x08000243   Thumb Code     0  startup_stm32f103xb.o(.text)
    EXTI0_IRQHandler                         0x08000243   Thumb Code     0  startup_stm32f103xb.o(.text)
    EXTI15_10_IRQHandler                     0x08000243   Thumb Code     0  startup_stm32f103xb.o(.text)
    EXTI1_IRQHandler                         0x08000243   Thumb Code     0  startup_stm32f103xb.o(.text)
    EXTI2_IRQHandler                         0x08000243   Thumb Code     0  startup_stm32f103xb.o(.text)
    EXTI3_IRQHandler                         0x08000243   Thumb Code     0  startup_stm32f103xb.o(.text)
    EXTI4_IRQHandler                         0x08000243   Thumb Code     0  startup_stm32f103xb.o(.text)
    EXTI9_5_IRQHandler                       0x08000243   Thumb Code     0  startup_stm32f103xb.o(.text)
    FLASH_IRQHandler                         0x08000243   Thumb Code     0  startup_stm32f103xb.o(.text)
    I2C1_ER_IRQHandler                       0x08000243   Thumb Code     0  startup_stm32f103xb.o(.text)
    I2C1_EV_IRQHandler                       0x08000243   Thumb Code     0  startup_stm32f103xb.o(.text)
    I2C2_ER_IRQHandler                       0x08000243   Thumb Code     0  startup_stm32f103xb.o(.text)
    I2C2_EV_IRQHandler                       0x08000243   Thumb Code     0  startup_stm32f103xb.o(.text)
    PVD_IRQHandler                           0x08000243   Thumb Code     0  startup_stm32f103xb.o(.text)
    RCC_IRQHandler                           0x08000243   Thumb Code     0  startup_stm32f103xb.o(.text)
    RTC_Alarm_IRQHandler                     0x08000243   Thumb Code     0  startup_stm32f103xb.o(.text)
    RTC_IRQHandler                           0x08000243   Thumb Code     0  startup_stm32f103xb.o(.text)
    SPI1_IRQHandler                          0x08000243   Thumb Code     0  startup_stm32f103xb.o(.text)
    SPI2_IRQHandler                          0x08000243   Thumb Code     0  startup_stm32f103xb.o(.text)
    TAMPER_IRQHandler                        0x08000243   Thumb Code     0  startup_stm32f103xb.o(.text)
    TIM1_BRK_IRQHandler                      0x08000243   Thumb Code     0  startup_stm32f103xb.o(.text)
    TIM1_CC_IRQHandler                       0x08000243   Thumb Code     0  startup_stm32f103xb.o(.text)
    TIM1_TRG_COM_IRQHandler                  0x08000243   Thumb Code     0  startup_stm32f103xb.o(.text)
    TIM1_UP_IRQHandler                       0x08000243   Thumb Code     0  startup_stm32f103xb.o(.text)
    TIM2_IRQHandler                          0x08000243   Thumb Code     0  startup_stm32f103xb.o(.text)
    TIM3_IRQHandler                          0x08000243   Thumb Code     0  startup_stm32f103xb.o(.text)
    USART1_IRQHandler                        0x08000243   Thumb Code     0  startup_stm32f103xb.o(.text)
    USART2_IRQHandler                        0x08000243   Thumb Code     0  startup_stm32f103xb.o(.text)
    USART3_IRQHandler                        0x08000243   Thumb Code     0  startup_stm32f103xb.o(.text)
    USBWakeUp_IRQHandler                     0x08000243   Thumb Code     0  startup_stm32f103xb.o(.text)
    USB_HP_CAN1_TX_IRQHandler                0x08000243   Thumb Code     0  startup_stm32f103xb.o(.text)
    USB_LP_CAN1_RX0_IRQHandler               0x08000243   Thumb Code     0  startup_stm32f103xb.o(.text)
    WWDG_IRQHandler                          0x08000243   Thumb Code     0  startup_stm32f103xb.o(.text)
    __user_initial_stackheap                 0x08000245   Thumb Code     0  startup_stm32f103xb.o(.text)
    __2sprintf                               0x08000269   Thumb Code    34  noretval__2sprintf.o(.text)
    __printf                                 0x08000291   Thumb Code   104  __printf.o(.text)
    _printf_int_dec                          0x080002f9   Thumb Code   104  _printf_dec.o(.text)
    strlen                                   0x08000371   Thumb Code    62  strlen.o(.text)
    __aeabi_memcpy                           0x080003af   Thumb Code     0  rt_memcpy_v6.o(.text)
    __rt_memcpy                              0x080003af   Thumb Code   138  rt_memcpy_v6.o(.text)
    _memcpy_lastbytes                        0x08000415   Thumb Code     0  rt_memcpy_v6.o(.text)
    __aeabi_memcpy4                          0x08000439   Thumb Code     0  rt_memcpy_w.o(.text)
    __aeabi_memcpy8                          0x08000439   Thumb Code     0  rt_memcpy_w.o(.text)
    __rt_memcpy_w                            0x08000439   Thumb Code   100  rt_memcpy_w.o(.text)
    _memcpy_lastbytes_aligned                0x08000481   Thumb Code     0  rt_memcpy_w.o(.text)
    __aeabi_memclr                           0x0800049d   Thumb Code     0  rt_memclr.o(.text)
    __rt_memclr                              0x0800049d   Thumb Code    68  rt_memclr.o(.text)
    _memset                                  0x080004a1   Thumb Code     0  rt_memclr.o(.text)
    __aeabi_memclr4                          0x080004e1   Thumb Code     0  rt_memclr_w.o(.text)
    __aeabi_memclr8                          0x080004e1   Thumb Code     0  rt_memclr_w.o(.text)
    __rt_memclr_w                            0x080004e1   Thumb Code    78  rt_memclr_w.o(.text)
    _memset_w                                0x080004e5   Thumb Code     0  rt_memclr_w.o(.text)
    __use_two_region_memory                  0x0800052f   Thumb Code     2  heapauxi.o(.text)
    __rt_heap_escrow$2region                 0x08000531   Thumb Code     2  heapauxi.o(.text)
    __rt_heap_expand$2region                 0x08000533   Thumb Code     2  heapauxi.o(.text)
    _printf_int_common                       0x08000535   Thumb Code   178  _printf_intcommon.o(.text)
    _printf_char_common                      0x080005f3   Thumb Code    32  _printf_char_common.o(.text)
    _sputc                                   0x08000619   Thumb Code    10  _sputc.o(.text)
    __user_libspace                          0x08000625   Thumb Code     8  libspace.o(.text)
    __user_perproc_libspace                  0x08000625   Thumb Code     0  libspace.o(.text)
    __user_perthread_libspace                0x08000625   Thumb Code     0  libspace.o(.text)
    __user_setup_stackheap                   0x0800062d   Thumb Code    74  sys_stackheap_outer.o(.text)
    exit                                     0x08000677   Thumb Code    18  exit.o(.text)
    _sys_exit                                0x08000689   Thumb Code     8  sys_exit.o(.text)
    __I$use$semihosting                      0x08000695   Thumb Code     0  use_no_semi.o(.text)
    __use_no_semihosting_swi                 0x08000695   Thumb Code     2  use_no_semi.o(.text)
    BusFault_Handler                         0x08000697   Thumb Code     2  stm32f1xx_it.o(i.BusFault_Handler)
    __semihosting_library_function           0x08000697   Thumb Code     0  indicate_semi.o(.text)
    Cast_Task                                0x08000699   Thumb Code   304  bsp_task.o(i.Cast_Task)
    DMA1_Channel4_IRQHandler                 0x080007dd   Thumb Code     6  stm32f1xx_it.o(i.DMA1_Channel4_IRQHandler)
    DMA1_Channel5_IRQHandler                 0x080007e9   Thumb Code     6  stm32f1xx_it.o(i.DMA1_Channel5_IRQHandler)
    DMA_Usart_Send                           0x08000821   Thumb Code    26  bsp_uart.o(i.DMA_Usart_Send)
    Data_Resolve                             0x08000841   Thumb Code    36  bsp_uart.o(i.Data_Resolve)
    DebugMon_Handler                         0x08000869   Thumb Code     2  stm32f1xx_it.o(i.DebugMon_Handler)
    Display_Task                             0x0800086d   Thumb Code   130  bsp_task.o(i.Display_Task)
    Error_Handler                            0x08000981   Thumb Code     4  main.o(i.Error_Handler)
    HAL_DMA_IRQHandler                       0x08000985   Thumb Code   316  stm32f1xx_hal_dma.o(i.HAL_DMA_IRQHandler)
    HAL_DMA_Init                             0x08000ad9   Thumb Code    84  stm32f1xx_hal_dma.o(i.HAL_DMA_Init)
    HAL_DMA_Start_IT                         0x08000b35   Thumb Code   112  stm32f1xx_hal_dma.o(i.HAL_DMA_Start_IT)
    HAL_Delay                                0x08000ba5   Thumb Code    32  stm32f1xx_hal.o(i.HAL_Delay)
    HAL_GPIO_Init                            0x08000bc9   Thumb Code   446  stm32f1xx_hal_gpio.o(i.HAL_GPIO_Init)
    HAL_GPIO_ReadPin                         0x08000da9   Thumb Code    10  stm32f1xx_hal_gpio.o(i.HAL_GPIO_ReadPin)
    HAL_GPIO_WritePin                        0x08000db3   Thumb Code    10  stm32f1xx_hal_gpio.o(i.HAL_GPIO_WritePin)
    HAL_GetTick                              0x08000dbd   Thumb Code     6  stm32f1xx_hal.o(i.HAL_GetTick)
    HAL_IncTick                              0x08000dc9   Thumb Code    12  stm32f1xx_hal.o(i.HAL_IncTick)
    HAL_Init                                 0x08000dd9   Thumb Code    32  stm32f1xx_hal.o(i.HAL_Init)
    HAL_InitTick                             0x08000dfd   Thumb Code   132  stm32f1xx_hal_timebase_tim.o(i.HAL_InitTick)
    HAL_MspInit                              0x08000e95   Thumb Code    62  stm32f1xx_hal_msp.o(i.HAL_MspInit)
    HAL_NVIC_EnableIRQ                       0x08000edd   Thumb Code    26  stm32f1xx_hal_cortex.o(i.HAL_NVIC_EnableIRQ)
    HAL_NVIC_SetPriority                     0x08000ef9   Thumb Code    60  stm32f1xx_hal_cortex.o(i.HAL_NVIC_SetPriority)
    HAL_NVIC_SetPriorityGrouping             0x08000f39   Thumb Code    26  stm32f1xx_hal_cortex.o(i.HAL_NVIC_SetPriorityGrouping)
    HAL_RCC_ClockConfig                      0x08000f5d   Thumb Code   280  stm32f1xx_hal_rcc.o(i.HAL_RCC_ClockConfig)
    HAL_RCC_GetClockConfig                   0x08001089   Thumb Code    54  stm32f1xx_hal_rcc.o(i.HAL_RCC_GetClockConfig)
    HAL_RCC_GetPCLK1Freq                     0x080010c9   Thumb Code    20  stm32f1xx_hal_rcc.o(i.HAL_RCC_GetPCLK1Freq)
    HAL_RCC_GetPCLK2Freq                     0x080010e9   Thumb Code    20  stm32f1xx_hal_rcc.o(i.HAL_RCC_GetPCLK2Freq)
    HAL_RCC_GetSysClockFreq                  0x08001109   Thumb Code    58  stm32f1xx_hal_rcc.o(i.HAL_RCC_GetSysClockFreq)
    HAL_RCC_OscConfig                        0x08001155   Thumb Code   778  stm32f1xx_hal_rcc.o(i.HAL_RCC_OscConfig)
    HAL_TIMEx_BreakCallback                  0x08001475   Thumb Code     2  stm32f1xx_hal_tim_ex.o(i.HAL_TIMEx_BreakCallback)
    HAL_TIMEx_CommutCallback                 0x08001477   Thumb Code     2  stm32f1xx_hal_tim_ex.o(i.HAL_TIMEx_CommutCallback)
    HAL_TIMEx_MasterConfigSynchronization    0x08001479   Thumb Code    92  stm32f1xx_hal_tim_ex.o(i.HAL_TIMEx_MasterConfigSynchronization)
    HAL_TIM_Base_Init                        0x080014e1   Thumb Code    90  stm32f1xx_hal_tim.o(i.HAL_TIM_Base_Init)
    HAL_TIM_Base_MspInit                     0x0800153b   Thumb Code     2  stm32f1xx_hal_tim.o(i.HAL_TIM_Base_MspInit)
    HAL_TIM_Base_Start_IT                    0x0800153d   Thumb Code    76  stm32f1xx_hal_tim.o(i.HAL_TIM_Base_Start_IT)
    HAL_TIM_IC_CaptureCallback               0x08001595   Thumb Code     2  stm32f1xx_hal_tim.o(i.HAL_TIM_IC_CaptureCallback)
    HAL_TIM_IRQHandler                       0x08001597   Thumb Code   304  stm32f1xx_hal_tim.o(i.HAL_TIM_IRQHandler)
    HAL_TIM_MspPostInit                      0x080016c9   Thumb Code    88  tim.o(i.HAL_TIM_MspPostInit)
    HAL_TIM_OC_DelayElapsedCallback          0x0800172d   Thumb Code     2  stm32f1xx_hal_tim.o(i.HAL_TIM_OC_DelayElapsedCallback)
    HAL_TIM_PWM_ConfigChannel                0x0800172f   Thumb Code   204  stm32f1xx_hal_tim.o(i.HAL_TIM_PWM_ConfigChannel)
    HAL_TIM_PWM_Init                         0x080017fb   Thumb Code    90  stm32f1xx_hal_tim.o(i.HAL_TIM_PWM_Init)
    HAL_TIM_PWM_MspInit                      0x08001855   Thumb Code    52  tim.o(i.HAL_TIM_PWM_MspInit)
    HAL_TIM_PWM_PulseFinishedCallback        0x08001891   Thumb Code     2  stm32f1xx_hal_tim.o(i.HAL_TIM_PWM_PulseFinishedCallback)
    HAL_TIM_PWM_Start                        0x08001895   Thumb Code   144  stm32f1xx_hal_tim.o(i.HAL_TIM_PWM_Start)
    HAL_TIM_PeriodElapsedCallback            0x08001931   Thumb Code    14  main.o(i.HAL_TIM_PeriodElapsedCallback)
    HAL_TIM_TriggerCallback                  0x08001945   Thumb Code     2  stm32f1xx_hal_tim.o(i.HAL_TIM_TriggerCallback)
    HAL_UARTEx_RxEventCallback               0x08001947   Thumb Code     2  stm32f1xx_hal_uart.o(i.HAL_UARTEx_RxEventCallback)
    HAL_UART_ErrorCallback                   0x08001949   Thumb Code     2  stm32f1xx_hal_uart.o(i.HAL_UART_ErrorCallback)
    HAL_UART_Init                            0x0800194b   Thumb Code   100  stm32f1xx_hal_uart.o(i.HAL_UART_Init)
    HAL_UART_MspInit                         0x080019b1   Thumb Code   252  usart.o(i.HAL_UART_MspInit)
    HAL_UART_Receive_DMA                     0x08001ac9   Thumb Code    28  stm32f1xx_hal_uart.o(i.HAL_UART_Receive_DMA)
    HAL_UART_RxCpltCallback                  0x08001ae5   Thumb Code     2  stm32f1xx_hal_uart.o(i.HAL_UART_RxCpltCallback)
    HAL_UART_RxHalfCpltCallback              0x08001ae7   Thumb Code     2  stm32f1xx_hal_uart.o(i.HAL_UART_RxHalfCpltCallback)
    HAL_UART_Transmit                        0x08001ae9   Thumb Code   160  stm32f1xx_hal_uart.o(i.HAL_UART_Transmit)
    HAL_UART_Transmit_DMA                    0x08001b89   Thumb Code   106  stm32f1xx_hal_uart.o(i.HAL_UART_Transmit_DMA)
    HAL_UART_TxCpltCallback                  0x08001c01   Thumb Code     2  stm32f1xx_hal_uart.o(i.HAL_UART_TxCpltCallback)
    HAL_UART_TxHalfCpltCallback              0x08001c03   Thumb Code     2  stm32f1xx_hal_uart.o(i.HAL_UART_TxHalfCpltCallback)
    HardFault_Handler                        0x08001c05   Thumb Code     2  stm32f1xx_it.o(i.HardFault_Handler)
    I2CReceiveByte                           0x08001c07   Thumb Code    78  eeprom.o(i.I2CReceiveByte)
    I2CSendByte                              0x08001c55   Thumb Code    78  eeprom.o(i.I2CSendByte)
    I2CSendNotAck                            0x08001ca3   Thumb Code    48  eeprom.o(i.I2CSendNotAck)
    I2CStart                                 0x08001cd3   Thumb Code    54  eeprom.o(i.I2CStart)
    I2CStop                                  0x08001d09   Thumb Code    54  eeprom.o(i.I2CStop)
    I2CWaitAck                               0x08001d3f   Thumb Code    78  eeprom.o(i.I2CWaitAck)
    IIC_Start                                0x08001d8d   Thumb Code    52  oled.o(i.IIC_Start)
    IIC_Stop                                 0x08001dc5   Thumb Code    40  oled.o(i.IIC_Stop)
    IIC_Wait_Ack                             0x08001df1   Thumb Code    30  oled.o(i.IIC_Wait_Ack)
    Init_Task                                0x08001e15   Thumb Code   140  bsp_task.o(i.Init_Task)
    Key_Read                                 0x08001eb1   Thumb Code   164  key.o(i.Key_Read)
    Key_Task                                 0x08001f5d   Thumb Code   258  bsp_task.o(i.Key_Task)
    Loop_Task                                0x0800206d   Thumb Code    24  freertos.o(i.Loop_Task)
    MX_DMA_Init                              0x08002085   Thumb Code    56  dma.o(i.MX_DMA_Init)
    MX_FREERTOS_Init                         0x080020c1   Thumb Code    96  freertos.o(i.MX_FREERTOS_Init)
    MX_GPIO_Init                             0x08002129   Thumb Code   218  gpio.o(i.MX_GPIO_Init)
    MX_TIM2_Init                             0x08002211   Thumb Code   138  tim.o(i.MX_TIM2_Init)
    MX_TIM3_Init                             0x080022a1   Thumb Code   122  tim.o(i.MX_TIM3_Init)
    MX_USART1_UART_Init                      0x08002325   Thumb Code    48  usart.o(i.MX_USART1_UART_Init)
    MX_USART3_UART_Init                      0x0800235d   Thumb Code    48  usart.o(i.MX_USART3_UART_Init)
    Main_Task                                0x08002395   Thumb Code    58  bsp_task.o(i.Main_Task)
    MemManage_Handler                        0x080023dd   Thumb Code     2  stm32f1xx_it.o(i.MemManage_Handler)
    Motor_Control                            0x080023e1   Thumb Code   112  bsp_motor.o(i.Motor_Control)
    NMI_Handler                              0x0800245d   Thumb Code     2  stm32f1xx_it.o(i.NMI_Handler)
    OLED_Clear                               0x0800245f   Thumb Code    58  oled.o(i.OLED_Clear)
    OLED_Init                                0x08002499   Thumb Code   294  oled.o(i.OLED_Init)
    OLED_Set_Pos                             0x080025c9   Thumb Code    46  oled.o(i.OLED_Set_Pos)
    OLED_ShowChar                            0x080025f9   Thumb Code   128  oled.o(i.OLED_ShowChar)
    OLED_ShowString                          0x08002681   Thumb Code    54  oled.o(i.OLED_ShowString)
    OLED_WR_Byte                             0x080026b7   Thumb Code    12  oled.o(i.OLED_WR_Byte)
    SCL_Output                               0x080026c5   Thumb Code    20  eeprom.o(i.SCL_Output)
    SDA_Input                                0x080026dd   Thumb Code    18  eeprom.o(i.SDA_Input)
    SDA_Input_Mode                           0x080026f5   Thumb Code    28  eeprom.o(i.SDA_Input_Mode)
    SDA_Output                               0x08002715   Thumb Code    20  eeprom.o(i.SDA_Output)
    SDA_Output_Mode                          0x0800272d   Thumb Code    28  eeprom.o(i.SDA_Output_Mode)
    SYN_FrameInfo                            0x0800274d   Thumb Code   116  syn6288.o(i.SYN_FrameInfo)
    Sensor_Judge                             0x080027c5   Thumb Code   220  sensor.o(i.Sensor_Judge)
    Sensor_Read                              0x080028c9   Thumb Code   106  sensor.o(i.Sensor_Read)
    Sensor_Task                              0x08002941   Thumb Code    16  freertos.o(i.Sensor_Task)
    Servo_Control                            0x08002951   Thumb Code    76  bsp_servo.o(i.Servo_Control)
    StartDefaultTask                         0x080029ad   Thumb Code     2  freertos.o(i.StartDefaultTask)
    SysTick_Handler                          0x080029b1   Thumb Code    38  port.o(i.SysTick_Handler)
    SystemClock_Config                       0x080029dd   Thumb Code    94  main.o(i.SystemClock_Config)
    SystemInit                               0x08002a3b   Thumb Code     2  system_stm32f1xx.o(i.SystemInit)
    TIM4_IRQHandler                          0x08002a3d   Thumb Code     6  stm32f1xx_it.o(i.TIM4_IRQHandler)
    TIM_Base_SetConfig                       0x08002a49   Thumb Code   108  stm32f1xx_hal_tim.o(i.TIM_Base_SetConfig)
    TIM_CCxChannelCmd                        0x08002ac1   Thumb Code    26  stm32f1xx_hal_tim.o(i.TIM_CCxChannelCmd)
    TIM_OC2_SetConfig                        0x08002b2d   Thumb Code    84  stm32f1xx_hal_tim.o(i.TIM_OC2_SetConfig)
    UART_Start_Receive_DMA                   0x08002e7d   Thumb Code   130  stm32f1xx_hal_uart.o(i.UART_Start_Receive_DMA)
    Uart_Task                                0x08002f81   Thumb Code    38  freertos.o(i.Uart_Task)
    UsageFault_Handler                       0x08002fb9   Thumb Code     2  stm32f1xx_it.o(i.UsageFault_Handler)
    Write_IIC_Byte                           0x08002fbd   Thumb Code    86  oled.o(i.Write_IIC_Byte)
    Write_IIC_Command                        0x08003019   Thumb Code    46  oled.o(i.Write_IIC_Command)
    Write_IIC_Data                           0x08003047   Thumb Code    46  oled.o(i.Write_IIC_Data)
    eeprom_read                              0x080030a1   Thumb Code    64  eeprom.o(i.eeprom_read)
    eeprom_write                             0x080030e1   Thumb Code    48  eeprom.o(i.eeprom_write)
    main                                     0x08003111   Thumb Code    94  main.o(i.main)
    osDelay                                  0x08003185   Thumb Code    14  cmsis_os.o(i.osDelay)
    osKernelStart                            0x08003193   Thumb Code    10  cmsis_os.o(i.osKernelStart)
    osThreadCreate                           0x0800319d   Thumb Code    84  cmsis_os.o(i.osThreadCreate)
    pvPortMalloc                             0x0800353d   Thumb Code   216  heap_4.o(i.pvPortMalloc)
    pxPortInitialiseStack                    0x08003619   Thumb Code    32  port.o(i.pxPortInitialiseStack)
    uxListRemove                             0x0800363d   Thumb Code    38  list.o(i.uxListRemove)
    vApplicationGetIdleTaskMemory            0x08003665   Thumb Code    16  freertos.o(i.vApplicationGetIdleTaskMemory)
    vListInitialise                          0x08003679   Thumb Code    22  list.o(i.vListInitialise)
    vListInitialiseItem                      0x0800368f   Thumb Code     6  list.o(i.vListInitialiseItem)
    vListInsert                              0x08003695   Thumb Code    48  list.o(i.vListInsert)
    vListInsertEnd                           0x080036c5   Thumb Code    24  list.o(i.vListInsertEnd)
    vPortEnterCritical                       0x080036dd   Thumb Code    54  port.o(i.vPortEnterCritical)
    vPortExitCritical                        0x0800371d   Thumb Code    34  port.o(i.vPortExitCritical)
    vPortFree                                0x08003745   Thumb Code    94  heap_4.o(i.vPortFree)
    vPortSetupTimerInterrupt                 0x080037a9   Thumb Code    32  port.o(i.vPortSetupTimerInterrupt)
    vTaskDelay                               0x080037cd   Thumb Code    66  tasks.o(i.vTaskDelay)
    vTaskStartScheduler                      0x08003819   Thumb Code    90  tasks.o(i.vTaskStartScheduler)
    vTaskSuspendAll                          0x08003885   Thumb Code    10  tasks.o(i.vTaskSuspendAll)
    vTaskSwitchContext                       0x08003895   Thumb Code    82  tasks.o(i.vTaskSwitchContext)
    xPortStartScheduler                      0x080038f1   Thumb Code   154  port.o(i.xPortStartScheduler)
    xTaskCreate                              0x08003999   Thumb Code    90  tasks.o(i.xTaskCreate)
    xTaskCreateStatic                        0x080039f3   Thumb Code    86  tasks.o(i.xTaskCreateStatic)
    xTaskIncrementTick                       0x08003a49   Thumb Code   194  tasks.o(i.xTaskIncrementTick)
    xTaskResumeAll                           0x08003b15   Thumb Code   182  tasks.o(i.xTaskResumeAll)
    __aeabi_fadd                             0x08003bd9   Thumb Code     0  faddsub_clz.o(x$fpl$fadd)
    _fadd                                    0x08003bd9   Thumb Code   196  faddsub_clz.o(x$fpl$fadd)
    __aeabi_fdiv                             0x08003c9d   Thumb Code     0  fdiv.o(x$fpl$fdiv)
    _fdiv                                    0x08003c9d   Thumb Code   384  fdiv.o(x$fpl$fdiv)
    __aeabi_f2uiz                            0x08003e21   Thumb Code     0  ffixu.o(x$fpl$ffixu)
    _ffixu                                   0x08003e21   Thumb Code    62  ffixu.o(x$fpl$ffixu)
    __aeabi_ui2f                             0x08003e61   Thumb Code     0  fflt_clz.o(x$fpl$ffltu)
    _ffltu                                   0x08003e61   Thumb Code    38  fflt_clz.o(x$fpl$ffltu)
    __fpl_fnaninf                            0x08003e87   Thumb Code   140  fnaninf.o(x$fpl$fnaninf)
    __fpl_fretinf                            0x08003f13   Thumb Code    10  fretinf.o(x$fpl$fretinf)
    __aeabi_fsub                             0x08003f1d   Thumb Code     0  faddsub_clz.o(x$fpl$fsub)
    _fsub                                    0x08003f1d   Thumb Code   234  faddsub_clz.o(x$fpl$fsub)
    __I$use$fp                               0x08004006   Number         0  usenofp.o(x$fpl$usenofp)
    AHBPrescTable                            0x0800408a   Data          16  system_stm32f1xx.o(.constdata)
    APBPrescTable                            0x0800409a   Data           8  system_stm32f1xx.o(.constdata)
    F6x8                                     0x080040a2   Data         552  oled.o(.constdata)
    F8X16                                    0x080042ca   Data        1520  oled.o(.constdata)
    Region$$Table$$Base                      0x080048ec   Number         0  anon$$obj.o(Region$$Table)
    Region$$Table$$Limit                     0x0800490c   Number         0  anon$$obj.o(Region$$Table)
    defaultTaskHandle                        0x20000000   Data           4  freertos.o(.data)
    UartTaskHandle                           0x20000004   Data           4  freertos.o(.data)
    LoopTaskHandle                           0x20000008   Data           4  freertos.o(.data)
    SensorTaskHandle                         0x2000000c   Data           4  freertos.o(.data)
    rx_len                                   0x20000010   Data           1  usart.o(.data)
    tx_len                                   0x20000011   Data           1  usart.o(.data)
    rx_buffer                                0x20000012   Data           3  usart.o(.data)
    tx_buffer                                0x20000015   Data           3  usart.o(.data)
    uwTickFreq                               0x20000018   Data           1  stm32f1xx_hal.o(.data)
    uwTickPrio                               0x2000001c   Data           4  stm32f1xx_hal.o(.data)
    uwTick                                   0x20000020   Data           4  stm32f1xx_hal.o(.data)
    SystemCoreClock                          0x20000024   Data           4  system_stm32f1xx.o(.data)
    Uart_Flag                                0x20000028   Data           1  bsp_uart.o(.data)
    motor                                    0x2000002a   Data           6  bsp_motor.o(.data)
    sensor_time                              0x20000030   Data           4  sensor.o(.data)
    motor_flag                               0x20000034   Data           1  bsp_task.o(.data)
    Cast2_flag                               0x20000035   Data           1  bsp_task.o(.data)
    time_flag                                0x20000038   Data           4  bsp_task.o(.data)
    time2_flag                               0x2000003c   Data           4  bsp_task.o(.data)
    pxCurrentTCB                             0x20000040   Data           4  tasks.o(.data)
    htim2                                    0x200002fc   Data          72  tim.o(.bss)
    htim3                                    0x20000344   Data          72  tim.o(.bss)
    huart1                                   0x2000038c   Data          72  usart.o(.bss)
    huart3                                   0x200003d4   Data          72  usart.o(.bss)
    hdma_usart1_rx                           0x2000041c   Data          68  usart.o(.bss)
    hdma_usart1_tx                           0x20000460   Data          68  usart.o(.bss)
    htim4                                    0x200004a4   Data          72  stm32f1xx_hal_timebase_tim.o(.bss)
    sensor                                   0x200004ec   Data          12  sensor.o(.bss)
    key                                      0x200004f8   Data          32  key.o(.bss)
    __libspace_start                         0x20001208   Data          96  libspace.o(.bss)
    __temporary_stack_top$libspace           0x20001268   Data           0  libspace.o(.bss)



==============================================================================

Memory Map of the image

  Image Entry point : 0x080000ed

  Load Region LR_IROM1 (Base: 0x08000000, Size: 0x000049b4, Max: 0x00010000, ABSOLUTE)

    Execution Region ER_IROM1 (Exec base: 0x08000000, Load base: 0x08000000, Size: 0x0000490c, Max: 0x00010000, ABSOLUTE)

    Exec Addr    Load Addr    Size         Type   Attr      Idx    E Section Name        Object

    0x08000000   0x08000000   0x000000ec   Data   RO            3    RESET               startup_stm32f103xb.o
    0x080000ec   0x080000ec   0x00000008   Code   RO         4888  * !!!main             c_w.l(__main.o)
    0x080000f4   0x080000f4   0x00000034   Code   RO         5165    !!!scatter          c_w.l(__scatter.o)
    0x08000128   0x08000128   0x0000001a   Code   RO         5167    !!handler_copy      c_w.l(__scatter_copy.o)
    0x08000142   0x08000142   0x00000002   PAD
    0x08000144   0x08000144   0x0000001c   Code   RO         5169    !!handler_zi        c_w.l(__scatter_zi.o)
    0x08000160   0x08000160   0x00000000   Code   RO         4873    .ARM.Collect$$_printf_percent$$00000000  c_w.l(_printf_percent.o)
    0x08000160   0x08000160   0x00000006   Code   RO         4872    .ARM.Collect$$_printf_percent$$00000009  c_w.l(_printf_d.o)
    0x08000166   0x08000166   0x00000004   Code   RO         4953    .ARM.Collect$$_printf_percent$$00000017  c_w.l(_printf_percent_end.o)
    0x0800016a   0x0800016a   0x00000002   Code   RO         5034    .ARM.Collect$$libinit$$00000000  c_w.l(libinit.o)
    0x0800016c   0x0800016c   0x00000000   Code   RO         5040    .ARM.Collect$$libinit$$00000002  c_w.l(libinit2.o)
    0x0800016c   0x0800016c   0x00000000   Code   RO         5042    .ARM.Collect$$libinit$$00000004  c_w.l(libinit2.o)
    0x0800016c   0x0800016c   0x00000000   Code   RO         5045    .ARM.Collect$$libinit$$0000000A  c_w.l(libinit2.o)
    0x0800016c   0x0800016c   0x00000000   Code   RO         5047    .ARM.Collect$$libinit$$0000000C  c_w.l(libinit2.o)
    0x0800016c   0x0800016c   0x00000000   Code   RO         5049    .ARM.Collect$$libinit$$0000000E  c_w.l(libinit2.o)
    0x0800016c   0x0800016c   0x00000000   Code   RO         5052    .ARM.Collect$$libinit$$00000011  c_w.l(libinit2.o)
    0x0800016c   0x0800016c   0x00000000   Code   RO         5054    .ARM.Collect$$libinit$$00000013  c_w.l(libinit2.o)
    0x0800016c   0x0800016c   0x00000000   Code   RO         5056    .ARM.Collect$$libinit$$00000015  c_w.l(libinit2.o)
    0x0800016c   0x0800016c   0x00000000   Code   RO         5058    .ARM.Collect$$libinit$$00000017  c_w.l(libinit2.o)
    0x0800016c   0x0800016c   0x00000000   Code   RO         5060    .ARM.Collect$$libinit$$00000019  c_w.l(libinit2.o)
    0x0800016c   0x0800016c   0x00000000   Code   RO         5062    .ARM.Collect$$libinit$$0000001B  c_w.l(libinit2.o)
    0x0800016c   0x0800016c   0x00000000   Code   RO         5064    .ARM.Collect$$libinit$$0000001D  c_w.l(libinit2.o)
    0x0800016c   0x0800016c   0x00000000   Code   RO         5066    .ARM.Collect$$libinit$$0000001F  c_w.l(libinit2.o)
    0x0800016c   0x0800016c   0x00000000   Code   RO         5068    .ARM.Collect$$libinit$$00000021  c_w.l(libinit2.o)
    0x0800016c   0x0800016c   0x00000000   Code   RO         5070    .ARM.Collect$$libinit$$00000023  c_w.l(libinit2.o)
    0x0800016c   0x0800016c   0x00000000   Code   RO         5072    .ARM.Collect$$libinit$$00000025  c_w.l(libinit2.o)
    0x0800016c   0x0800016c   0x00000000   Code   RO         5076    .ARM.Collect$$libinit$$0000002C  c_w.l(libinit2.o)
    0x0800016c   0x0800016c   0x00000000   Code   RO         5078    .ARM.Collect$$libinit$$0000002E  c_w.l(libinit2.o)
    0x0800016c   0x0800016c   0x00000000   Code   RO         5080    .ARM.Collect$$libinit$$00000030  c_w.l(libinit2.o)
    0x0800016c   0x0800016c   0x00000000   Code   RO         5082    .ARM.Collect$$libinit$$00000032  c_w.l(libinit2.o)
    0x0800016c   0x0800016c   0x00000002   Code   RO         5083    .ARM.Collect$$libinit$$00000033  c_w.l(libinit2.o)
    0x0800016e   0x0800016e   0x00000002   Code   RO         5105    .ARM.Collect$$libshutdown$$00000000  c_w.l(libshutdown.o)
    0x08000170   0x08000170   0x00000000   Code   RO         5118    .ARM.Collect$$libshutdown$$00000002  c_w.l(libshutdown2.o)
    0x08000170   0x08000170   0x00000000   Code   RO         5120    .ARM.Collect$$libshutdown$$00000004  c_w.l(libshutdown2.o)
    0x08000170   0x08000170   0x00000000   Code   RO         5123    .ARM.Collect$$libshutdown$$00000007  c_w.l(libshutdown2.o)
    0x08000170   0x08000170   0x00000000   Code   RO         5126    .ARM.Collect$$libshutdown$$0000000A  c_w.l(libshutdown2.o)
    0x08000170   0x08000170   0x00000000   Code   RO         5128    .ARM.Collect$$libshutdown$$0000000C  c_w.l(libshutdown2.o)
    0x08000170   0x08000170   0x00000000   Code   RO         5131    .ARM.Collect$$libshutdown$$0000000F  c_w.l(libshutdown2.o)
    0x08000170   0x08000170   0x00000002   Code   RO         5132    .ARM.Collect$$libshutdown$$00000010  c_w.l(libshutdown2.o)
    0x08000172   0x08000172   0x00000000   Code   RO         4944    .ARM.Collect$$rtentry$$00000000  c_w.l(__rtentry.o)
    0x08000172   0x08000172   0x00000000   Code   RO         4997    .ARM.Collect$$rtentry$$00000002  c_w.l(__rtentry2.o)
    0x08000172   0x08000172   0x00000006   Code   RO         5009    .ARM.Collect$$rtentry$$00000004  c_w.l(__rtentry4.o)
    0x08000178   0x08000178   0x00000000   Code   RO         4999    .ARM.Collect$$rtentry$$00000009  c_w.l(__rtentry2.o)
    0x08000178   0x08000178   0x00000004   Code   RO         5000    .ARM.Collect$$rtentry$$0000000A  c_w.l(__rtentry2.o)
    0x0800017c   0x0800017c   0x00000000   Code   RO         5002    .ARM.Collect$$rtentry$$0000000C  c_w.l(__rtentry2.o)
    0x0800017c   0x0800017c   0x00000008   Code   RO         5003    .ARM.Collect$$rtentry$$0000000D  c_w.l(__rtentry2.o)
    0x08000184   0x08000184   0x00000002   Code   RO         5037    .ARM.Collect$$rtexit$$00000000  c_w.l(rtexit.o)
    0x08000186   0x08000186   0x00000000   Code   RO         5087    .ARM.Collect$$rtexit$$00000002  c_w.l(rtexit2.o)
    0x08000186   0x08000186   0x00000004   Code   RO         5088    .ARM.Collect$$rtexit$$00000003  c_w.l(rtexit2.o)
    0x0800018a   0x0800018a   0x00000006   Code   RO         5089    .ARM.Collect$$rtexit$$00000004  c_w.l(rtexit2.o)
    0x08000190   0x08000190   0x00000096   Code   RO         4763    .emb_text           port.o
    0x08000226   0x08000226   0x00000002   PAD
    0x08000228   0x08000228   0x00000040   Code   RO            4    .text               startup_stm32f103xb.o
    0x08000268   0x08000268   0x00000028   Code   RO         4846    .text               c_w.l(noretval__2sprintf.o)
    0x08000290   0x08000290   0x00000068   Code   RO         4848    .text               c_w.l(__printf.o)
    0x080002f8   0x080002f8   0x00000078   Code   RO         4850    .text               c_w.l(_printf_dec.o)
    0x08000370   0x08000370   0x0000003e   Code   RO         4874    .text               c_w.l(strlen.o)
    0x080003ae   0x080003ae   0x0000008a   Code   RO         4876    .text               c_w.l(rt_memcpy_v6.o)
    0x08000438   0x08000438   0x00000064   Code   RO         4878    .text               c_w.l(rt_memcpy_w.o)
    0x0800049c   0x0800049c   0x00000044   Code   RO         4882    .text               c_w.l(rt_memclr.o)
    0x080004e0   0x080004e0   0x0000004e   Code   RO         4884    .text               c_w.l(rt_memclr_w.o)
    0x0800052e   0x0800052e   0x00000006   Code   RO         4886    .text               c_w.l(heapauxi.o)
    0x08000534   0x08000534   0x000000b2   Code   RO         4947    .text               c_w.l(_printf_intcommon.o)
    0x080005e6   0x080005e6   0x00000002   PAD
    0x080005e8   0x080005e8   0x00000030   Code   RO         4949    .text               c_w.l(_printf_char_common.o)
    0x08000618   0x08000618   0x0000000a   Code   RO         4951    .text               c_w.l(_sputc.o)
    0x08000622   0x08000622   0x00000002   PAD
    0x08000624   0x08000624   0x00000008   Code   RO         5022    .text               c_w.l(libspace.o)
    0x0800062c   0x0800062c   0x0000004a   Code   RO         5025    .text               c_w.l(sys_stackheap_outer.o)
    0x08000676   0x08000676   0x00000012   Code   RO         5027    .text               c_w.l(exit.o)
    0x08000688   0x08000688   0x0000000c   Code   RO         5097    .text               c_w.l(sys_exit.o)
    0x08000694   0x08000694   0x00000002   Code   RO         5108    .text               c_w.l(use_no_semi.o)
    0x08000696   0x08000696   0x00000000   Code   RO         5110    .text               c_w.l(indicate_semi.o)
    0x08000696   0x08000696   0x00000002   Code   RO          459    i.BusFault_Handler  stm32f1xx_it.o
    0x08000698   0x08000698   0x00000144   Code   RO         3478    i.Cast_Task         bsp_task.o
    0x080007dc   0x080007dc   0x0000000c   Code   RO          460    i.DMA1_Channel4_IRQHandler  stm32f1xx_it.o
    0x080007e8   0x080007e8   0x0000000c   Code   RO          461    i.DMA1_Channel5_IRQHandler  stm32f1xx_it.o
    0x080007f4   0x080007f4   0x0000002a   Code   RO         1014    i.DMA_SetConfig     stm32f1xx_hal_dma.o
    0x0800081e   0x0800081e   0x00000002   PAD
    0x08000820   0x08000820   0x00000020   Code   RO         3019    i.DMA_Usart_Send    bsp_uart.o
    0x08000840   0x08000840   0x00000028   Code   RO         3020    i.Data_Resolve      bsp_uart.o
    0x08000868   0x08000868   0x00000002   Code   RO          462    i.DebugMon_Handler  stm32f1xx_it.o
    0x0800086a   0x0800086a   0x00000002   PAD
    0x0800086c   0x0800086c   0x00000114   Code   RO         3479    i.Display_Task      bsp_task.o
    0x08000980   0x08000980   0x00000004   Code   RO           13    i.Error_Handler     main.o
    0x08000984   0x08000984   0x00000154   Code   RO         1020    i.HAL_DMA_IRQHandler  stm32f1xx_hal_dma.o
    0x08000ad8   0x08000ad8   0x0000005c   Code   RO         1021    i.HAL_DMA_Init      stm32f1xx_hal_dma.o
    0x08000b34   0x08000b34   0x00000070   Code   RO         1025    i.HAL_DMA_Start_IT  stm32f1xx_hal_dma.o
    0x08000ba4   0x08000ba4   0x00000024   Code   RO          641    i.HAL_Delay         stm32f1xx_hal.o
    0x08000bc8   0x08000bc8   0x000001e0   Code   RO          951    i.HAL_GPIO_Init     stm32f1xx_hal_gpio.o
    0x08000da8   0x08000da8   0x0000000a   Code   RO          953    i.HAL_GPIO_ReadPin  stm32f1xx_hal_gpio.o
    0x08000db2   0x08000db2   0x0000000a   Code   RO          955    i.HAL_GPIO_WritePin  stm32f1xx_hal_gpio.o
    0x08000dbc   0x08000dbc   0x0000000c   Code   RO          645    i.HAL_GetTick       stm32f1xx_hal.o
    0x08000dc8   0x08000dc8   0x00000010   Code   RO          651    i.HAL_IncTick       stm32f1xx_hal.o
    0x08000dd8   0x08000dd8   0x00000024   Code   RO          652    i.HAL_Init          stm32f1xx_hal.o
    0x08000dfc   0x08000dfc   0x00000098   Code   RO          559    i.HAL_InitTick      stm32f1xx_hal_timebase_tim.o
    0x08000e94   0x08000e94   0x00000048   Code   RO          535    i.HAL_MspInit       stm32f1xx_hal_msp.o
    0x08000edc   0x08000edc   0x0000001a   Code   RO         1111    i.HAL_NVIC_EnableIRQ  stm32f1xx_hal_cortex.o
    0x08000ef6   0x08000ef6   0x00000002   PAD
    0x08000ef8   0x08000ef8   0x00000040   Code   RO         1117    i.HAL_NVIC_SetPriority  stm32f1xx_hal_cortex.o
    0x08000f38   0x08000f38   0x00000024   Code   RO         1118    i.HAL_NVIC_SetPriorityGrouping  stm32f1xx_hal_cortex.o
    0x08000f5c   0x08000f5c   0x0000012c   Code   RO          809    i.HAL_RCC_ClockConfig  stm32f1xx_hal_rcc.o
    0x08001088   0x08001088   0x00000040   Code   RO          813    i.HAL_RCC_GetClockConfig  stm32f1xx_hal_rcc.o
    0x080010c8   0x080010c8   0x00000020   Code   RO          816    i.HAL_RCC_GetPCLK1Freq  stm32f1xx_hal_rcc.o
    0x080010e8   0x080010e8   0x00000020   Code   RO          817    i.HAL_RCC_GetPCLK2Freq  stm32f1xx_hal_rcc.o
    0x08001108   0x08001108   0x0000004c   Code   RO          818    i.HAL_RCC_GetSysClockFreq  stm32f1xx_hal_rcc.o
    0x08001154   0x08001154   0x00000320   Code   RO          821    i.HAL_RCC_OscConfig  stm32f1xx_hal_rcc.o
    0x08001474   0x08001474   0x00000002   Code   RO         2317    i.HAL_TIMEx_BreakCallback  stm32f1xx_hal_tim_ex.o
    0x08001476   0x08001476   0x00000002   Code   RO         2318    i.HAL_TIMEx_CommutCallback  stm32f1xx_hal_tim_ex.o
    0x08001478   0x08001478   0x00000068   Code   RO         2336    i.HAL_TIMEx_MasterConfigSynchronization  stm32f1xx_hal_tim_ex.o
    0x080014e0   0x080014e0   0x0000005a   Code   RO         1613    i.HAL_TIM_Base_Init  stm32f1xx_hal_tim.o
    0x0800153a   0x0800153a   0x00000002   Code   RO         1615    i.HAL_TIM_Base_MspInit  stm32f1xx_hal_tim.o
    0x0800153c   0x0800153c   0x00000058   Code   RO         1618    i.HAL_TIM_Base_Start_IT  stm32f1xx_hal_tim.o
    0x08001594   0x08001594   0x00000002   Code   RO         1647    i.HAL_TIM_IC_CaptureCallback  stm32f1xx_hal_tim.o
    0x08001596   0x08001596   0x00000130   Code   RO         1661    i.HAL_TIM_IRQHandler  stm32f1xx_hal_tim.o
    0x080016c6   0x080016c6   0x00000002   PAD
    0x080016c8   0x080016c8   0x00000064   Code   RO          353    i.HAL_TIM_MspPostInit  tim.o
    0x0800172c   0x0800172c   0x00000002   Code   RO         1664    i.HAL_TIM_OC_DelayElapsedCallback  stm32f1xx_hal_tim.o
    0x0800172e   0x0800172e   0x000000cc   Code   RO         1685    i.HAL_TIM_PWM_ConfigChannel  stm32f1xx_hal_tim.o
    0x080017fa   0x080017fa   0x0000005a   Code   RO         1688    i.HAL_TIM_PWM_Init  stm32f1xx_hal_tim.o
    0x08001854   0x08001854   0x0000003c   Code   RO          355    i.HAL_TIM_PWM_MspInit  tim.o
    0x08001890   0x08001890   0x00000002   Code   RO         1691    i.HAL_TIM_PWM_PulseFinishedCallback  stm32f1xx_hal_tim.o
    0x08001892   0x08001892   0x00000002   PAD
    0x08001894   0x08001894   0x0000009c   Code   RO         1693    i.HAL_TIM_PWM_Start  stm32f1xx_hal_tim.o
    0x08001930   0x08001930   0x00000014   Code   RO           14    i.HAL_TIM_PeriodElapsedCallback  main.o
    0x08001944   0x08001944   0x00000002   Code   RO         1704    i.HAL_TIM_TriggerCallback  stm32f1xx_hal_tim.o
    0x08001946   0x08001946   0x00000002   Code   RO         2596    i.HAL_UARTEx_RxEventCallback  stm32f1xx_hal_uart.o
    0x08001948   0x08001948   0x00000002   Code   RO         2610    i.HAL_UART_ErrorCallback  stm32f1xx_hal_uart.o
    0x0800194a   0x0800194a   0x00000064   Code   RO         2614    i.HAL_UART_Init     stm32f1xx_hal_uart.o
    0x080019ae   0x080019ae   0x00000002   PAD
    0x080019b0   0x080019b0   0x00000118   Code   RO          408    i.HAL_UART_MspInit  usart.o
    0x08001ac8   0x08001ac8   0x0000001c   Code   RO         2618    i.HAL_UART_Receive_DMA  stm32f1xx_hal_uart.o
    0x08001ae4   0x08001ae4   0x00000002   Code   RO         2620    i.HAL_UART_RxCpltCallback  stm32f1xx_hal_uart.o
    0x08001ae6   0x08001ae6   0x00000002   Code   RO         2621    i.HAL_UART_RxHalfCpltCallback  stm32f1xx_hal_uart.o
    0x08001ae8   0x08001ae8   0x000000a0   Code   RO         2622    i.HAL_UART_Transmit  stm32f1xx_hal_uart.o
    0x08001b88   0x08001b88   0x00000078   Code   RO         2623    i.HAL_UART_Transmit_DMA  stm32f1xx_hal_uart.o
    0x08001c00   0x08001c00   0x00000002   Code   RO         2625    i.HAL_UART_TxCpltCallback  stm32f1xx_hal_uart.o
    0x08001c02   0x08001c02   0x00000002   Code   RO         2626    i.HAL_UART_TxHalfCpltCallback  stm32f1xx_hal_uart.o
    0x08001c04   0x08001c04   0x00000002   Code   RO          463    i.HardFault_Handler  stm32f1xx_it.o
    0x08001c06   0x08001c06   0x0000004e   Code   RO         3292    i.I2CReceiveByte    eeprom.o
    0x08001c54   0x08001c54   0x0000004e   Code   RO         3294    i.I2CSendByte       eeprom.o
    0x08001ca2   0x08001ca2   0x00000030   Code   RO         3295    i.I2CSendNotAck     eeprom.o
    0x08001cd2   0x08001cd2   0x00000036   Code   RO         3296    i.I2CStart          eeprom.o
    0x08001d08   0x08001d08   0x00000036   Code   RO         3297    i.I2CStop           eeprom.o
    0x08001d3e   0x08001d3e   0x0000004e   Code   RO         3298    i.I2CWaitAck        eeprom.o
    0x08001d8c   0x08001d8c   0x00000038   Code   RO         3118    i.IIC_Start         oled.o
    0x08001dc4   0x08001dc4   0x0000002c   Code   RO         3119    i.IIC_Stop          oled.o
    0x08001df0   0x08001df0   0x00000024   Code   RO         3120    i.IIC_Wait_Ack      oled.o
    0x08001e14   0x08001e14   0x0000009c   Code   RO         3480    i.Init_Task         bsp_task.o
    0x08001eb0   0x08001eb0   0x000000ac   Code   RO         3448    i.Key_Read          key.o
    0x08001f5c   0x08001f5c   0x00000110   Code   RO         3481    i.Key_Task          bsp_task.o
    0x0800206c   0x0800206c   0x00000018   Code   RO          235    i.Loop_Task         freertos.o
    0x08002084   0x08002084   0x0000003c   Code   RO          329    i.MX_DMA_Init       dma.o
    0x080020c0   0x080020c0   0x00000068   Code   RO          236    i.MX_FREERTOS_Init  freertos.o
    0x08002128   0x08002128   0x000000e8   Code   RO          211    i.MX_GPIO_Init      gpio.o
    0x08002210   0x08002210   0x00000090   Code   RO          356    i.MX_TIM2_Init      tim.o
    0x080022a0   0x080022a0   0x00000084   Code   RO          357    i.MX_TIM3_Init      tim.o
    0x08002324   0x08002324   0x00000038   Code   RO          409    i.MX_USART1_UART_Init  usart.o
    0x0800235c   0x0800235c   0x00000038   Code   RO          410    i.MX_USART3_UART_Init  usart.o
    0x08002394   0x08002394   0x00000048   Code   RO         3482    i.Main_Task         bsp_task.o
    0x080023dc   0x080023dc   0x00000002   Code   RO          464    i.MemManage_Handler  stm32f1xx_it.o
    0x080023de   0x080023de   0x00000002   PAD
    0x080023e0   0x080023e0   0x0000007c   Code   RO         3061    i.Motor_Control     bsp_motor.o
    0x0800245c   0x0800245c   0x00000002   Code   RO          465    i.NMI_Handler       stm32f1xx_it.o
    0x0800245e   0x0800245e   0x0000003a   Code   RO         3122    i.OLED_Clear        oled.o
    0x08002498   0x08002498   0x00000130   Code   RO         3127    i.OLED_Init         oled.o
    0x080025c8   0x080025c8   0x0000002e   Code   RO         3130    i.OLED_Set_Pos      oled.o
    0x080025f6   0x080025f6   0x00000002   PAD
    0x080025f8   0x080025f8   0x00000088   Code   RO         3132    i.OLED_ShowChar     oled.o
    0x08002680   0x08002680   0x00000036   Code   RO         3134    i.OLED_ShowString   oled.o
    0x080026b6   0x080026b6   0x0000000c   Code   RO         3135    i.OLED_WR_Byte      oled.o
    0x080026c2   0x080026c2   0x00000002   PAD
    0x080026c4   0x080026c4   0x00000018   Code   RO         3299    i.SCL_Output        eeprom.o
    0x080026dc   0x080026dc   0x00000018   Code   RO         3300    i.SDA_Input         eeprom.o
    0x080026f4   0x080026f4   0x00000020   Code   RO         3301    i.SDA_Input_Mode    eeprom.o
    0x08002714   0x08002714   0x00000018   Code   RO         3302    i.SDA_Output        eeprom.o
    0x0800272c   0x0800272c   0x00000020   Code   RO         3303    i.SDA_Output_Mode   eeprom.o
    0x0800274c   0x0800274c   0x00000078   Code   RO         2985    i.SYN_FrameInfo     syn6288.o
    0x080027c4   0x080027c4   0x00000104   Code   RO         3403    i.Sensor_Judge      sensor.o
    0x080028c8   0x080028c8   0x00000078   Code   RO         3404    i.Sensor_Read       sensor.o
    0x08002940   0x08002940   0x00000010   Code   RO          237    i.Sensor_Task       freertos.o
    0x08002950   0x08002950   0x0000005c   Code   RO         3091    i.Servo_Control     bsp_servo.o
    0x080029ac   0x080029ac   0x00000002   Code   RO          238    i.StartDefaultTask  freertos.o
    0x080029ae   0x080029ae   0x00000002   PAD
    0x080029b0   0x080029b0   0x0000002c   Code   RO         4764    i.SysTick_Handler   port.o
    0x080029dc   0x080029dc   0x0000005e   Code   RO           15    i.SystemClock_Config  main.o
    0x08002a3a   0x08002a3a   0x00000002   Code   RO         2948    i.SystemInit        system_stm32f1xx.o
    0x08002a3c   0x08002a3c   0x0000000c   Code   RO          466    i.TIM4_IRQHandler   stm32f1xx_it.o
    0x08002a48   0x08002a48   0x00000078   Code   RO         1706    i.TIM_Base_SetConfig  stm32f1xx_hal_tim.o
    0x08002ac0   0x08002ac0   0x0000001a   Code   RO         1707    i.TIM_CCxChannelCmd  stm32f1xx_hal_tim.o
    0x08002ada   0x08002ada   0x00000002   PAD
    0x08002adc   0x08002adc   0x00000050   Code   RO         1719    i.TIM_OC1_SetConfig  stm32f1xx_hal_tim.o
    0x08002b2c   0x08002b2c   0x00000058   Code   RO         1720    i.TIM_OC2_SetConfig  stm32f1xx_hal_tim.o
    0x08002b84   0x08002b84   0x00000058   Code   RO         1721    i.TIM_OC3_SetConfig  stm32f1xx_hal_tim.o
    0x08002bdc   0x08002bdc   0x00000044   Code   RO         1722    i.TIM_OC4_SetConfig  stm32f1xx_hal_tim.o
    0x08002c20   0x08002c20   0x0000004a   Code   RO         2628    i.UART_DMAError     stm32f1xx_hal_uart.o
    0x08002c6a   0x08002c6a   0x00000086   Code   RO         2629    i.UART_DMAReceiveCplt  stm32f1xx_hal_uart.o
    0x08002cf0   0x08002cf0   0x0000001e   Code   RO         2631    i.UART_DMARxHalfCplt  stm32f1xx_hal_uart.o
    0x08002d0e   0x08002d0e   0x00000042   Code   RO         2633    i.UART_DMATransmitCplt  stm32f1xx_hal_uart.o
    0x08002d50   0x08002d50   0x0000000a   Code   RO         2635    i.UART_DMATxHalfCplt  stm32f1xx_hal_uart.o
    0x08002d5a   0x08002d5a   0x0000004e   Code   RO         2637    i.UART_EndRxTransfer  stm32f1xx_hal_uart.o
    0x08002da8   0x08002da8   0x0000001c   Code   RO         2638    i.UART_EndTxTransfer  stm32f1xx_hal_uart.o
    0x08002dc4   0x08002dc4   0x000000b8   Code   RO         2640    i.UART_SetConfig    stm32f1xx_hal_uart.o
    0x08002e7c   0x08002e7c   0x00000090   Code   RO         2641    i.UART_Start_Receive_DMA  stm32f1xx_hal_uart.o
    0x08002f0c   0x08002f0c   0x00000072   Code   RO         2643    i.UART_WaitOnFlagUntilTimeout  stm32f1xx_hal_uart.o
    0x08002f7e   0x08002f7e   0x00000002   PAD
    0x08002f80   0x08002f80   0x00000038   Code   RO          239    i.Uart_Task         freertos.o
    0x08002fb8   0x08002fb8   0x00000002   Code   RO          467    i.UsageFault_Handler  stm32f1xx_it.o
    0x08002fba   0x08002fba   0x00000002   PAD
    0x08002fbc   0x08002fbc   0x0000005c   Code   RO         3136    i.Write_IIC_Byte    oled.o
    0x08003018   0x08003018   0x0000002e   Code   RO         3137    i.Write_IIC_Command  oled.o
    0x08003046   0x08003046   0x0000002e   Code   RO         3138    i.Write_IIC_Data    oled.o
    0x08003074   0x08003074   0x00000020   Code   RO         1124    i.__NVIC_SetPriority  stm32f1xx_hal_cortex.o
    0x08003094   0x08003094   0x0000000c   Code   RO         3304    i.delay1            eeprom.o
    0x080030a0   0x080030a0   0x00000040   Code   RO         3305    i.eeprom_read       eeprom.o
    0x080030e0   0x080030e0   0x00000030   Code   RO         3306    i.eeprom_write      eeprom.o
    0x08003110   0x08003110   0x00000068   Code   RO           16    i.main              main.o
    0x08003178   0x08003178   0x0000000c   Code   RO         4329    i.makeFreeRtosPriority  cmsis_os.o
    0x08003184   0x08003184   0x0000000e   Code   RO         4331    i.osDelay           cmsis_os.o
    0x08003192   0x08003192   0x0000000a   Code   RO         4334    i.osKernelStart     cmsis_os.o
    0x0800319c   0x0800319c   0x00000054   Code   RO         4368    i.osThreadCreate    cmsis_os.o
    0x080031f0   0x080031f0   0x00000070   Code   RO         4005    i.prvAddCurrentTaskToDelayedList  tasks.o
    0x08003260   0x08003260   0x000000d0   Code   RO         4006    i.prvAddNewTaskToReadyList  tasks.o
    0x08003330   0x08003330   0x00000034   Code   RO         4007    i.prvDeleteTCB      tasks.o
    0x08003364   0x08003364   0x0000004c   Code   RO         4696    i.prvHeapInit       heap_4.o
    0x080033b0   0x080033b0   0x00000060   Code   RO         4008    i.prvIdleTask       tasks.o
    0x08003410   0x08003410   0x00000098   Code   RO         4009    i.prvInitialiseNewTask  tasks.o
    0x080034a8   0x080034a8   0x0000004c   Code   RO         4697    i.prvInsertBlockIntoFreeList  heap_4.o
    0x080034f4   0x080034f4   0x00000020   Code   RO         4010    i.prvResetNextTaskUnblockTime  tasks.o
    0x08003514   0x08003514   0x00000028   Code   RO         4765    i.prvTaskExitError  port.o
    0x0800353c   0x0800353c   0x000000dc   Code   RO         4698    i.pvPortMalloc      heap_4.o
    0x08003618   0x08003618   0x00000024   Code   RO         4766    i.pxPortInitialiseStack  port.o
    0x0800363c   0x0800363c   0x00000026   Code   RO         3641    i.uxListRemove      list.o
    0x08003662   0x08003662   0x00000002   PAD
    0x08003664   0x08003664   0x00000014   Code   RO          240    i.vApplicationGetIdleTaskMemory  freertos.o
    0x08003678   0x08003678   0x00000016   Code   RO         3642    i.vListInitialise   list.o
    0x0800368e   0x0800368e   0x00000006   Code   RO         3643    i.vListInitialiseItem  list.o
    0x08003694   0x08003694   0x00000030   Code   RO         3644    i.vListInsert       list.o
    0x080036c4   0x080036c4   0x00000018   Code   RO         3645    i.vListInsertEnd    list.o
    0x080036dc   0x080036dc   0x00000040   Code   RO         4768    i.vPortEnterCritical  port.o
    0x0800371c   0x0800371c   0x00000028   Code   RO         4769    i.vPortExitCritical  port.o
    0x08003744   0x08003744   0x00000064   Code   RO         4699    i.vPortFree         heap_4.o
    0x080037a8   0x080037a8   0x00000024   Code   RO         4770    i.vPortSetupTimerInterrupt  port.o
    0x080037cc   0x080037cc   0x0000004c   Code   RO         4019    i.vTaskDelay        tasks.o
    0x08003818   0x08003818   0x0000006c   Code   RO         4033    i.vTaskStartScheduler  tasks.o
    0x08003884   0x08003884   0x00000010   Code   RO         4035    i.vTaskSuspendAll   tasks.o
    0x08003894   0x08003894   0x0000005c   Code   RO         4036    i.vTaskSwitchContext  tasks.o
    0x080038f0   0x080038f0   0x000000a8   Code   RO         4772    i.xPortStartScheduler  port.o
    0x08003998   0x08003998   0x0000005a   Code   RO         4039    i.xTaskCreate       tasks.o
    0x080039f2   0x080039f2   0x00000056   Code   RO         4040    i.xTaskCreateStatic  tasks.o
    0x08003a48   0x08003a48   0x000000cc   Code   RO         4047    i.xTaskIncrementTick  tasks.o
    0x08003b14   0x08003b14   0x000000c4   Code   RO         4053    i.xTaskResumeAll    tasks.o
    0x08003bd8   0x08003bd8   0x000000c4   Code   RO         4906    x$fpl$fadd          fz_ws.l(faddsub_clz.o)
    0x08003c9c   0x08003c9c   0x00000184   Code   RO         4913    x$fpl$fdiv          fz_ws.l(fdiv.o)
    0x08003e20   0x08003e20   0x0000003e   Code   RO         4916    x$fpl$ffixu         fz_ws.l(ffixu.o)
    0x08003e5e   0x08003e5e   0x00000002   PAD
    0x08003e60   0x08003e60   0x00000026   Code   RO         4920    x$fpl$ffltu         fz_ws.l(fflt_clz.o)
    0x08003e86   0x08003e86   0x0000008c   Code   RO         4970    x$fpl$fnaninf       fz_ws.l(fnaninf.o)
    0x08003f12   0x08003f12   0x0000000a   Code   RO         4972    x$fpl$fretinf       fz_ws.l(fretinf.o)
    0x08003f1c   0x08003f1c   0x000000ea   Code   RO         4908    x$fpl$fsub          fz_ws.l(faddsub_clz.o)
    0x08004006   0x08004006   0x00000000   Code   RO         4976    x$fpl$usenofp       fz_ws.l(usenofp.o)
    0x08004006   0x08004006   0x00000002   PAD
    0x08004008   0x08004008   0x00000070   Data   RO          242    .constdata          freertos.o
    0x08004078   0x08004078   0x00000012   Data   RO          822    .constdata          stm32f1xx_hal_rcc.o
    0x0800408a   0x0800408a   0x00000010   Data   RO         2949    .constdata          system_stm32f1xx.o
    0x0800409a   0x0800409a   0x00000008   Data   RO         2950    .constdata          system_stm32f1xx.o
    0x080040a2   0x080040a2   0x00000818   Data   RO         3143    .constdata          oled.o
    0x080048ba   0x080048ba   0x00000002   PAD
    0x080048bc   0x080048bc   0x0000002d   Data   RO          243    .conststring        freertos.o
    0x080048e9   0x080048e9   0x00000003   PAD
    0x080048ec   0x080048ec   0x00000020   Data   RO         5163    Region$$Table       anon$$obj.o


    Execution Region RW_IRAM1 (Exec base: 0x20000000, Load base: 0x0800490c, Size: 0x00001868, Max: 0x00005000, ABSOLUTE)

    Exec Addr    Load Addr    Size         Type   Attr      Idx    E Section Name        Object

    0x20000000   0x0800490c   0x00000010   Data   RW          244    .data               freertos.o
    0x20000010   0x0800491c   0x00000001   Data   RW          412    .data               usart.o
    0x20000011   0x0800491d   0x00000001   Data   RW          413    .data               usart.o
    0x20000012   0x0800491e   0x00000003   Data   RW          414    .data               usart.o
    0x20000015   0x08004921   0x00000003   Data   RW          415    .data               usart.o
    0x20000018   0x08004924   0x0000000c   Data   RW          659    .data               stm32f1xx_hal.o
    0x20000024   0x08004930   0x00000004   Data   RW         2951    .data               system_stm32f1xx.o
    0x20000028   0x08004934   0x00000001   Data   RW         3022    .data               bsp_uart.o
    0x20000029   0x08004935   0x00000001   PAD
    0x2000002a   0x08004936   0x00000006   Data   RW         3062    .data               bsp_motor.o
    0x20000030   0x0800493c   0x00000004   Data   RW         3406    .data               sensor.o
    0x20000034   0x08004940   0x0000000c   Data   RW         3483    .data               bsp_task.o
    0x20000040   0x0800494c   0x0000003c   Data   RW         4056    .data               tasks.o
    0x2000007c   0x08004988   0x00000020   Data   RW         4705    .data               heap_4.o
    0x2000009c   0x080049a8   0x0000000c   Data   RW         4773    .data               port.o
    0x200000a8        -       0x00000254   Zero   RW          241    .bss                freertos.o
    0x200002fc        -       0x00000090   Zero   RW          358    .bss                tim.o
    0x2000038c        -       0x00000118   Zero   RW          411    .bss                usart.o
    0x200004a4        -       0x00000048   Zero   RW          562    .bss                stm32f1xx_hal_timebase_tim.o
    0x200004ec        -       0x0000000c   Zero   RW         3405    .bss                sensor.o
    0x200004f8        -       0x00000020   Zero   RW         3449    .bss                key.o
    0x20000518        -       0x000000f0   Zero   RW         4055    .bss                tasks.o
    0x20000608        -       0x00000c00   Zero   RW         4704    .bss                heap_4.o
    0x20001208        -       0x00000060   Zero   RW         5023    .bss                c_w.l(libspace.o)
    0x20001268        -       0x00000200   Zero   RW            2    HEAP                startup_stm32f103xb.o
    0x20001468        -       0x00000400   Zero   RW            1    STACK               startup_stm32f103xb.o


==============================================================================

Image component sizes


      Code (inc. data)   RO Data    RW Data    ZI Data      Debug   Object Name

       124         12          0          6          0       1692   bsp_motor.o
        92         16          0          0          0        680   bsp_servo.o
      1100        210          0         12          0       3355   bsp_task.o
        72         10          0          1          0       1892   bsp_uart.o
       120          0          0          0          0      23125   cmsis_os.o
        60          4          0          0          0        722   dma.o
       650         22          0          0          0       7095   eeprom.o
         0          0          0          0          0      16940   event_groups.o
       222         30        157         16        596       4059   freertos.o
       232         14          0          0          0        919   gpio.o
       472         24          0         32       3072       7175   heap_4.o
       172          8          0          0         32       1493   key.o
       138          0          0          0          0       3266   list.o
       222         16          0          0          0     459996   main.o
       930         38       2072          0          0       7463   oled.o
       578         60          0         12          0      10016   port.o
       380         54          0          4         12       2226   sensor.o
        64         26        236          0       1536        788   startup_stm32f103xb.o
       100         18          0         12          0       5094   stm32f1xx_hal.o
       158         14          0          0          0      28078   stm32f1xx_hal_cortex.o
       586         32          0          0          0       3487   stm32f1xx_hal_dma.o
       500         34          0          0          0       3431   stm32f1xx_hal_gpio.o
        72         10          0          0          0        826   stm32f1xx_hal_msp.o
      1304         94         18          0          0       5601   stm32f1xx_hal_rcc.o
      1412         56          0          0          0      12559   stm32f1xx_hal_tim.o
       108         12          0          0          0       2321   stm32f1xx_hal_tim_ex.o
       152         20          0          0         72       1415   stm32f1xx_hal_timebase_tim.o
      1282         34          0          0          0      13322   stm32f1xx_hal_uart.o
        48         18          0          0          0       3729   stm32f1xx_it.o
         0          0          0          0          0        384   stream_buffer.o
       120          4          0          0          0       1124   syn6288.o
         2          0         24          4          0       1055   system_stm32f1xx.o
      1520        112          0         60        240      18698   tasks.o
       436         36          0          0        144       2876   tim.o
       392         44          0          8        280       2623   usart.o

    ----------------------------------------------------------------------
     13850       1082       2544        168       5984     659525   Object Totals
         0          0         32          0          0          0   (incl. Generated)
        30          0          5          1          0          0   (incl. Padding)

    ----------------------------------------------------------------------

      Code (inc. data)   RO Data    RW Data    ZI Data      Debug   Library Member Name

         8          0          0          0          0         68   __main.o
       104          0          0          0          0         84   __printf.o
         0          0          0          0          0          0   __rtentry.o
        12          0          0          0          0          0   __rtentry2.o
         6          0          0          0          0          0   __rtentry4.o
        52          8          0          0          0          0   __scatter.o
        26          0          0          0          0          0   __scatter_copy.o
        28          0          0          0          0          0   __scatter_zi.o
        48          6          0          0          0         96   _printf_char_common.o
         6          0          0          0          0          0   _printf_d.o
       120         16          0          0          0         92   _printf_dec.o
       178          0          0          0          0         88   _printf_intcommon.o
         0          0          0          0          0          0   _printf_percent.o
         4          0          0          0          0          0   _printf_percent_end.o
        10          0          0          0          0         68   _sputc.o
        18          0          0          0          0         80   exit.o
         6          0          0          0          0        152   heapauxi.o
         0          0          0          0          0          0   indicate_semi.o
         2          0          0          0          0          0   libinit.o
         2          0          0          0          0          0   libinit2.o
         2          0          0          0          0          0   libshutdown.o
         2          0          0          0          0          0   libshutdown2.o
         8          4          0          0         96         68   libspace.o
        40          6          0          0          0         84   noretval__2sprintf.o
        68          0          0          0          0         68   rt_memclr.o
        78          0          0          0          0         80   rt_memclr_w.o
       138          0          0          0          0         68   rt_memcpy_v6.o
       100          0          0          0          0         80   rt_memcpy_w.o
         2          0          0          0          0          0   rtexit.o
        10          0          0          0          0          0   rtexit2.o
        62          0          0          0          0         76   strlen.o
        12          4          0          0          0         68   sys_exit.o
        74          0          0          0          0         80   sys_stackheap_outer.o
         2          0          0          0          0         68   use_no_semi.o
       430          8          0          0          0        168   faddsub_clz.o
       388         76          0          0          0         96   fdiv.o
        62          4          0          0          0         84   ffixu.o
        38          0          0          0          0         68   fflt_clz.o
       140          4          0          0          0         84   fnaninf.o
        10          0          0          0          0         68   fretinf.o
         0          0          0          0          0          0   usenofp.o

    ----------------------------------------------------------------------
      2306        136          0          0         96       2036   Library Totals
        10          0          0          0          0          0   (incl. Padding)

    ----------------------------------------------------------------------

      Code (inc. data)   RO Data    RW Data    ZI Data      Debug   Library Name

      1228         44          0          0         96       1468   c_w.l
      1068         92          0          0          0        568   fz_ws.l

    ----------------------------------------------------------------------
      2306        136          0          0         96       2036   Library Totals

    ----------------------------------------------------------------------

==============================================================================


      Code (inc. data)   RO Data    RW Data    ZI Data      Debug   

     16156       1218       2544        168       6080     652093   Grand Totals
     16156       1218       2544        168       6080     652093   ELF Image Totals
     16156       1218       2544        168          0          0   ROM Totals

==============================================================================

    Total RO  Size (Code + RO Data)                18700 (  18.26kB)
    Total RW  Size (RW Data + ZI Data)              6248 (   6.10kB)
    Total ROM Size (Code + RO Data + RW Data)      18868 (  18.43kB)

==============================================================================

