Component: ARM Compiler 5.06 update 1 (build 61) Tool: armlink [4d35a8]

==============================================================================

Section Cross References

    startup_stm32f103xb.o(STACK) refers (Special) to heapauxi.o(.text) for __use_two_region_memory
    startup_stm32f103xb.o(HEAP) refers (Special) to heapauxi.o(.text) for __use_two_region_memory
    startup_stm32f103xb.o(RESET) refers (Special) to heapauxi.o(.text) for __use_two_region_memory
    startup_stm32f103xb.o(RESET) refers to startup_stm32f103xb.o(STACK) for __initial_sp
    startup_stm32f103xb.o(RESET) refers to startup_stm32f103xb.o(.text) for Reset_Handler
    startup_stm32f103xb.o(RESET) refers to stm32f1xx_it.o(i.NMI_Handler) for NMI_Handler
    startup_stm32f103xb.o(RESET) refers to stm32f1xx_it.o(i.HardFault_Handler) for HardFault_Handler
    startup_stm32f103xb.o(RESET) refers to stm32f1xx_it.o(i.MemManage_Handler) for MemManage_Handler
    startup_stm32f103xb.o(RESET) refers to stm32f1xx_it.o(i.BusFault_Handler) for BusFault_Handler
    startup_stm32f103xb.o(RESET) refers to stm32f1xx_it.o(i.UsageFault_Handler) for UsageFault_Handler
    startup_stm32f103xb.o(RESET) refers to port.o(.emb_text) for SVC_Handler
    startup_stm32f103xb.o(RESET) refers to stm32f1xx_it.o(i.DebugMon_Handler) for DebugMon_Handler
    startup_stm32f103xb.o(RESET) refers to port.o(i.SysTick_Handler) for SysTick_Handler
    startup_stm32f103xb.o(RESET) refers to stm32f1xx_it.o(i.DMA1_Channel4_IRQHandler) for DMA1_Channel4_IRQHandler
    startup_stm32f103xb.o(RESET) refers to stm32f1xx_it.o(i.DMA1_Channel5_IRQHandler) for DMA1_Channel5_IRQHandler
    startup_stm32f103xb.o(RESET) refers to stm32f1xx_it.o(i.TIM4_IRQHandler) for TIM4_IRQHandler
    startup_stm32f103xb.o(RESET) refers to stm32f1xx_it.o(i.USART1_IRQHandler) for USART1_IRQHandler
    startup_stm32f103xb.o(.text) refers (Special) to heapauxi.o(.text) for __use_two_region_memory
    startup_stm32f103xb.o(.text) refers to system_stm32f1xx.o(i.SystemInit) for SystemInit
    startup_stm32f103xb.o(.text) refers to __main.o(!!!main) for __main
    startup_stm32f103xb.o(.text) refers to startup_stm32f103xb.o(HEAP) for Heap_Mem
    startup_stm32f103xb.o(.text) refers to startup_stm32f103xb.o(STACK) for Stack_Mem
    main.o(i.HAL_TIM_PeriodElapsedCallback) refers to stm32f1xx_hal.o(i.HAL_IncTick) for HAL_IncTick
    main.o(i.SystemClock_Config) refers to rt_memclr_w.o(.text) for __aeabi_memclr4
    main.o(i.SystemClock_Config) refers to stm32f1xx_hal_rcc.o(i.HAL_RCC_OscConfig) for HAL_RCC_OscConfig
    main.o(i.SystemClock_Config) refers to stm32f1xx_hal_rcc.o(i.HAL_RCC_ClockConfig) for HAL_RCC_ClockConfig
    main.o(i.main) refers to stm32f1xx_hal.o(i.HAL_Init) for HAL_Init
    main.o(i.main) refers to main.o(i.SystemClock_Config) for SystemClock_Config
    main.o(i.main) refers to gpio.o(i.MX_GPIO_Init) for MX_GPIO_Init
    main.o(i.main) refers to dma.o(i.MX_DMA_Init) for MX_DMA_Init
    main.o(i.main) refers to usart.o(i.MX_USART3_UART_Init) for MX_USART3_UART_Init
    main.o(i.main) refers to usart.o(i.MX_USART1_UART_Init) for MX_USART1_UART_Init
    main.o(i.main) refers to tim.o(i.MX_TIM2_Init) for MX_TIM2_Init
    main.o(i.main) refers to tim.o(i.MX_TIM3_Init) for MX_TIM3_Init
    main.o(i.main) refers to stm32f1xx_hal_tim.o(i.HAL_TIM_PWM_Start) for HAL_TIM_PWM_Start
    main.o(i.main) refers to oled.o(i.OLED_Init) for OLED_Init
    main.o(i.main) refers to oled.o(i.OLED_Clear) for OLED_Clear
    main.o(i.main) refers to bsp_task.o(i.Init_Task) for Init_Task
    main.o(i.main) refers to freertos.o(i.MX_FREERTOS_Init) for MX_FREERTOS_Init
    main.o(i.main) refers to cmsis_os.o(i.osKernelStart) for osKernelStart
    main.o(i.main) refers to tim.o(.bss) for htim2
    gpio.o(i.MX_GPIO_Init) refers to stm32f1xx_hal_gpio.o(i.HAL_GPIO_WritePin) for HAL_GPIO_WritePin
    gpio.o(i.MX_GPIO_Init) refers to stm32f1xx_hal_gpio.o(i.HAL_GPIO_Init) for HAL_GPIO_Init
    freertos.o(i.Loop_Task) refers to cmsis_os.o(i.osDelay) for osDelay
    freertos.o(i.Loop_Task) refers to stm32f1xx_hal_gpio.o(i.HAL_GPIO_WritePin) for HAL_GPIO_WritePin
    freertos.o(i.Loop_Task) refers to key.o(i.Key_Read) for Key_Read
    freertos.o(i.Loop_Task) refers to bsp_task.o(i.Key_Task) for Key_Task
    freertos.o(i.Loop_Task) refers to bsp_task.o(i.Main_Task) for Main_Task
    freertos.o(i.Loop_Task) refers to bsp_task.o(i.Display_Task) for Display_Task
    freertos.o(i.Loop_Task) refers to tim.o(.bss) for htim2
    freertos.o(i.MX_FREERTOS_Init) refers to rt_memcpy_w.o(.text) for __aeabi_memcpy4
    freertos.o(i.MX_FREERTOS_Init) refers to cmsis_os.o(i.osThreadCreate) for osThreadCreate
    freertos.o(i.MX_FREERTOS_Init) refers to freertos.o(.constdata) for .constdata
    freertos.o(i.MX_FREERTOS_Init) refers to freertos.o(.data) for .data
    freertos.o(i.Sensor_Task) refers to cmsis_os.o(i.osDelay) for osDelay
    freertos.o(i.Sensor_Task) refers to sensor.o(i.Sensor_Read) for Sensor_Read
[...]
    UART_DMAReceiveCplt                      0x080033ad   Thumb Code   134  stm32f1xx_hal_uart.o(i.UART_DMAReceiveCplt)
    i.UART_DMARxHalfCplt                     0x08003432   Section        0  stm32f1xx_hal_uart.o(i.UART_DMARxHalfCplt)
    UART_DMARxHalfCplt                       0x08003433   Thumb Code    30  stm32f1xx_hal_uart.o(i.UART_DMARxHalfCplt)
    i.UART_DMATransmitCplt                   0x08003450   Section        0  stm32f1xx_hal_uart.o(i.UART_DMATransmitCplt)
    UART_DMATransmitCplt                     0x08003451   Thumb Code    66  stm32f1xx_hal_uart.o(i.UART_DMATransmitCplt)
    i.UART_DMATxHalfCplt                     0x08003492   Section        0  stm32f1xx_hal_uart.o(i.UART_DMATxHalfCplt)
    UART_DMATxHalfCplt                       0x08003493   Thumb Code    10  stm32f1xx_hal_uart.o(i.UART_DMATxHalfCplt)
    i.UART_EndRxTransfer                     0x0800349c   Section        0  stm32f1xx_hal_uart.o(i.UART_EndRxTransfer)
    UART_EndRxTransfer                       0x0800349d   Thumb Code    78  stm32f1xx_hal_uart.o(i.UART_EndRxTransfer)
    i.UART_EndTxTransfer                     0x080034ea   Section        0  stm32f1xx_hal_uart.o(i.UART_EndTxTransfer)
    UART_EndTxTransfer                       0x080034eb   Thumb Code    28  stm32f1xx_hal_uart.o(i.UART_EndTxTransfer)
    i.UART_Receive_IT                        0x08003506   Section        0  stm32f1xx_hal_uart.o(i.UART_Receive_IT)
    UART_Receive_IT                          0x08003507   Thumb Code   194  stm32f1xx_hal_uart.o(i.UART_Receive_IT)
    i.UART_SetConfig                         0x080035c8   Section        0  stm32f1xx_hal_uart.o(i.UART_SetConfig)
    UART_SetConfig                           0x080035c9   Thumb Code   178  stm32f1xx_hal_uart.o(i.UART_SetConfig)
    i.UART_Start_Receive_DMA                 0x08003680   Section        0  stm32f1xx_hal_uart.o(i.UART_Start_Receive_DMA)
    i.UART_WaitOnFlagUntilTimeout            0x08003710   Section        0  stm32f1xx_hal_uart.o(i.UART_WaitOnFlagUntilTimeout)
    UART_WaitOnFlagUntilTimeout              0x08003711   Thumb Code   114  stm32f1xx_hal_uart.o(i.UART_WaitOnFlagUntilTimeout)
    i.USART1_IRQHandler                      0x08003784   Section        0  stm32f1xx_it.o(i.USART1_IRQHandler)
    i.UsageFault_Handler                     0x08003800   Section        0  stm32f1xx_it.o(i.UsageFault_Handler)
    i.Write_IIC_Byte                         0x08003804   Section        0  oled.o(i.Write_IIC_Byte)
    i.Write_IIC_Command                      0x08003860   Section        0  oled.o(i.Write_IIC_Command)
    i.Write_IIC_Data                         0x0800388e   Section        0  oled.o(i.Write_IIC_Data)
    i.__NVIC_SetPriority                     0x080038bc   Section        0  stm32f1xx_hal_cortex.o(i.__NVIC_SetPriority)
    __NVIC_SetPriority                       0x080038bd   Thumb Code    32  stm32f1xx_hal_cortex.o(i.__NVIC_SetPriority)
    i.delay1                                 0x080038dc   Section        0  eeprom.o(i.delay1)
    delay1                                   0x080038dd   Thumb Code    12  eeprom.o(i.delay1)
    i.eeprom_read                            0x080038e8   Section        0  eeprom.o(i.eeprom_read)
    i.eeprom_write                           0x08003928   Section        0  eeprom.o(i.eeprom_write)
    i.main                                   0x08003958   Section        0  main.o(i.main)
    i.makeFreeRtosPriority                   0x080039c0   Section        0  cmsis_os.o(i.makeFreeRtosPriority)
    makeFreeRtosPriority                     0x080039c1   Thumb Code    12  cmsis_os.o(i.makeFreeRtosPriority)
    i.osDelay                                0x080039cc   Section        0  cmsis_os.o(i.osDelay)
    i.osKernelStart                          0x080039da   Section        0  cmsis_os.o(i.osKernelStart)
    i.osThreadCreate                         0x080039e4   Section        0  cmsis_os.o(i.osThreadCreate)
    i.prvAddCurrentTaskToDelayedList         0x08003a38   Section        0  tasks.o(i.prvAddCurrentTaskToDelayedList)
    prvAddCurrentTaskToDelayedList           0x08003a39   Thumb Code   102  tasks.o(i.prvAddCurrentTaskToDelayedList)
    i.prvAddNewTaskToReadyList               0x08003aa8   Section        0  tasks.o(i.prvAddNewTaskToReadyList)
    prvAddNewTaskToReadyList                 0x08003aa9   Thumb Code   194  tasks.o(i.prvAddNewTaskToReadyList)
    i.prvDeleteTCB                           0x08003b78   Section        0  tasks.o(i.prvDeleteTCB)
    prvDeleteTCB                             0x08003b79   Thumb Code    52  tasks.o(i.prvDeleteTCB)
    i.prvHeapInit                            0x08003bac   Section        0  heap_4.o(i.prvHeapInit)
    prvHeapInit                              0x08003bad   Thumb Code    66  heap_4.o(i.prvHeapInit)
    i.prvIdleTask                            0x08003bf8   Section        0  tasks.o(i.prvIdleTask)
    prvIdleTask                              0x08003bf9   Thumb Code    82  tasks.o(i.prvIdleTask)
    i.prvInitialiseNewTask                   0x08003c58   Section        0  tasks.o(i.prvInitialiseNewTask)
    prvInitialiseNewTask                     0x08003c59   Thumb Code   152  tasks.o(i.prvInitialiseNewTask)
    i.prvInsertBlockIntoFreeList             0x08003cf0   Section        0  heap_4.o(i.prvInsertBlockIntoFreeList)
    prvInsertBlockIntoFreeList               0x08003cf1   Thumb Code    72  heap_4.o(i.prvInsertBlockIntoFreeList)
    i.prvResetNextTaskUnblockTime            0x08003d3c   Section        0  tasks.o(i.prvResetNextTaskUnblockTime)
    prvResetNextTaskUnblockTime              0x08003d3d   Thumb Code    26  tasks.o(i.prvResetNextTaskUnblockTime)
    i.prvTaskExitError                       0x08003d5c   Section        0  port.o(i.prvTaskExitError)
    prvTaskExitError                         0x08003d5d   Thumb Code    36  port.o(i.prvTaskExitError)
    i.pvPortMalloc                           0x08003d84   Section        0  heap_4.o(i.pvPortMalloc)
    i.pxPortInitialiseStack                  0x08003e60   Section        0  port.o(i.pxPortInitialiseStack)
    i.uxListRemove                           0x08003e84   Section        0  list.o(i.uxListRemove)
    i.vApplicationGetIdleTaskMemory          0x08003eac   Section        0  freertos.o(i.vApplicationGetIdleTaskMemory)
    i.vListInitialise                        0x08003ec0   Section        0  list.o(i.vListInitialise)
    i.vListInitialiseItem                    0x08003ed6   Section        0  list.o(i.vListInitialiseItem)
    i.vListInsert                            0x08003edc   Section        0  list.o(i.vListInsert)
    i.vListInsertEnd                         0x08003f0c   Section        0  list.o(i.vListInsertEnd)
    i.vPortEnterCritical                     0x08003f24   Section        0  port.o(i.vPortEnterCritical)
    i.vPortExitCritical                      0x08003f64   Section        0  port.o(i.vPortExitCritical)
    i.vPortFree                              0x08003f8c   Section        0  heap_4.o(i.vPortFree)
    i.vPortSetupTimerInterrupt               0x08003ff0   Section        0  port.o(i.vPortSetupTimerInterrupt)
    i.vTaskDelay                             0x08004014   Section        0  tasks.o(i.vTaskDelay)
    i.vTaskStartScheduler                    0x08004060   Section        0  tasks.o(i.vTaskStartScheduler)
    i.vTaskSuspendAll                        0x080040cc   Section        0  tasks.o(i.vTaskSuspendAll)
    i.vTaskSwitchContext                     0x080040dc   Section        0  tasks.o(i.vTaskSwitchContext)
    i.xPortStartScheduler                    0x08004138   Section        0  port.o(i.xPortStartScheduler)
    i.xTaskCreate                            0x080041e0   Section        0  tasks.o(i.xTaskCreate)
    i.xTaskCreateStatic                      0x0800423a   Section        0  tasks.o(i.xTaskCreateStatic)
    i.xTaskIncrementTick                     0x08004290   Section        0  tasks.o(i.xTaskIncrementTick)
    i.xTaskResumeAll                         0x0800435c   Section        0  tasks.o(i.xTaskResumeAll)
    x$fpl$fadd                               0x08004420   Section      196  faddsub_clz.o(x$fpl$fadd)
    _fadd1                                   0x0800442f   Thumb Code     0  faddsub_clz.o(x$fpl$fadd)
    x$fpl$fdiv                               0x080044e4   Section      388  fdiv.o(x$fpl$fdiv)
    _fdiv1                                   0x080044e5   Thumb Code     0  fdiv.o(x$fpl$fdiv)
    x$fpl$ffixu                              0x08004668   Section       62  ffixu.o(x$fpl$ffixu)
    x$fpl$ffltu                              0x080046a8   Section       38  fflt_clz.o(x$fpl$ffltu)
    x$fpl$fnaninf                            0x080046ce   Section      140  fnaninf.o(x$fpl$fnaninf)
    x$fpl$fretinf                            0x0800475a   Section       10  fretinf.o(x$fpl$fretinf)
    x$fpl$fsub                               0x08004764   Section      234  faddsub_clz.o(x$fpl$fsub)
    _fsub1                                   0x08004773   Thumb Code     0  faddsub_clz.o(x$fpl$fsub)
    x$fpl$usenofp                            0x0800484e   Section        0  usenofp.o(x$fpl$usenofp)
    .constdata                               0x08004850   Section       84  freertos.o(.constdata)
    .constdata                               0x080048a4   Section       18  stm32f1xx_hal_rcc.o(.constdata)
    aPredivFactorTable                       0x080048a4   Data           2  stm32f1xx_hal_rcc.o(.constdata)
    aPLLMULFactorTable                       0x080048a6   Data          16  stm32f1xx_hal_rcc.o(.constdata)
    .constdata                               0x080048b6   Section       16  system_stm32f1xx.o(.constdata)
    .constdata                               0x080048c6   Section        8  system_stm32f1xx.o(.constdata)
    .constdata                               0x080048ce   Section     2072  oled.o(.constdata)
    .conststring                             0x080050e8   Section       36  freertos.o(.conststring)
    .data                                    0x20000000   Section       12  freertos.o(.data)
    .data                                    0x2000000c   Section        1  usart.o(.data)
    .data                                    0x2000000d   Section        1  usart.o(.data)
    .data                                    0x2000000e   Section        1  usart.o(.data)
    .data                                    0x2000000f   Section        3  usart.o(.data)
    .data                                    0x20000012   Section        3  usart.o(.data)
    .data                                    0x20000018   Section       12  stm32f1xx_hal.o(.data)
    .data                                    0x20000024   Section        4  system_stm32f1xx.o(.data)
    .data                                    0x20000028   Section        4  sensor.o(.data)
    .data                                    0x2000002c   Section       16  bsp_task.o(.data)
    .data                                    0x2000003c   Section        1  bsp_uart.o(.data)
    .data                                    0x20000040   Section       60  tasks.o(.data)
    uxDeletedTasksWaitingCleanUp             0x20000044   Data           4  tasks.o(.data)
    uxCurrentNumberOfTasks                   0x20000048   Data           4  tasks.o(.data)
    xTickCount                               0x2000004c   Data           4  tasks.o(.data)
    uxTopReadyPriority                       0x20000050   Data           4  tasks.o(.data)
    xSchedulerRunning                        0x20000054   Data           4  tasks.o(.data)
    xPendedTicks                             0x20000058   Data           4  tasks.o(.data)
    xYieldPending                            0x2000005c   Data           4  tasks.o(.data)
    xNumOfOverflows                          0x20000060   Data           4  tasks.o(.data)
    uxTaskNumber                             0x20000064   Data           4  tasks.o(.data)
    xNextTaskUnblockTime                     0x20000068   Data           4  tasks.o(.data)
    xIdleTaskHandle                          0x2000006c   Data           4  tasks.o(.data)
    uxSchedulerSuspended                     0x20000070   Data           4  tasks.o(.data)
    pxDelayedTaskList                        0x20000074   Data           4  tasks.o(.data)
    pxOverflowDelayedTaskList                0x20000078   Data           4  tasks.o(.data)
    .data                                    0x2000007c   Section       32  heap_4.o(.data)
    pxEnd                                    0x2000007c   Data           4  heap_4.o(.data)
    xFreeBytesRemaining                      0x20000080   Data           4  heap_4.o(.data)
    xMinimumEverFreeBytesRemaining           0x20000084   Data           4  heap_4.o(.data)
    xNumberOfSuccessfulAllocations           0x20000088   Data           4  heap_4.o(.data)
    xNumberOfSuccessfulFrees                 0x2000008c   Data           4  heap_4.o(.data)
    xBlockAllocatedBit                       0x20000090   Data           4  heap_4.o(.data)
    xStart                                   0x20000094   Data           8  heap_4.o(.data)
    .data                                    0x2000009c   Section       12  port.o(.data)
    ucMaxSysCallPriority                     0x2000009c   Data           1  port.o(.data)
    uxCriticalNesting                        0x200000a0   Data           4  port.o(.data)
    ulMaxPRIGROUPValue                       0x200000a4   Data           4  port.o(.data)
    .bss                                     0x200000a8   Section      596  freertos.o(.bss)
    xIdleTaskTCBBuffer                       0x200000a8   Data          84  freertos.o(.bss)
    xIdleStack                               0x200000fc   Data         512  freertos.o(.bss)
    .bss                                     0x200002fc   Section      144  tim.o(.bss)
    .bss                                     0x2000038c   Section      280  usart.o(.bss)
    .bss                                     0x200004a4   Section       72  stm32f1xx_hal_timebase_tim.o(.bss)
    .bss                                     0x200004ec   Section       12  bsp_motor.o(.bss)
    .bss                                     0x200004f8   Section       12  sensor.o(.bss)
    .bss                                     0x20000504   Section       32  key.o(.bss)
    .bss                                     0x20000524   Section      240  tasks.o(.bss)
    pxReadyTasksLists                        0x20000524   Data         140  tasks.o(.bss)
    xDelayedTaskList1                        0x200005b0   Data          20  tasks.o(.bss)
    xDelayedTaskList2                        0x200005c4   Data          20  tasks.o(.bss)
    xPendingReadyList                        0x200005d8   Data          20  tasks.o(.bss)
    xTasksWaitingTermination                 0x200005ec   Data          20  tasks.o(.bss)
    xSuspendedTaskList                       0x20000600   Data          20  tasks.o(.bss)
    .bss                                     0x20000614   Section     3072  heap_4.o(.bss)
    ucHeap                                   0x20000614   Data        3072  heap_4.o(.bss)
    .bss                                     0x20001214   Section       96  libspace.o(.bss)
    HEAP                                     0x20001278   Section      512  startup_stm32f103xb.o(HEAP)
    Heap_Mem                                 0x20001278   Data         512  startup_stm32f103xb.o(HEAP)
    STACK                                    0x20001478   Section     1024  startup_stm32f103xb.o(STACK)
    Stack_Mem                                0x20001478   Data        1024  startup_stm32f103xb.o(STACK)
    __initial_sp                             0x20001878   Data           0  startup_stm32f103xb.o(STACK)

    Global Symbols

    Symbol Name                              Value     Ov Type        Size  Object(Section)

    BuildAttributes$$THM_ISAv4$P$D$K$B$S$PE$A:L22UL41UL21$X:L11$S22US41US21$IEEE1$IW$USESV6$~STKCKD$USESV7$~SHL$OTIME$ROPI$IEEEX$EBA8$UX$STANDARDLIB$REQ8$PRES8$EABIv2 0x00000000   Number         0  anon$$obj.o ABSOLUTE
    __ARM_use_no_argv                        0x00000000   Number         0  main.o ABSOLUTE
    __ARM_exceptions_init                     - Undefined Weak Reference
    __alloca_initialize                       - Undefined Weak Reference
    __arm_preinit_                            - Undefined Weak Reference
    __cpp_initialize__aeabi_                  - Undefined Weak Reference
    __cxa_finalize                            - Undefined Weak Reference
    __rt_locale                               - Undefined Weak Reference
    __sigvec_lookup                           - Undefined Weak Reference
    _atexit_init                              - Undefined Weak Reference
    _call_atexit_fns                          - Undefined Weak Reference
    _clock_init                               - Undefined Weak Reference
    _fp_trap_init                             - Undefined Weak Reference
    _fp_trap_shutdown                         - Undefined Weak Reference
    _get_lc_collate                           - Undefined Weak Reference
    _get_lc_ctype                             - Undefined Weak Reference
    _get_lc_monetary                          - Undefined Weak Reference
    _get_lc_numeric                           - Undefined Weak Reference
    _get_lc_time                              - Undefined Weak Reference
    _getenv_init                              - Undefined Weak Reference
    _handle_redirection                       - Undefined Weak Reference
    _init_alloc                               - Undefined Weak Reference
    _init_user_alloc                          - Undefined Weak Reference
    _initio                                   - Undefined Weak Reference
    _printf_post_padding                      - Undefined Weak Reference
    _printf_pre_padding                       - Undefined Weak Reference
    _printf_truncate_signed                   - Undefined Weak Reference
    _printf_truncate_unsigned                 - Undefined Weak Reference
    _rand_init                                - Undefined Weak Reference
    _signal_finish                            - Undefined Weak Reference
    _signal_init                              - Undefined Weak Reference
    _terminate_alloc                          - Undefined Weak Reference
    _terminate_user_alloc                     - Undefined Weak Reference
    _terminateio                              - Undefined Weak Reference
    __Vectors_Size                           0x000000ec   Number         0  startup_stm32f103xb.o ABSOLUTE
    __Vectors                                0x08000000   Data           4  startup_stm32f103xb.o(RESET)
    __Vectors_End                            0x080000ec   Data           0  startup_stm32f103xb.o(RESET)
    __main                                   0x080000ed   Thumb Code     8  __main.o(!!!main)
    __scatterload                            0x080000f5   Thumb Code     0  __scatter.o(!!!scatter)
    __scatterload_rt2                        0x080000f5   Thumb Code    44  __scatter.o(!!!scatter)
    __scatterload_rt2_thumb_only             0x080000f5   Thumb Code     0  __scatter.o(!!!scatter)
    __scatterload_null                       0x08000103   Thumb Code     0  __scatter.o(!!!scatter)
    __scatterload_copy                       0x08000129   Thumb Code    26  __scatter_copy.o(!!handler_copy)
    __scatterload_zeroinit                   0x08000145   Thumb Code    28  __scatter_zi.o(!!handler_zi)
    _printf_d                                0x08000161   Thumb Code     0  _printf_d.o(.ARM.Collect$$_printf_percent$$00000009)
    _printf_percent                          0x08000161   Thumb Code     0  _printf_percent.o(.ARM.Collect$$_printf_percent$$00000000)
    _printf_percent_end                      0x08000167   Thumb Code     0  _printf_percent_end.o(.ARM.Collect$$_printf_percent$$00000017)
    __rt_lib_init                            0x0800016b   Thumb Code     0  libinit.o(.ARM.Collect$$libinit$$00000000)
    __rt_lib_init_alloca_1                   0x0800016d   Thumb Code     0  libinit2.o(.ARM.Collect$$libinit$$0000002E)
    __rt_lib_init_argv_1                     0x0800016d   Thumb Code     0  libinit2.o(.ARM.Collect$$libinit$$0000002C)
    __rt_lib_init_atexit_1                   0x0800016d   Thumb Code     0  libinit2.o(.ARM.Collect$$libinit$$0000001B)
    __rt_lib_init_clock_1                    0x0800016d   Thumb Code     0  libinit2.o(.ARM.Collect$$libinit$$00000021)
    __rt_lib_init_cpp_1                      0x0800016d   Thumb Code     0  libinit2.o(.ARM.Collect$$libinit$$00000032)
    __rt_lib_init_exceptions_1               0x0800016d   Thumb Code     0  libinit2.o(.ARM.Collect$$libinit$$00000030)
    __rt_lib_init_fp_1                       0x0800016d   Thumb Code     0  libinit2.o(.ARM.Collect$$libinit$$00000002)
    __rt_lib_init_fp_trap_1                  0x0800016d   Thumb Code     0  libinit2.o(.ARM.Collect$$libinit$$0000001F)
    __rt_lib_init_getenv_1                   0x0800016d   Thumb Code     0  libinit2.o(.ARM.Collect$$libinit$$00000023)
    __rt_lib_init_heap_1                     0x0800016d   Thumb Code     0  libinit2.o(.ARM.Collect$$libinit$$0000000A)
    __rt_lib_init_lc_collate_1               0x0800016d   Thumb Code     0  libinit2.o(.ARM.Collect$$libinit$$00000011)
    __rt_lib_init_lc_ctype_1                 0x0800016d   Thumb Code     0  libinit2.o(.ARM.Collect$$libinit$$00000013)
    __rt_lib_init_lc_monetary_1              0x0800016d   Thumb Code     0  libinit2.o(.ARM.Collect$$libinit$$00000015)
    __rt_lib_init_lc_numeric_1               0x0800016d   Thumb Code     0  libinit2.o(.ARM.Collect$$libinit$$00000017)
    __rt_lib_init_lc_time_1                  0x0800016d   Thumb Code     0  libinit2.o(.ARM.Collect$$libinit$$00000019)
    __rt_lib_init_preinit_1                  0x0800016d   Thumb Code     0  libinit2.o(.ARM.Collect$$libinit$$00000004)
    __rt_lib_init_rand_1                     0x0800016d   Thumb Code     0  libinit2.o(.ARM.Collect$$libinit$$0000000E)
    __rt_lib_init_return                     0x0800016d   Thumb Code     0  libinit2.o(.ARM.Collect$$libinit$$00000033)
    __rt_lib_init_signal_1                   0x0800016d   Thumb Code     0  libinit2.o(.ARM.Collect$$libinit$$0000001D)
    __rt_lib_init_stdio_1                    0x0800016d   Thumb Code     0  libinit2.o(.ARM.Collect$$libinit$$00000025)
    __rt_lib_init_user_alloc_1               0x0800016d   Thumb Code     0  libinit2.o(.ARM.Collect$$libinit$$0000000C)
    __rt_lib_shutdown                        0x0800016f   Thumb Code     0  libshutdown.o(.ARM.Collect$$libshutdown$$00000000)
    __rt_lib_shutdown_cpp_1                  0x08000171   Thumb Code     0  libshutdown2.o(.ARM.Collect$$libshutdown$$00000002)
    __rt_lib_shutdown_fp_trap_1              0x08000171   Thumb Code     0  libshutdown2.o(.ARM.Collect$$libshutdown$$00000007)
    __rt_lib_shutdown_heap_1                 0x08000171   Thumb Code     0  libshutdown2.o(.ARM.Collect$$libshutdown$$0000000F)
    __rt_lib_shutdown_return                 0x08000171   Thumb Code     0  libshutdown2.o(.ARM.Collect$$libshutdown$$00000010)
    __rt_lib_shutdown_signal_1               0x08000171   Thumb Code     0  libshutdown2.o(.ARM.Collect$$libshutdown$$0000000A)
    __rt_lib_shutdown_stdio_1                0x08000171   Thumb Code     0  libshutdown2.o(.ARM.Collect$$libshutdown$$00000004)
    __rt_lib_shutdown_user_alloc_1           0x08000171   Thumb Code     0  libshutdown2.o(.ARM.Collect$$libshutdown$$0000000C)
    __rt_entry                               0x08000173   Thumb Code     0  __rtentry.o(.ARM.Collect$$rtentry$$00000000)
    __rt_entry_presh_1                       0x08000173   Thumb Code     0  __rtentry2.o(.ARM.Collect$$rtentry$$00000002)
    __rt_entry_sh                            0x08000173   Thumb Code     0  __rtentry4.o(.ARM.Collect$$rtentry$$00000004)
    __rt_entry_li                            0x08000179   Thumb Code     0  __rtentry2.o(.ARM.Collect$$rtentry$$0000000A)
    __rt_entry_postsh_1                      0x08000179   Thumb Code     0  __rtentry2.o(.ARM.Collect$$rtentry$$00000009)
    __rt_entry_main                          0x0800017d   Thumb Code     0  __rtentry2.o(.ARM.Collect$$rtentry$$0000000D)
    __rt_entry_postli_1                      0x0800017d   Thumb Code     0  __rtentry2.o(.ARM.Collect$$rtentry$$0000000C)
    __rt_exit                                0x08000185   Thumb Code     0  rtexit.o(.ARM.Collect$$rtexit$$00000000)
    __rt_exit_ls                             0x08000187   Thumb Code     0  rtexit2.o(.ARM.Collect$$rtexit$$00000003)
    __rt_exit_prels_1                        0x08000187   Thumb Code     0  rtexit2.o(.ARM.Collect$$rtexit$$00000002)
    __rt_exit_exit                           0x0800018b   Thumb Code     0  rtexit2.o(.ARM.Collect$$rtexit$$00000004)
    SVC_Handler                              0x08000191   Thumb Code    32  port.o(.emb_text)
    __asm___6_port_c_39a90d8d__prvStartFirstTask 0x080001b5   Thumb Code    28  port.o(.emb_text)
    PendSV_Handler                           0x080001d5   Thumb Code    72  port.o(.emb_text)
    vPortGetIPSR                             0x08000221   Thumb Code     6  port.o(.emb_text)
    Reset_Handler                            0x08000229   Thumb Code     8  startup_stm32f103xb.o(.text)
    ADC1_2_IRQHandler                        0x08000243   Thumb Code     0  startup_stm32f103xb.o(.text)
    CAN1_RX1_IRQHandler                      0x08000243   Thumb Code     0  startup_stm32f103xb.o(.text)
    CAN1_SCE_IRQHandler                      0x08000243   Thumb Code     0  startup_stm32f103xb.o(.text)
    DMA1_Channel1_IRQHandler                 0x08000243   Thumb Code     0  startup_stm32f103xb.o(.text)
    DMA1_Channel2_IRQHandler                 0x08000243   Thumb Code     0  startup_stm32f103xb.o(.text)
    DMA1_Channel3_IRQHandler                 0x08000243   Thumb Code     0  startup_stm32f103xb.o(.text)
    DMA1_Channel6_IRQHandler                 0x08000243   Thumb Code     0  startup_stm32f103xb.o(.text)
    DMA1_Channel7_IRQHandler                 0x08000243   Thumb Code     0  startup_stm32f103xb.o(.text)
    EXTI0_IRQHandler                         0x08000243   Thumb Code     0  startup_stm32f103xb.o(.text)
    EXTI15_10_IRQHandler                     0x08000243   Thumb Code     0  startup_stm32f103xb.o(.text)
    EXTI1_IRQHandler                         0x08000243   Thumb Code     0  startup_stm32f103xb.o(.text)
    EXTI2_IRQHandler                         0x08000243   Thumb Code     0  startup_stm32f103xb.o(.text)
    EXTI3_IRQHandler                         0x08000243   Thumb Code     0  startup_stm32f103xb.o(.text)
    EXTI4_IRQHandler                         0x08000243   Thumb Code     0  startup_stm32f103xb.o(.text)
    EXTI9_5_IRQHandler                       0x08000243   Thumb Code     0  startup_stm32f103xb.o(.text)
    FLASH_IRQHandler                         0x08000243   Thumb Code     0  startup_stm32f103xb.o(.text)
    I2C1_ER_IRQHandler                       0x08000243   Thumb Code     0  startup_stm32f103xb.o(.text)
    I2C1_EV_IRQHandler                       0x08000243   Thumb Code     0  startup_stm32f103xb.o(.text)
    I2C2_ER_IRQHandler                       0x08000243   Thumb Code     0  startup_stm32f103xb.o(.text)
    I2C2_EV_IRQHandler                       0x08000243   Thumb Code     0  startup_stm32f103xb.o(.text)
    PVD_IRQHandler                           0x08000243   Thumb Code     0  startup_stm32f103xb.o(.text)
    RCC_IRQHandler                           0x08000243   Thumb Code     0  startup_stm32f103xb.o(.text)
    RTC_Alarm_IRQHandler                     0x08000243   Thumb Code     0  startup_stm32f103xb.o(.text)
    RTC_IRQHandler                           0x08000243   Thumb Code     0  startup_stm32f103xb.o(.text)
    SPI1_IRQHandler                          0x08000243   Thumb Code     0  startup_stm32f103xb.o(.text)
    SPI2_IRQHandler                          0x08000243   Thumb Code     0  startup_stm32f103xb.o(.text)
    TAMPER_IRQHandler                        0x08000243   Thumb Code     0  startup_stm32f103xb.o(.text)
    TIM1_BRK_IRQHandler                      0x08000243   Thumb Code     0  startup_stm32f103xb.o(.text)
    TIM1_CC_IRQHandler                       0x08000243   Thumb Code     0  startup_stm32f103xb.o(.text)
    TIM1_TRG_COM_IRQHandler                  0x08000243   Thumb Code     0  startup_stm32f103xb.o(.text)
    TIM1_UP_IRQHandler                       0x08000243   Thumb Code     0  startup_stm32f103xb.o(.text)
    TIM2_IRQHandler                          0x08000243   Thumb Code     0  startup_stm32f103xb.o(.text)
    TIM3_IRQHandler                          0x08000243   Thumb Code     0  startup_stm32f103xb.o(.text)
    USART2_IRQHandler                        0x08000243   Thumb Code     0  startup_stm32f103xb.o(.text)
    USART3_IRQHandler                        0x08000243   Thumb Code     0  startup_stm32f103xb.o(.text)
    USBWakeUp_IRQHandler                     0x08000243   Thumb Code     0  startup_stm32f103xb.o(.text)
    USB_HP_CAN1_TX_IRQHandler                0x08000243   Thumb Code     0  startup_stm32f103xb.o(.text)
    USB_LP_CAN1_RX0_IRQHandler               0x08000243   Thumb Code     0  startup_stm32f103xb.o(.text)
    WWDG_IRQHandler                          0x08000243   Thumb Code     0  startup_stm32f103xb.o(.text)
    __user_initial_stackheap                 0x08000245   Thumb Code     0  startup_stm32f103xb.o(.text)
    __2sprintf                               0x08000269   Thumb Code    34  noretval__2sprintf.o(.text)
    __printf                                 0x08000291   Thumb Code   104  __printf.o(.text)
    _printf_int_dec                          0x080002f9   Thumb Code   104  _printf_dec.o(.text)
    strlen                                   0x08000371   Thumb Code    62  strlen.o(.text)
    __aeabi_memcpy                           0x080003af   Thumb Code     0  rt_memcpy_v6.o(.text)
    __rt_memcpy                              0x080003af   Thumb Code   138  rt_memcpy_v6.o(.text)
    _memcpy_lastbytes                        0x08000415   Thumb Code     0  rt_memcpy_v6.o(.text)
    __aeabi_memcpy4                          0x08000439   Thumb Code     0  rt_memcpy_w.o(.text)
    __aeabi_memcpy8                          0x08000439   Thumb Code     0  rt_memcpy_w.o(.text)
    __rt_memcpy_w                            0x08000439   Thumb Code   100  rt_memcpy_w.o(.text)
    _memcpy_lastbytes_aligned                0x08000481   Thumb Code     0  rt_memcpy_w.o(.text)
    __aeabi_memclr                           0x0800049d   Thumb Code     0  rt_memclr.o(.text)
    __rt_memclr                              0x0800049d   Thumb Code    68  rt_memclr.o(.text)
    _memset                                  0x080004a1   Thumb Code     0  rt_memclr.o(.text)
    __aeabi_memclr4                          0x080004e1   Thumb Code     0  rt_memclr_w.o(.text)
    __aeabi_memclr8                          0x080004e1   Thumb Code     0  rt_memclr_w.o(.text)
    __rt_memclr_w                            0x080004e1   Thumb Code    78  rt_memclr_w.o(.text)
    _memset_w                                0x080004e5   Thumb Code     0  rt_memclr_w.o(.text)
    __use_two_region_memory                  0x0800052f   Thumb Code     2  heapauxi.o(.text)
    __rt_heap_escrow$2region                 0x08000531   Thumb Code     2  heapauxi.o(.text)
    __rt_heap_expand$2region                 0x08000533   Thumb Code     2  heapauxi.o(.text)
    _printf_int_common                       0x08000535   Thumb Code   178  _printf_intcommon.o(.text)
    _printf_char_common                      0x080005f3   Thumb Code    32  _printf_char_common.o(.text)
    _sputc                                   0x08000619   Thumb Code    10  _sputc.o(.text)
    __user_libspace                          0x08000625   Thumb Code     8  libspace.o(.text)
    __user_perproc_libspace                  0x08000625   Thumb Code     0  libspace.o(.text)
    __user_perthread_libspace                0x08000625   Thumb Code     0  libspace.o(.text)
    __user_setup_stackheap                   0x0800062d   Thumb Code    74  sys_stackheap_outer.o(.text)
    exit                                     0x08000677   Thumb Code    18  exit.o(.text)
    _sys_exit                                0x08000689   Thumb Code     8  sys_exit.o(.text)
    __I$use$semihosting                      0x08000695   Thumb Code     0  use_no_semi.o(.text)
    __use_no_semihosting_swi                 0x08000695   Thumb Code     2  use_no_semi.o(.text)
    BusFault_Handler                         0x08000697   Thumb Code     2  stm32f1xx_it.o(i.BusFault_Handler)
    __semihosting_library_function           0x08000697   Thumb Code     0  indicate_semi.o(.text)
    Cast_Task                                0x08000699   Thumb Code   304  bsp_task.o(i.Cast_Task)
    Cast_Task2                               0x080007dd   Thumb Code   320  bsp_task.o(i.Cast_Task2)
    DMA1_Channel4_IRQHandler                 0x08000931   Thumb Code     6  stm32f1xx_it.o(i.DMA1_Channel4_IRQHandler)
    DMA1_Channel5_IRQHandler                 0x0800093d   Thumb Code     6  stm32f1xx_it.o(i.DMA1_Channel5_IRQHandler)
    DMA_Usart_Send                           0x08000975   Thumb Code    26  bsp_uart.o(i.DMA_Usart_Send)
    Data_Resolve                             0x08000995   Thumb Code    36  bsp_uart.o(i.Data_Resolve)
    DebugMon_Handler                         0x080009bd   Thumb Code     2  stm32f1xx_it.o(i.DebugMon_Handler)
    Display_Task                             0x080009c1   Thumb Code   128  bsp_task.o(i.Display_Task)
    Error_Handler                            0x08000aa5   Thumb Code     4  main.o(i.Error_Handler)
    HAL_DMA_Abort                            0x08000aa9   Thumb Code    70  stm32f1xx_hal_dma.o(i.HAL_DMA_Abort)
    HAL_DMA_Abort_IT                         0x08000af1   Thumb Code   148  stm32f1xx_hal_dma.o(i.HAL_DMA_Abort_IT)
    HAL_DMA_IRQHandler                       0x08000b89   Thumb Code   316  stm32f1xx_hal_dma.o(i.HAL_DMA_IRQHandler)
    HAL_DMA_Init                             0x08000cdd   Thumb Code    84  stm32f1xx_hal_dma.o(i.HAL_DMA_Init)
    HAL_DMA_Start_IT                         0x08000d39   Thumb Code   112  stm32f1xx_hal_dma.o(i.HAL_DMA_Start_IT)
    HAL_Delay                                0x08000da9   Thumb Code    32  stm32f1xx_hal.o(i.HAL_Delay)
    HAL_GPIO_Init                            0x08000dcd   Thumb Code   446  stm32f1xx_hal_gpio.o(i.HAL_GPIO_Init)
    HAL_GPIO_ReadPin                         0x08000fad   Thumb Code    10  stm32f1xx_hal_gpio.o(i.HAL_GPIO_ReadPin)
    HAL_GPIO_WritePin                        0x08000fb7   Thumb Code    10  stm32f1xx_hal_gpio.o(i.HAL_GPIO_WritePin)
    HAL_GetTick                              0x08000fc1   Thumb Code     6  stm32f1xx_hal.o(i.HAL_GetTick)
    HAL_IncTick                              0x08000fcd   Thumb Code    12  stm32f1xx_hal.o(i.HAL_IncTick)
    HAL_Init                                 0x08000fdd   Thumb Code    32  stm32f1xx_hal.o(i.HAL_Init)
    HAL_InitTick                             0x08001001   Thumb Code   132  stm32f1xx_hal_timebase_tim.o(i.HAL_InitTick)
    HAL_MspInit                              0x08001099   Thumb Code    62  stm32f1xx_hal_msp.o(i.HAL_MspInit)
    HAL_NVIC_EnableIRQ                       0x080010e1   Thumb Code    26  stm32f1xx_hal_cortex.o(i.HAL_NVIC_EnableIRQ)
    HAL_NVIC_SetPriority                     0x080010fd   Thumb Code    60  stm32f1xx_hal_cortex.o(i.HAL_NVIC_SetPriority)
    HAL_NVIC_SetPriorityGrouping             0x0800113d   Thumb Code    26  stm32f1xx_hal_cortex.o(i.HAL_NVIC_SetPriorityGrouping)
    HAL_RCC_ClockConfig                      0x08001161   Thumb Code   280  stm32f1xx_hal_rcc.o(i.HAL_RCC_ClockConfig)
    HAL_RCC_GetClockConfig                   0x0800128d   Thumb Code    54  stm32f1xx_hal_rcc.o(i.HAL_RCC_GetClockConfig)
    HAL_RCC_GetPCLK1Freq                     0x080012cd   Thumb Code    20  stm32f1xx_hal_rcc.o(i.HAL_RCC_GetPCLK1Freq)
    HAL_RCC_GetPCLK2Freq                     0x080012ed   Thumb Code    20  stm32f1xx_hal_rcc.o(i.HAL_RCC_GetPCLK2Freq)
    HAL_RCC_GetSysClockFreq                  0x0800130d   Thumb Code    58  stm32f1xx_hal_rcc.o(i.HAL_RCC_GetSysClockFreq)
    HAL_RCC_OscConfig                        0x08001359   Thumb Code   778  stm32f1xx_hal_rcc.o(i.HAL_RCC_OscConfig)
    HAL_TIMEx_BreakCallback                  0x08001679   Thumb Code     2  stm32f1xx_hal_tim_ex.o(i.HAL_TIMEx_BreakCallback)
    HAL_TIMEx_CommutCallback                 0x0800167b   Thumb Code     2  stm32f1xx_hal_tim_ex.o(i.HAL_TIMEx_CommutCallback)
    HAL_TIMEx_MasterConfigSynchronization    0x0800167d   Thumb Code    92  stm32f1xx_hal_tim_ex.o(i.HAL_TIMEx_MasterConfigSynchronization)
    HAL_TIM_Base_Init                        0x080016e5   Thumb Code    90  stm32f1xx_hal_tim.o(i.HAL_TIM_Base_Init)
    HAL_TIM_Base_MspInit                     0x08001741   Thumb Code    30  tim.o(i.HAL_TIM_Base_MspInit)
    HAL_TIM_Base_Start_IT                    0x08001765   Thumb Code    76  stm32f1xx_hal_tim.o(i.HAL_TIM_Base_Start_IT)
    HAL_TIM_ConfigClockSource                0x080017bd   Thumb Code   220  stm32f1xx_hal_tim.o(i.HAL_TIM_ConfigClockSource)
    HAL_TIM_IC_CaptureCallback               0x08001899   Thumb Code     2  stm32f1xx_hal_tim.o(i.HAL_TIM_IC_CaptureCallback)
    HAL_TIM_IRQHandler                       0x0800189b   Thumb Code   304  stm32f1xx_hal_tim.o(i.HAL_TIM_IRQHandler)
    HAL_TIM_MspPostInit                      0x080019cd   Thumb Code    88  tim.o(i.HAL_TIM_MspPostInit)
    HAL_TIM_OC_DelayElapsedCallback          0x08001a31   Thumb Code     2  stm32f1xx_hal_tim.o(i.HAL_TIM_OC_DelayElapsedCallback)
    HAL_TIM_PWM_ConfigChannel                0x08001a33   Thumb Code   204  stm32f1xx_hal_tim.o(i.HAL_TIM_PWM_ConfigChannel)
    HAL_TIM_PWM_Init                         0x08001aff   Thumb Code    90  stm32f1xx_hal_tim.o(i.HAL_TIM_PWM_Init)
    HAL_TIM_PWM_MspInit                      0x08001b59   Thumb Code    30  tim.o(i.HAL_TIM_PWM_MspInit)
    HAL_TIM_PWM_PulseFinishedCallback        0x08001b81   Thumb Code     2  stm32f1xx_hal_tim.o(i.HAL_TIM_PWM_PulseFinishedCallback)
    HAL_TIM_PWM_Start                        0x08001b85   Thumb Code   144  stm32f1xx_hal_tim.o(i.HAL_TIM_PWM_Start)
    HAL_TIM_PeriodElapsedCallback            0x08001c21   Thumb Code    14  main.o(i.HAL_TIM_PeriodElapsedCallback)
    HAL_TIM_TriggerCallback                  0x08001c35   Thumb Code     2  stm32f1xx_hal_tim.o(i.HAL_TIM_TriggerCallback)
    HAL_UARTEx_RxEventCallback               0x08001c37   Thumb Code     2  stm32f1xx_hal_uart.o(i.HAL_UARTEx_RxEventCallback)
    HAL_UART_DMAStop                         0x08001c39   Thumb Code   112  stm32f1xx_hal_uart.o(i.HAL_UART_DMAStop)
    HAL_UART_ErrorCallback                   0x08001ca9   Thumb Code     2  stm32f1xx_hal_uart.o(i.HAL_UART_ErrorCallback)
    HAL_UART_IRQHandler                      0x08001cad   Thumb Code   616  stm32f1xx_hal_uart.o(i.HAL_UART_IRQHandler)
    HAL_UART_Init                            0x08001f19   Thumb Code   100  stm32f1xx_hal_uart.o(i.HAL_UART_Init)
    HAL_UART_MspInit                         0x08001f7d   Thumb Code   268  usart.o(i.HAL_UART_MspInit)
    HAL_UART_Receive_DMA                     0x080020a5   Thumb Code    28  stm32f1xx_hal_uart.o(i.HAL_UART_Receive_DMA)
    HAL_UART_RxCpltCallback                  0x080020c1   Thumb Code     2  stm32f1xx_hal_uart.o(i.HAL_UART_RxCpltCallback)
    HAL_UART_RxHalfCpltCallback              0x080020c3   Thumb Code     2  stm32f1xx_hal_uart.o(i.HAL_UART_RxHalfCpltCallback)
    HAL_UART_Transmit                        0x080020c5   Thumb Code   160  stm32f1xx_hal_uart.o(i.HAL_UART_Transmit)
    HAL_UART_Transmit_DMA                    0x08002165   Thumb Code   106  stm32f1xx_hal_uart.o(i.HAL_UART_Transmit_DMA)
    HAL_UART_TxCpltCallback                  0x080021dd   Thumb Code     2  stm32f1xx_hal_uart.o(i.HAL_UART_TxCpltCallback)
    HAL_UART_TxHalfCpltCallback              0x080021df   Thumb Code     2  stm32f1xx_hal_uart.o(i.HAL_UART_TxHalfCpltCallback)
    HardFault_Handler                        0x080021e1   Thumb Code     2  stm32f1xx_it.o(i.HardFault_Handler)
    I2CReceiveByte                           0x080021e3   Thumb Code    78  eeprom.o(i.I2CReceiveByte)
    I2CSendByte                              0x08002231   Thumb Code    78  eeprom.o(i.I2CSendByte)
    I2CSendNotAck                            0x0800227f   Thumb Code    48  eeprom.o(i.I2CSendNotAck)
    I2CStart                                 0x080022af   Thumb Code    54  eeprom.o(i.I2CStart)
    I2CStop                                  0x080022e5   Thumb Code    54  eeprom.o(i.I2CStop)
    I2CWaitAck                               0x0800231b   Thumb Code    78  eeprom.o(i.I2CWaitAck)
    IIC_Start                                0x08002369   Thumb Code    52  oled.o(i.IIC_Start)
    IIC_Stop                                 0x080023a1   Thumb Code    40  oled.o(i.IIC_Stop)
    IIC_Wait_Ack                             0x080023cd   Thumb Code    30  oled.o(i.IIC_Wait_Ack)
    Init_Task                                0x080023f1   Thumb Code   168  bsp_task.o(i.Init_Task)
    Key_Read                                 0x080024b1   Thumb Code   164  key.o(i.Key_Read)
    Key_Task                                 0x0800255d   Thumb Code   236  bsp_task.o(i.Key_Task)
    Loop_Task                                0x08002655   Thumb Code    56  freertos.o(i.Loop_Task)
    MX_DMA_Init                              0x08002695   Thumb Code    56  dma.o(i.MX_DMA_Init)
    MX_FREERTOS_Init                         0x080026d1   Thumb Code    74  freertos.o(i.MX_FREERTOS_Init)
    MX_GPIO_Init                             0x08002725   Thumb Code   218  gpio.o(i.MX_GPIO_Init)
    MX_TIM2_Init                             0x0800280d   Thumb Code   180  tim.o(i.MX_TIM2_Init)
    MX_TIM3_Init                             0x080028c5   Thumb Code   122  tim.o(i.MX_TIM3_Init)
    MX_USART1_UART_Init                      0x08002949   Thumb Code    66  usart.o(i.MX_USART1_UART_Init)
    MX_USART3_UART_Init                      0x08002999   Thumb Code    48  usart.o(i.MX_USART3_UART_Init)
    Main_Task                                0x080029d1   Thumb Code    62  bsp_task.o(i.Main_Task)
    MemManage_Handler                        0x08002a1d   Thumb Code     2  stm32f1xx_it.o(i.MemManage_Handler)
    Motor_Control                            0x08002a21   Thumb Code   160  bsp_motor.o(i.Motor_Control)
    NMI_Handler                              0x08002acd   Thumb Code     2  stm32f1xx_it.o(i.NMI_Handler)
    OLED_Clear                               0x08002acf   Thumb Code    58  oled.o(i.OLED_Clear)
    OLED_Init                                0x08002b09   Thumb Code   228  oled.o(i.OLED_Init)
    OLED_Set_Pos                             0x08002bed   Thumb Code    46  oled.o(i.OLED_Set_Pos)
    OLED_ShowChar                            0x08002c1d   Thumb Code   128  oled.o(i.OLED_ShowChar)
    OLED_ShowString                          0x08002ca5   Thumb Code    54  oled.o(i.OLED_ShowString)
    OLED_WR_Byte                             0x08002cdb   Thumb Code    12  oled.o(i.OLED_WR_Byte)
    SCL_Output                               0x08002ce9   Thumb Code    20  eeprom.o(i.SCL_Output)
    SDA_Input                                0x08002d01   Thumb Code    18  eeprom.o(i.SDA_Input)
    SDA_Input_Mode                           0x08002d19   Thumb Code    28  eeprom.o(i.SDA_Input_Mode)
    SDA_Output                               0x08002d39   Thumb Code    20  eeprom.o(i.SDA_Output)
    SDA_Output_Mode                          0x08002d51   Thumb Code    28  eeprom.o(i.SDA_Output_Mode)
    SYN_FrameInfo                            0x08002d71   Thumb Code   116  syn6288.o(i.SYN_FrameInfo)
    Sensor_Judge                             0x08002de9   Thumb Code   284  sensor.o(i.Sensor_Judge)
    Sensor_Read                              0x08002f31   Thumb Code   106  sensor.o(i.Sensor_Read)
    Sensor_Task                              0x08002fa9   Thumb Code    16  freertos.o(i.Sensor_Task)
    Servo_Control                            0x08002fb9   Thumb Code    76  bsp_servo.o(i.Servo_Control)
    StartDefaultTask                         0x08003015   Thumb Code    92  freertos.o(i.StartDefaultTask)
    SysTick_Handler                          0x08003079   Thumb Code    38  port.o(i.SysTick_Handler)
    SystemClock_Config                       0x080030a5   Thumb Code    94  main.o(i.SystemClock_Config)
    SystemInit                               0x08003103   Thumb Code     2  system_stm32f1xx.o(i.SystemInit)
    TIM4_IRQHandler                          0x08003105   Thumb Code     6  stm32f1xx_it.o(i.TIM4_IRQHandler)
    TIM_Base_SetConfig                       0x08003111   Thumb Code   108  stm32f1xx_hal_tim.o(i.TIM_Base_SetConfig)
    TIM_CCxChannelCmd                        0x08003189   Thumb Code    26  stm32f1xx_hal_tim.o(i.TIM_CCxChannelCmd)
    TIM_ETR_SetConfig                        0x080031a3   Thumb Code    20  stm32f1xx_hal_tim.o(i.TIM_ETR_SetConfig)
    TIM_OC2_SetConfig                        0x08003219   Thumb Code    84  stm32f1xx_hal_tim.o(i.TIM_OC2_SetConfig)
    UART_Start_Receive_DMA                   0x08003681   Thumb Code   130  stm32f1xx_hal_uart.o(i.UART_Start_Receive_DMA)
    USART1_IRQHandler                        0x08003785   Thumb Code    98  stm32f1xx_it.o(i.USART1_IRQHandler)
    UsageFault_Handler                       0x08003801   Thumb Code     2  stm32f1xx_it.o(i.UsageFault_Handler)
    Write_IIC_Byte                           0x08003805   Thumb Code    86  oled.o(i.Write_IIC_Byte)
    Write_IIC_Command                        0x08003861   Thumb Code    46  oled.o(i.Write_IIC_Command)
    Write_IIC_Data                           0x0800388f   Thumb Code    46  oled.o(i.Write_IIC_Data)
    eeprom_read                              0x080038e9   Thumb Code    64  eeprom.o(i.eeprom_read)
    eeprom_write                             0x08003929   Thumb Code    48  eeprom.o(i.eeprom_write)
    main                                     0x08003959   Thumb Code    94  main.o(i.main)
    osDelay                                  0x080039cd   Thumb Code    14  cmsis_os.o(i.osDelay)
    osKernelStart                            0x080039db   Thumb Code    10  cmsis_os.o(i.osKernelStart)
    osThreadCreate                           0x080039e5   Thumb Code    84  cmsis_os.o(i.osThreadCreate)
    pvPortMalloc                             0x08003d85   Thumb Code   216  heap_4.o(i.pvPortMalloc)
    pxPortInitialiseStack                    0x08003e61   Thumb Code    32  port.o(i.pxPortInitialiseStack)
    uxListRemove                             0x08003e85   Thumb Code    38  list.o(i.uxListRemove)
    vApplicationGetIdleTaskMemory            0x08003ead   Thumb Code    16  freertos.o(i.vApplicationGetIdleTaskMemory)
    vListInitialise                          0x08003ec1   Thumb Code    22  list.o(i.vListInitialise)
    vListInitialiseItem                      0x08003ed7   Thumb Code     6  list.o(i.vListInitialiseItem)
    vListInsert                              0x08003edd   Thumb Code    48  list.o(i.vListInsert)
    vListInsertEnd                           0x08003f0d   Thumb Code    24  list.o(i.vListInsertEnd)
    vPortEnterCritical                       0x08003f25   Thumb Code    54  port.o(i.vPortEnterCritical)
    vPortExitCritical                        0x08003f65   Thumb Code    34  port.o(i.vPortExitCritical)
    vPortFree                                0x08003f8d   Thumb Code    94  heap_4.o(i.vPortFree)
    vPortSetupTimerInterrupt                 0x08003ff1   Thumb Code    32  port.o(i.vPortSetupTimerInterrupt)
    vTaskDelay                               0x08004015   Thumb Code    66  tasks.o(i.vTaskDelay)
    vTaskStartScheduler                      0x08004061   Thumb Code    90  tasks.o(i.vTaskStartScheduler)
    vTaskSuspendAll                          0x080040cd   Thumb Code    10  tasks.o(i.vTaskSuspendAll)
    vTaskSwitchContext                       0x080040dd   Thumb Code    82  tasks.o(i.vTaskSwitchContext)
    xPortStartScheduler                      0x08004139   Thumb Code   154  port.o(i.xPortStartScheduler)
    xTaskCreate                              0x080041e1   Thumb Code    90  tasks.o(i.xTaskCreate)
    xTaskCreateStatic                        0x0800423b   Thumb Code    86  tasks.o(i.xTaskCreateStatic)
    xTaskIncrementTick                       0x08004291   Thumb Code   194  tasks.o(i.xTaskIncrementTick)
    xTaskResumeAll                           0x0800435d   Thumb Code   182  tasks.o(i.xTaskResumeAll)
    __aeabi_fadd                             0x08004421   Thumb Code     0  faddsub_clz.o(x$fpl$fadd)
    _fadd                                    0x08004421   Thumb Code   196  faddsub_clz.o(x$fpl$fadd)
    __aeabi_fdiv                             0x080044e5   Thumb Code     0  fdiv.o(x$fpl$fdiv)
    _fdiv                                    0x080044e5   Thumb Code   384  fdiv.o(x$fpl$fdiv)
    __aeabi_f2uiz                            0x08004669   Thumb Code     0  ffixu.o(x$fpl$ffixu)
    _ffixu                                   0x08004669   Thumb Code    62  ffixu.o(x$fpl$ffixu)
    __aeabi_ui2f                             0x080046a9   Thumb Code     0  fflt_clz.o(x$fpl$ffltu)
    _ffltu                                   0x080046a9   Thumb Code    38  fflt_clz.o(x$fpl$ffltu)
    __fpl_fnaninf                            0x080046cf   Thumb Code   140  fnaninf.o(x$fpl$fnaninf)
    __fpl_fretinf                            0x0800475b   Thumb Code    10  fretinf.o(x$fpl$fretinf)
    __aeabi_fsub                             0x08004765   Thumb Code     0  faddsub_clz.o(x$fpl$fsub)
    _fsub                                    0x08004765   Thumb Code   234  faddsub_clz.o(x$fpl$fsub)
    __I$use$fp                               0x0800484e   Number         0  usenofp.o(x$fpl$usenofp)
    AHBPrescTable                            0x080048b6   Data          16  system_stm32f1xx.o(.constdata)
    APBPrescTable                            0x080048c6   Data           8  system_stm32f1xx.o(.constdata)
    F6x8                                     0x080048ce   Data         552  oled.o(.constdata)
    F8X16                                    0x08004af6   Data        1520  oled.o(.constdata)
    Region$$Table$$Base                      0x0800510c   Number         0  anon$$obj.o(Region$$Table)
    Region$$Table$$Limit                     0x0800512c   Number         0  anon$$obj.o(Region$$Table)
    defaultTaskHandle                        0x20000000   Data           4  freertos.o(.data)
    LoopTaskHandle                           0x20000004   Data           4  freertos.o(.data)
    SensorTaskHandle                         0x20000008   Data           4  freertos.o(.data)
    rx_len                                   0x2000000c   Data           1  usart.o(.data)
    tx_len                                   0x2000000d   Data           1  usart.o(.data)
    recv_end_flag                            0x2000000e   Data           1  usart.o(.data)
    rx_buffer                                0x2000000f   Data           3  usart.o(.data)
    tx_buffer                                0x20000012   Data           3  usart.o(.data)
    uwTickFreq                               0x20000018   Data           1  stm32f1xx_hal.o(.data)
    uwTickPrio                               0x2000001c   Data           4  stm32f1xx_hal.o(.data)
    uwTick                                   0x20000020   Data           4  stm32f1xx_hal.o(.data)
    SystemCoreClock                          0x20000024   Data           4  system_stm32f1xx.o(.data)
    sensor_time                              0x20000028   Data           4  sensor.o(.data)
    motor_flag                               0x2000002c   Data           1  bsp_task.o(.data)
    lock_flag                                0x2000002d   Data           1  bsp_task.o(.data)
    time_flag                                0x20000030   Data           4  bsp_task.o(.data)
    time2_flag                               0x20000034   Data           4  bsp_task.o(.data)
    cast                                     0x20000038   Data           4  bsp_task.o(.data)
    Uart_Flag                                0x2000003c   Data           1  bsp_uart.o(.data)
    pxCurrentTCB                             0x20000040   Data           4  tasks.o(.data)
    htim2                                    0x200002fc   Data          72  tim.o(.bss)
    htim3                                    0x20000344   Data          72  tim.o(.bss)
    huart1                                   0x2000038c   Data          72  usart.o(.bss)
    huart3                                   0x200003d4   Data          72  usart.o(.bss)
    hdma_usart1_rx                           0x2000041c   Data          68  usart.o(.bss)
    hdma_usart1_tx                           0x20000460   Data          68  usart.o(.bss)
    htim4                                    0x200004a4   Data          72  stm32f1xx_hal_timebase_tim.o(.bss)
    motor                                    0x200004ec   Data          12  bsp_motor.o(.bss)
    sensor                                   0x200004f8   Data          12  sensor.o(.bss)
    key                                      0x20000504   Data          32  key.o(.bss)
    __libspace_start                         0x20001214   Data          96  libspace.o(.bss)
    __temporary_stack_top$libspace           0x20001274   Data           0  libspace.o(.bss)



==============================================================================

Memory Map of the image

  Image Entry point : 0x080000ed

  Load Region LR_IROM1 (Base: 0x08000000, Size: 0x000051d4, Max: 0x00010000, ABSOLUTE)

    Execution Region ER_IROM1 (Exec base: 0x08000000, Load base: 0x08000000, Size: 0x0000512c, Max: 0x00010000, ABSOLUTE)

    Exec Addr    Load Addr    Size         Type   Attr      Idx    E Section Name        Object

    0x08000000   0x08000000   0x000000ec   Data   RO            3    RESET               startup_stm32f103xb.o
    0x080000ec   0x080000ec   0x00000008   Code   RO         4912  * !!!main             c_w.l(__main.o)
    0x080000f4   0x080000f4   0x00000034   Code   RO         5189    !!!scatter          c_w.l(__scatter.o)
    0x08000128   0x08000128   0x0000001a   Code   RO         5191    !!handler_copy      c_w.l(__scatter_copy.o)
    0x08000142   0x08000142   0x00000002   PAD
    0x08000144   0x08000144   0x0000001c   Code   RO         5193    !!handler_zi        c_w.l(__scatter_zi.o)
    0x08000160   0x08000160   0x00000000   Code   RO         4897    .ARM.Collect$$_printf_percent$$00000000  c_w.l(_printf_percent.o)
    0x08000160   0x08000160   0x00000006   Code   RO         4896    .ARM.Collect$$_printf_percent$$00000009  c_w.l(_printf_d.o)
    0x08000166   0x08000166   0x00000004   Code   RO         4977    .ARM.Collect$$_printf_percent$$00000017  c_w.l(_printf_percent_end.o)
    0x0800016a   0x0800016a   0x00000002   Code   RO         5058    .ARM.Collect$$libinit$$00000000  c_w.l(libinit.o)
    0x0800016c   0x0800016c   0x00000000   Code   RO         5064    .ARM.Collect$$libinit$$00000002  c_w.l(libinit2.o)
    0x0800016c   0x0800016c   0x00000000   Code   RO         5066    .ARM.Collect$$libinit$$00000004  c_w.l(libinit2.o)
    0x0800016c   0x0800016c   0x00000000   Code   RO         5069    .ARM.Collect$$libinit$$0000000A  c_w.l(libinit2.o)
    0x0800016c   0x0800016c   0x00000000   Code   RO         5071    .ARM.Collect$$libinit$$0000000C  c_w.l(libinit2.o)
    0x0800016c   0x0800016c   0x00000000   Code   RO         5073    .ARM.Collect$$libinit$$0000000E  c_w.l(libinit2.o)
    0x0800016c   0x0800016c   0x00000000   Code   RO         5076    .ARM.Collect$$libinit$$00000011  c_w.l(libinit2.o)
    0x0800016c   0x0800016c   0x00000000   Code   RO         5078    .ARM.Collect$$libinit$$00000013  c_w.l(libinit2.o)
    0x0800016c   0x0800016c   0x00000000   Code   RO         5080    .ARM.Collect$$libinit$$00000015  c_w.l(libinit2.o)
    0x0800016c   0x0800016c   0x00000000   Code   RO         5082    .ARM.Collect$$libinit$$00000017  c_w.l(libinit2.o)
    0x0800016c   0x0800016c   0x00000000   Code   RO         5084    .ARM.Collect$$libinit$$00000019  c_w.l(libinit2.o)
    0x0800016c   0x0800016c   0x00000000   Code   RO         5086    .ARM.Collect$$libinit$$0000001B  c_w.l(libinit2.o)
    0x0800016c   0x0800016c   0x00000000   Code   RO         5088    .ARM.Collect$$libinit$$0000001D  c_w.l(libinit2.o)
    0x0800016c   0x0800016c   0x00000000   Code   RO         5090    .ARM.Collect$$libinit$$0000001F  c_w.l(libinit2.o)
    0x0800016c   0x0800016c   0x00000000   Code   RO         5092    .ARM.Collect$$libinit$$00000021  c_w.l(libinit2.o)
    0x0800016c   0x0800016c   0x00000000   Code   RO         5094    .ARM.Collect$$libinit$$00000023  c_w.l(libinit2.o)
    0x0800016c   0x0800016c   0x00000000   Code   RO         5096    .ARM.Collect$$libinit$$00000025  c_w.l(libinit2.o)
    0x0800016c   0x0800016c   0x00000000   Code   RO         5100    .ARM.Collect$$libinit$$0000002C  c_w.l(libinit2.o)
    0x0800016c   0x0800016c   0x00000000   Code   RO         5102    .ARM.Collect$$libinit$$0000002E  c_w.l(libinit2.o)
    0x0800016c   0x0800016c   0x00000000   Code   RO         5104    .ARM.Collect$$libinit$$00000030  c_w.l(libinit2.o)
    0x0800016c   0x0800016c   0x00000000   Code   RO         5106    .ARM.Collect$$libinit$$00000032  c_w.l(libinit2.o)
    0x0800016c   0x0800016c   0x00000002   Code   RO         5107    .ARM.Collect$$libinit$$00000033  c_w.l(libinit2.o)
    0x0800016e   0x0800016e   0x00000002   Code   RO         5129    .ARM.Collect$$libshutdown$$00000000  c_w.l(libshutdown.o)
    0x08000170   0x08000170   0x00000000   Code   RO         5142    .ARM.Collect$$libshutdown$$00000002  c_w.l(libshutdown2.o)
    0x08000170   0x08000170   0x00000000   Code   RO         5144    .ARM.Collect$$libshutdown$$00000004  c_w.l(libshutdown2.o)
    0x08000170   0x08000170   0x00000000   Code   RO         5147    .ARM.Collect$$libshutdown$$00000007  c_w.l(libshutdown2.o)
    0x08000170   0x08000170   0x00000000   Code   RO         5150    .ARM.Collect$$libshutdown$$0000000A  c_w.l(libshutdown2.o)
    0x08000170   0x08000170   0x00000000   Code   RO         5152    .ARM.Collect$$libshutdown$$0000000C  c_w.l(libshutdown2.o)
    0x08000170   0x08000170   0x00000000   Code   RO         5155    .ARM.Collect$$libshutdown$$0000000F  c_w.l(libshutdown2.o)
    0x08000170   0x08000170   0x00000002   Code   RO         5156    .ARM.Collect$$libshutdown$$00000010  c_w.l(libshutdown2.o)
    0x08000172   0x08000172   0x00000000   Code   RO         4968    .ARM.Collect$$rtentry$$00000000  c_w.l(__rtentry.o)
    0x08000172   0x08000172   0x00000000   Code   RO         5021    .ARM.Collect$$rtentry$$00000002  c_w.l(__rtentry2.o)
    0x08000172   0x08000172   0x00000006   Code   RO         5033    .ARM.Collect$$rtentry$$00000004  c_w.l(__rtentry4.o)
    0x08000178   0x08000178   0x00000000   Code   RO         5023    .ARM.Collect$$rtentry$$00000009  c_w.l(__rtentry2.o)
    0x08000178   0x08000178   0x00000004   Code   RO         5024    .ARM.Collect$$rtentry$$0000000A  c_w.l(__rtentry2.o)
    0x0800017c   0x0800017c   0x00000000   Code   RO         5026    .ARM.Collect$$rtentry$$0000000C  c_w.l(__rtentry2.o)
    0x0800017c   0x0800017c   0x00000008   Code   RO         5027    .ARM.Collect$$rtentry$$0000000D  c_w.l(__rtentry2.o)
    0x08000184   0x08000184   0x00000002   Code   RO         5061    .ARM.Collect$$rtexit$$00000000  c_w.l(rtexit.o)
    0x08000186   0x08000186   0x00000000   Code   RO         5111    .ARM.Collect$$rtexit$$00000002  c_w.l(rtexit2.o)
    0x08000186   0x08000186   0x00000004   Code   RO         5112    .ARM.Collect$$rtexit$$00000003  c_w.l(rtexit2.o)
    0x0800018a   0x0800018a   0x00000006   Code   RO         5113    .ARM.Collect$$rtexit$$00000004  c_w.l(rtexit2.o)
    0x08000190   0x08000190   0x00000096   Code   RO         4787    .emb_text           port.o
    0x08000226   0x08000226   0x00000002   PAD
    0x08000228   0x08000228   0x00000040   Code   RO            4    .text               startup_stm32f103xb.o
    0x08000268   0x08000268   0x00000028   Code   RO         4870    .text               c_w.l(noretval__2sprintf.o)
    0x08000290   0x08000290   0x00000068   Code   RO         4872    .text               c_w.l(__printf.o)
    0x080002f8   0x080002f8   0x00000078   Code   RO         4874    .text               c_w.l(_printf_dec.o)
    0x08000370   0x08000370   0x0000003e   Code   RO         4898    .text               c_w.l(strlen.o)
    0x080003ae   0x080003ae   0x0000008a   Code   RO         4900    .text               c_w.l(rt_memcpy_v6.o)
    0x08000438   0x08000438   0x00000064   Code   RO         4902    .text               c_w.l(rt_memcpy_w.o)
    0x0800049c   0x0800049c   0x00000044   Code   RO         4906    .text               c_w.l(rt_memclr.o)
    0x080004e0   0x080004e0   0x0000004e   Code   RO         4908    .text               c_w.l(rt_memclr_w.o)
    0x0800052e   0x0800052e   0x00000006   Code   RO         4910    .text               c_w.l(heapauxi.o)
    0x08000534   0x08000534   0x000000b2   Code   RO         4971    .text               c_w.l(_printf_intcommon.o)
    0x080005e6   0x080005e6   0x00000002   PAD
    0x080005e8   0x080005e8   0x00000030   Code   RO         4973    .text               c_w.l(_printf_char_common.o)
    0x08000618   0x08000618   0x0000000a   Code   RO         4975    .text               c_w.l(_sputc.o)
    0x08000622   0x08000622   0x00000002   PAD
    0x08000624   0x08000624   0x00000008   Code   RO         5046    .text               c_w.l(libspace.o)
    0x0800062c   0x0800062c   0x0000004a   Code   RO         5049    .text               c_w.l(sys_stackheap_outer.o)
    0x08000676   0x08000676   0x00000012   Code   RO         5051    .text               c_w.l(exit.o)
    0x08000688   0x08000688   0x0000000c   Code   RO         5121    .text               c_w.l(sys_exit.o)
    0x08000694   0x08000694   0x00000002   Code   RO         5132    .text               c_w.l(use_no_semi.o)
    0x08000696   0x08000696   0x00000000   Code   RO         5134    .text               c_w.l(indicate_semi.o)
    0x08000696   0x08000696   0x00000002   Code   RO          467    i.BusFault_Handler  stm32f1xx_it.o
    0x08000698   0x08000698   0x00000144   Code   RO         3449    i.Cast_Task         bsp_task.o
    0x080007dc   0x080007dc   0x00000154   Code   RO         3450    i.Cast_Task2        bsp_task.o
    0x08000930   0x08000930   0x0000000c   Code   RO          468    i.DMA1_Channel4_IRQHandler  stm32f1xx_it.o
    0x0800093c   0x0800093c   0x0000000c   Code   RO          469    i.DMA1_Channel5_IRQHandler  stm32f1xx_it.o
    0x08000948   0x08000948   0x0000002a   Code   RO         1028    i.DMA_SetConfig     stm32f1xx_hal_dma.o
    0x08000972   0x08000972   0x00000002   PAD
    0x08000974   0x08000974   0x00000020   Code   RO         3522    i.DMA_Usart_Send    bsp_uart.o
    0x08000994   0x08000994   0x00000028   Code   RO         3523    i.Data_Resolve      bsp_uart.o
    0x080009bc   0x080009bc   0x00000002   Code   RO          470    i.DebugMon_Handler  stm32f1xx_it.o
    0x080009be   0x080009be   0x00000002   PAD
    0x080009c0   0x080009c0   0x000000e4   Code   RO         3451    i.Display_Task      bsp_task.o
    0x08000aa4   0x08000aa4   0x00000004   Code   RO           13    i.Error_Handler     main.o
    0x08000aa8   0x08000aa8   0x00000046   Code   RO         1029    i.HAL_DMA_Abort     stm32f1xx_hal_dma.o
    0x08000aee   0x08000aee   0x00000002   PAD
    0x08000af0   0x08000af0   0x00000098   Code   RO         1030    i.HAL_DMA_Abort_IT  stm32f1xx_hal_dma.o
    0x08000b88   0x08000b88   0x00000154   Code   RO         1034    i.HAL_DMA_IRQHandler  stm32f1xx_hal_dma.o
    0x08000cdc   0x08000cdc   0x0000005c   Code   RO         1035    i.HAL_DMA_Init      stm32f1xx_hal_dma.o
    0x08000d38   0x08000d38   0x00000070   Code   RO         1039    i.HAL_DMA_Start_IT  stm32f1xx_hal_dma.o
    0x08000da8   0x08000da8   0x00000024   Code   RO          655    i.HAL_Delay         stm32f1xx_hal.o
    0x08000dcc   0x08000dcc   0x000001e0   Code   RO          965    i.HAL_GPIO_Init     stm32f1xx_hal_gpio.o
    0x08000fac   0x08000fac   0x0000000a   Code   RO          967    i.HAL_GPIO_ReadPin  stm32f1xx_hal_gpio.o
    0x08000fb6   0x08000fb6   0x0000000a   Code   RO          969    i.HAL_GPIO_WritePin  stm32f1xx_hal_gpio.o
    0x08000fc0   0x08000fc0   0x0000000c   Code   RO          659    i.HAL_GetTick       stm32f1xx_hal.o
    0x08000fcc   0x08000fcc   0x00000010   Code   RO          665    i.HAL_IncTick       stm32f1xx_hal.o
    0x08000fdc   0x08000fdc   0x00000024   Code   RO          666    i.HAL_Init          stm32f1xx_hal.o
    0x08001000   0x08001000   0x00000098   Code   RO          573    i.HAL_InitTick      stm32f1xx_hal_timebase_tim.o
    0x08001098   0x08001098   0x00000048   Code   RO          549    i.HAL_MspInit       stm32f1xx_hal_msp.o
    0x080010e0   0x080010e0   0x0000001a   Code   RO         1125    i.HAL_NVIC_EnableIRQ  stm32f1xx_hal_cortex.o
    0x080010fa   0x080010fa   0x00000002   PAD
    0x080010fc   0x080010fc   0x00000040   Code   RO         1131    i.HAL_NVIC_SetPriority  stm32f1xx_hal_cortex.o
    0x0800113c   0x0800113c   0x00000024   Code   RO         1132    i.HAL_NVIC_SetPriorityGrouping  stm32f1xx_hal_cortex.o
    0x08001160   0x08001160   0x0000012c   Code   RO          823    i.HAL_RCC_ClockConfig  stm32f1xx_hal_rcc.o
    0x0800128c   0x0800128c   0x00000040   Code   RO          827    i.HAL_RCC_GetClockConfig  stm32f1xx_hal_rcc.o
    0x080012cc   0x080012cc   0x00000020   Code   RO          830    i.HAL_RCC_GetPCLK1Freq  stm32f1xx_hal_rcc.o
    0x080012ec   0x080012ec   0x00000020   Code   RO          831    i.HAL_RCC_GetPCLK2Freq  stm32f1xx_hal_rcc.o
    0x0800130c   0x0800130c   0x0000004c   Code   RO          832    i.HAL_RCC_GetSysClockFreq  stm32f1xx_hal_rcc.o
    0x08001358   0x08001358   0x00000320   Code   RO          835    i.HAL_RCC_OscConfig  stm32f1xx_hal_rcc.o
    0x08001678   0x08001678   0x00000002   Code   RO         2331    i.HAL_TIMEx_BreakCallback  stm32f1xx_hal_tim_ex.o
    0x0800167a   0x0800167a   0x00000002   Code   RO         2332    i.HAL_TIMEx_CommutCallback  stm32f1xx_hal_tim_ex.o
    0x0800167c   0x0800167c   0x00000068   Code   RO         2350    i.HAL_TIMEx_MasterConfigSynchronization  stm32f1xx_hal_tim_ex.o
    0x080016e4   0x080016e4   0x0000005a   Code   RO         1627    i.HAL_TIM_Base_Init  stm32f1xx_hal_tim.o
    0x0800173e   0x0800173e   0x00000002   PAD
    0x08001740   0x08001740   0x00000024   Code   RO          349    i.HAL_TIM_Base_MspInit  tim.o
    0x08001764   0x08001764   0x00000058   Code   RO         1632    i.HAL_TIM_Base_Start_IT  stm32f1xx_hal_tim.o
    0x080017bc   0x080017bc   0x000000dc   Code   RO         1636    i.HAL_TIM_ConfigClockSource  stm32f1xx_hal_tim.o
    0x08001898   0x08001898   0x00000002   Code   RO         1661    i.HAL_TIM_IC_CaptureCallback  stm32f1xx_hal_tim.o
    0x0800189a   0x0800189a   0x00000130   Code   RO         1675    i.HAL_TIM_IRQHandler  stm32f1xx_hal_tim.o
    0x080019ca   0x080019ca   0x00000002   PAD
    0x080019cc   0x080019cc   0x00000064   Code   RO          350    i.HAL_TIM_MspPostInit  tim.o
    0x08001a30   0x08001a30   0x00000002   Code   RO         1678    i.HAL_TIM_OC_DelayElapsedCallback  stm32f1xx_hal_tim.o
    0x08001a32   0x08001a32   0x000000cc   Code   RO         1699    i.HAL_TIM_PWM_ConfigChannel  stm32f1xx_hal_tim.o
    0x08001afe   0x08001afe   0x0000005a   Code   RO         1702    i.HAL_TIM_PWM_Init  stm32f1xx_hal_tim.o
    0x08001b58   0x08001b58   0x00000028   Code   RO          352    i.HAL_TIM_PWM_MspInit  tim.o
    0x08001b80   0x08001b80   0x00000002   Code   RO         1705    i.HAL_TIM_PWM_PulseFinishedCallback  stm32f1xx_hal_tim.o
    0x08001b82   0x08001b82   0x00000002   PAD
    0x08001b84   0x08001b84   0x0000009c   Code   RO         1707    i.HAL_TIM_PWM_Start  stm32f1xx_hal_tim.o
    0x08001c20   0x08001c20   0x00000014   Code   RO           14    i.HAL_TIM_PeriodElapsedCallback  main.o
    0x08001c34   0x08001c34   0x00000002   Code   RO         1718    i.HAL_TIM_TriggerCallback  stm32f1xx_hal_tim.o
    0x08001c36   0x08001c36   0x00000002   Code   RO         2610    i.HAL_UARTEx_RxEventCallback  stm32f1xx_hal_uart.o
    0x08001c38   0x08001c38   0x00000070   Code   RO         2622    i.HAL_UART_DMAStop  stm32f1xx_hal_uart.o
    0x08001ca8   0x08001ca8   0x00000002   Code   RO         2624    i.HAL_UART_ErrorCallback  stm32f1xx_hal_uart.o
    0x08001caa   0x08001caa   0x00000002   PAD
    0x08001cac   0x08001cac   0x0000026c   Code   RO         2627    i.HAL_UART_IRQHandler  stm32f1xx_hal_uart.o
    0x08001f18   0x08001f18   0x00000064   Code   RO         2628    i.HAL_UART_Init     stm32f1xx_hal_uart.o
    0x08001f7c   0x08001f7c   0x00000128   Code   RO          415    i.HAL_UART_MspInit  usart.o
    0x080020a4   0x080020a4   0x0000001c   Code   RO         2632    i.HAL_UART_Receive_DMA  stm32f1xx_hal_uart.o
    0x080020c0   0x080020c0   0x00000002   Code   RO         2634    i.HAL_UART_RxCpltCallback  stm32f1xx_hal_uart.o
    0x080020c2   0x080020c2   0x00000002   Code   RO         2635    i.HAL_UART_RxHalfCpltCallback  stm32f1xx_hal_uart.o
    0x080020c4   0x080020c4   0x000000a0   Code   RO         2636    i.HAL_UART_Transmit  stm32f1xx_hal_uart.o
    0x08002164   0x08002164   0x00000078   Code   RO         2637    i.HAL_UART_Transmit_DMA  stm32f1xx_hal_uart.o
    0x080021dc   0x080021dc   0x00000002   Code   RO         2639    i.HAL_UART_TxCpltCallback  stm32f1xx_hal_uart.o
    0x080021de   0x080021de   0x00000002   Code   RO         2640    i.HAL_UART_TxHalfCpltCallback  stm32f1xx_hal_uart.o
    0x080021e0   0x080021e0   0x00000002   Code   RO          471    i.HardFault_Handler  stm32f1xx_it.o
    0x080021e2   0x080021e2   0x0000004e   Code   RO         3263    i.I2CReceiveByte    eeprom.o
    0x08002230   0x08002230   0x0000004e   Code   RO         3265    i.I2CSendByte       eeprom.o
    0x0800227e   0x0800227e   0x00000030   Code   RO         3266    i.I2CSendNotAck     eeprom.o
    0x080022ae   0x080022ae   0x00000036   Code   RO         3267    i.I2CStart          eeprom.o
    0x080022e4   0x080022e4   0x00000036   Code   RO         3268    i.I2CStop           eeprom.o
    0x0800231a   0x0800231a   0x0000004e   Code   RO         3269    i.I2CWaitAck        eeprom.o
    0x08002368   0x08002368   0x00000038   Code   RO         3089    i.IIC_Start         oled.o
    0x080023a0   0x080023a0   0x0000002c   Code   RO         3090    i.IIC_Stop          oled.o
    0x080023cc   0x080023cc   0x00000024   Code   RO         3091    i.IIC_Wait_Ack      oled.o
    0x080023f0   0x080023f0   0x000000c0   Code   RO         3452    i.Init_Task         bsp_task.o
    0x080024b0   0x080024b0   0x000000ac   Code   RO         3419    i.Key_Read          key.o
    0x0800255c   0x0800255c   0x000000f8   Code   RO         3453    i.Key_Task          bsp_task.o
    0x08002654   0x08002654   0x00000040   Code   RO          243    i.Loop_Task         freertos.o
    0x08002694   0x08002694   0x0000003c   Code   RO          324    i.MX_DMA_Init       dma.o
    0x080026d0   0x080026d0   0x00000054   Code   RO          244    i.MX_FREERTOS_Init  freertos.o
    0x08002724   0x08002724   0x000000e8   Code   RO          219    i.MX_GPIO_Init      gpio.o
    0x0800280c   0x0800280c   0x000000b8   Code   RO          353    i.MX_TIM2_Init      tim.o
    0x080028c4   0x080028c4   0x00000084   Code   RO          354    i.MX_TIM3_Init      tim.o
    0x08002948   0x08002948   0x00000050   Code   RO          416    i.MX_USART1_UART_Init  usart.o
    0x08002998   0x08002998   0x00000038   Code   RO          417    i.MX_USART3_UART_Init  usart.o
    0x080029d0   0x080029d0   0x0000004c   Code   RO         3454    i.Main_Task         bsp_task.o
    0x08002a1c   0x08002a1c   0x00000002   Code   RO          472    i.MemManage_Handler  stm32f1xx_it.o
    0x08002a1e   0x08002a1e   0x00000002   PAD
    0x08002a20   0x08002a20   0x000000ac   Code   RO         3032    i.Motor_Control     bsp_motor.o
    0x08002acc   0x08002acc   0x00000002   Code   RO          473    i.NMI_Handler       stm32f1xx_it.o
    0x08002ace   0x08002ace   0x0000003a   Code   RO         3093    i.OLED_Clear        oled.o
    0x08002b08   0x08002b08   0x000000e4   Code   RO         3098    i.OLED_Init         oled.o
    0x08002bec   0x08002bec   0x0000002e   Code   RO         3101    i.OLED_Set_Pos      oled.o
    0x08002c1a   0x08002c1a   0x00000002   PAD
    0x08002c1c   0x08002c1c   0x00000088   Code   RO         3103    i.OLED_ShowChar     oled.o
    0x08002ca4   0x08002ca4   0x00000036   Code   RO         3105    i.OLED_ShowString   oled.o
    0x08002cda   0x08002cda   0x0000000c   Code   RO         3106    i.OLED_WR_Byte      oled.o
    0x08002ce6   0x08002ce6   0x00000002   PAD
    0x08002ce8   0x08002ce8   0x00000018   Code   RO         3270    i.SCL_Output        eeprom.o
    0x08002d00   0x08002d00   0x00000018   Code   RO         3271    i.SDA_Input         eeprom.o
    0x08002d18   0x08002d18   0x00000020   Code   RO         3272    i.SDA_Input_Mode    eeprom.o
    0x08002d38   0x08002d38   0x00000018   Code   RO         3273    i.SDA_Output        eeprom.o
    0x08002d50   0x08002d50   0x00000020   Code   RO         3274    i.SDA_Output_Mode   eeprom.o
    0x08002d70   0x08002d70   0x00000078   Code   RO         2999    i.SYN_FrameInfo     syn6288.o
    0x08002de8   0x08002de8   0x00000148   Code   RO         3374    i.Sensor_Judge      sensor.o
    0x08002f30   0x08002f30   0x00000078   Code   RO         3375    i.Sensor_Read       sensor.o
    0x08002fa8   0x08002fa8   0x00000010   Code   RO          245    i.Sensor_Task       freertos.o
    0x08002fb8   0x08002fb8   0x0000005c   Code   RO         3062    i.Servo_Control     bsp_servo.o
    0x08003014   0x08003014   0x00000064   Code   RO          246    i.StartDefaultTask  freertos.o
    0x08003078   0x08003078   0x0000002c   Code   RO         4788    i.SysTick_Handler   port.o
    0x080030a4   0x080030a4   0x0000005e   Code   RO           15    i.SystemClock_Config  main.o
    0x08003102   0x08003102   0x00000002   Code   RO         2962    i.SystemInit        system_stm32f1xx.o
    0x08003104   0x08003104   0x0000000c   Code   RO          474    i.TIM4_IRQHandler   stm32f1xx_it.o
    0x08003110   0x08003110   0x00000078   Code   RO         1720    i.TIM_Base_SetConfig  stm32f1xx_hal_tim.o
    0x08003188   0x08003188   0x0000001a   Code   RO         1721    i.TIM_CCxChannelCmd  stm32f1xx_hal_tim.o
    0x080031a2   0x080031a2   0x00000014   Code   RO         1731    i.TIM_ETR_SetConfig  stm32f1xx_hal_tim.o
    0x080031b6   0x080031b6   0x00000010   Code   RO         1732    i.TIM_ITRx_SetConfig  stm32f1xx_hal_tim.o
    0x080031c6   0x080031c6   0x00000002   PAD
    0x080031c8   0x080031c8   0x00000050   Code   RO         1733    i.TIM_OC1_SetConfig  stm32f1xx_hal_tim.o
    0x08003218   0x08003218   0x00000058   Code   RO         1734    i.TIM_OC2_SetConfig  stm32f1xx_hal_tim.o
    0x08003270   0x08003270   0x00000058   Code   RO         1735    i.TIM_OC3_SetConfig  stm32f1xx_hal_tim.o
    0x080032c8   0x080032c8   0x00000044   Code   RO         1736    i.TIM_OC4_SetConfig  stm32f1xx_hal_tim.o
    0x0800330c   0x0800330c   0x00000022   Code   RO         1738    i.TIM_TI1_ConfigInputStage  stm32f1xx_hal_tim.o
    0x0800332e   0x0800332e   0x00000024   Code   RO         1740    i.TIM_TI2_ConfigInputStage  stm32f1xx_hal_tim.o
    0x08003352   0x08003352   0x00000010   Code   RO         2641    i.UART_DMAAbortOnError  stm32f1xx_hal_uart.o
    0x08003362   0x08003362   0x0000004a   Code   RO         2642    i.UART_DMAError     stm32f1xx_hal_uart.o
    0x080033ac   0x080033ac   0x00000086   Code   RO         2643    i.UART_DMAReceiveCplt  stm32f1xx_hal_uart.o
    0x08003432   0x08003432   0x0000001e   Code   RO         2645    i.UART_DMARxHalfCplt  stm32f1xx_hal_uart.o
    0x08003450   0x08003450   0x00000042   Code   RO         2647    i.UART_DMATransmitCplt  stm32f1xx_hal_uart.o
    0x08003492   0x08003492   0x0000000a   Code   RO         2649    i.UART_DMATxHalfCplt  stm32f1xx_hal_uart.o
    0x0800349c   0x0800349c   0x0000004e   Code   RO         2651    i.UART_EndRxTransfer  stm32f1xx_hal_uart.o
    0x080034ea   0x080034ea   0x0000001c   Code   RO         2652    i.UART_EndTxTransfer  stm32f1xx_hal_uart.o
    0x08003506   0x08003506   0x000000c2   Code   RO         2653    i.UART_Receive_IT   stm32f1xx_hal_uart.o
    0x080035c8   0x080035c8   0x000000b8   Code   RO         2654    i.UART_SetConfig    stm32f1xx_hal_uart.o
    0x08003680   0x08003680   0x00000090   Code   RO         2655    i.UART_Start_Receive_DMA  stm32f1xx_hal_uart.o
    0x08003710   0x08003710   0x00000072   Code   RO         2657    i.UART_WaitOnFlagUntilTimeout  stm32f1xx_hal_uart.o
    0x08003782   0x08003782   0x00000002   PAD
    0x08003784   0x08003784   0x0000007c   Code   RO          475    i.USART1_IRQHandler  stm32f1xx_it.o
    0x08003800   0x08003800   0x00000002   Code   RO          476    i.UsageFault_Handler  stm32f1xx_it.o
    0x08003802   0x08003802   0x00000002   PAD
    0x08003804   0x08003804   0x0000005c   Code   RO         3107    i.Write_IIC_Byte    oled.o
    0x08003860   0x08003860   0x0000002e   Code   RO         3108    i.Write_IIC_Command  oled.o
    0x0800388e   0x0800388e   0x0000002e   Code   RO         3109    i.Write_IIC_Data    oled.o
    0x080038bc   0x080038bc   0x00000020   Code   RO         1138    i.__NVIC_SetPriority  stm32f1xx_hal_cortex.o
    0x080038dc   0x080038dc   0x0000000c   Code   RO         3275    i.delay1            eeprom.o
    0x080038e8   0x080038e8   0x00000040   Code   RO         3276    i.eeprom_read       eeprom.o
    0x08003928   0x08003928   0x00000030   Code   RO         3277    i.eeprom_write      eeprom.o
    0x08003958   0x08003958   0x00000068   Code   RO           16    i.main              main.o
    0x080039c0   0x080039c0   0x0000000c   Code   RO         4353    i.makeFreeRtosPriority  cmsis_os.o
    0x080039cc   0x080039cc   0x0000000e   Code   RO         4355    i.osDelay           cmsis_os.o
    0x080039da   0x080039da   0x0000000a   Code   RO         4358    i.osKernelStart     cmsis_os.o
    0x080039e4   0x080039e4   0x00000054   Code   RO         4392    i.osThreadCreate    cmsis_os.o
    0x08003a38   0x08003a38   0x00000070   Code   RO         4029    i.prvAddCurrentTaskToDelayedList  tasks.o
    0x08003aa8   0x08003aa8   0x000000d0   Code   RO         4030    i.prvAddNewTaskToReadyList  tasks.o
    0x08003b78   0x08003b78   0x00000034   Code   RO         4031    i.prvDeleteTCB      tasks.o
    0x08003bac   0x08003bac   0x0000004c   Code   RO         4720    i.prvHeapInit       heap_4.o
    0x08003bf8   0x08003bf8   0x00000060   Code   RO         4032    i.prvIdleTask       tasks.o
    0x08003c58   0x08003c58   0x00000098   Code   RO         4033    i.prvInitialiseNewTask  tasks.o
    0x08003cf0   0x08003cf0   0x0000004c   Code   RO         4721    i.prvInsertBlockIntoFreeList  heap_4.o
    0x08003d3c   0x08003d3c   0x00000020   Code   RO         4034    i.prvResetNextTaskUnblockTime  tasks.o
    0x08003d5c   0x08003d5c   0x00000028   Code   RO         4789    i.prvTaskExitError  port.o
    0x08003d84   0x08003d84   0x000000dc   Code   RO         4722    i.pvPortMalloc      heap_4.o
    0x08003e60   0x08003e60   0x00000024   Code   RO         4790    i.pxPortInitialiseStack  port.o
    0x08003e84   0x08003e84   0x00000026   Code   RO         3665    i.uxListRemove      list.o
    0x08003eaa   0x08003eaa   0x00000002   PAD
    0x08003eac   0x08003eac   0x00000014   Code   RO          247    i.vApplicationGetIdleTaskMemory  freertos.o
    0x08003ec0   0x08003ec0   0x00000016   Code   RO         3666    i.vListInitialise   list.o
    0x08003ed6   0x08003ed6   0x00000006   Code   RO         3667    i.vListInitialiseItem  list.o
    0x08003edc   0x08003edc   0x00000030   Code   RO         3668    i.vListInsert       list.o
    0x08003f0c   0x08003f0c   0x00000018   Code   RO         3669    i.vListInsertEnd    list.o
    0x08003f24   0x08003f24   0x00000040   Code   RO         4792    i.vPortEnterCritical  port.o
    0x08003f64   0x08003f64   0x00000028   Code   RO         4793    i.vPortExitCritical  port.o
    0x08003f8c   0x08003f8c   0x00000064   Code   RO         4723    i.vPortFree         heap_4.o
    0x08003ff0   0x08003ff0   0x00000024   Code   RO         4794    i.vPortSetupTimerInterrupt  port.o
    0x08004014   0x08004014   0x0000004c   Code   RO         4043    i.vTaskDelay        tasks.o
    0x08004060   0x08004060   0x0000006c   Code   RO         4057    i.vTaskStartScheduler  tasks.o
    0x080040cc   0x080040cc   0x00000010   Code   RO         4059    i.vTaskSuspendAll   tasks.o
    0x080040dc   0x080040dc   0x0000005c   Code   RO         4060    i.vTaskSwitchContext  tasks.o
    0x08004138   0x08004138   0x000000a8   Code   RO         4796    i.xPortStartScheduler  port.o
    0x080041e0   0x080041e0   0x0000005a   Code   RO         4063    i.xTaskCreate       tasks.o
    0x0800423a   0x0800423a   0x00000056   Code   RO         4064    i.xTaskCreateStatic  tasks.o
    0x08004290   0x08004290   0x000000cc   Code   RO         4071    i.xTaskIncrementTick  tasks.o
    0x0800435c   0x0800435c   0x000000c4   Code   RO         4077    i.xTaskResumeAll    tasks.o
    0x08004420   0x08004420   0x000000c4   Code   RO         4930    x$fpl$fadd          fz_ws.l(faddsub_clz.o)
    0x080044e4   0x080044e4   0x00000184   Code   RO         4937    x$fpl$fdiv          fz_ws.l(fdiv.o)
    0x08004668   0x08004668   0x0000003e   Code   RO         4940    x$fpl$ffixu         fz_ws.l(ffixu.o)
    0x080046a6   0x080046a6   0x00000002   PAD
    0x080046a8   0x080046a8   0x00000026   Code   RO         4944    x$fpl$ffltu         fz_ws.l(fflt_clz.o)
    0x080046ce   0x080046ce   0x0000008c   Code   RO         4994    x$fpl$fnaninf       fz_ws.l(fnaninf.o)
    0x0800475a   0x0800475a   0x0000000a   Code   RO         4996    x$fpl$fretinf       fz_ws.l(fretinf.o)
    0x08004764   0x08004764   0x000000ea   Code   RO         4932    x$fpl$fsub          fz_ws.l(faddsub_clz.o)
    0x0800484e   0x0800484e   0x00000000   Code   RO         5000    x$fpl$usenofp       fz_ws.l(usenofp.o)
    0x0800484e   0x0800484e   0x00000002   PAD
    0x08004850   0x08004850   0x00000054   Data   RO          249    .constdata          freertos.o
    0x080048a4   0x080048a4   0x00000012   Data   RO          836    .constdata          stm32f1xx_hal_rcc.o
    0x080048b6   0x080048b6   0x00000010   Data   RO         2963    .constdata          system_stm32f1xx.o
    0x080048c6   0x080048c6   0x00000008   Data   RO         2964    .constdata          system_stm32f1xx.o
    0x080048ce   0x080048ce   0x00000818   Data   RO         3114    .constdata          oled.o
    0x080050e6   0x080050e6   0x00000002   PAD
    0x080050e8   0x080050e8   0x00000024   Data   RO          250    .conststring        freertos.o
    0x0800510c   0x0800510c   0x00000020   Data   RO         5187    Region$$Table       anon$$obj.o


    Execution Region RW_IRAM1 (Exec base: 0x20000000, Load base: 0x0800512c, Size: 0x00001878, Max: 0x00005000, ABSOLUTE)

    Exec Addr    Load Addr    Size         Type   Attr      Idx    E Section Name        Object

    0x20000000   0x0800512c   0x0000000c   Data   RW          251    .data               freertos.o
    0x2000000c   0x08005138   0x00000001   Data   RW          419    .data               usart.o
    0x2000000d   0x08005139   0x00000001   Data   RW          420    .data               usart.o
    0x2000000e   0x0800513a   0x00000001   Data   RW          421    .data               usart.o
    0x2000000f   0x0800513b   0x00000003   Data   RW          422    .data               usart.o
    0x20000012   0x0800513e   0x00000003   Data   RW          423    .data               usart.o
    0x20000015   0x08005141   0x00000003   PAD
    0x20000018   0x08005144   0x0000000c   Data   RW          673    .data               stm32f1xx_hal.o
    0x20000024   0x08005150   0x00000004   Data   RW         2965    .data               system_stm32f1xx.o
    0x20000028   0x08005154   0x00000004   Data   RW         3377    .data               sensor.o
    0x2000002c   0x08005158   0x00000010   Data   RW         3455    .data               bsp_task.o
    0x2000003c   0x08005168   0x00000001   Data   RW         3525    .data               bsp_uart.o
    0x2000003d   0x08005169   0x00000003   PAD
    0x20000040   0x0800516c   0x0000003c   Data   RW         4080    .data               tasks.o
    0x2000007c   0x080051a8   0x00000020   Data   RW         4729    .data               heap_4.o
    0x2000009c   0x080051c8   0x0000000c   Data   RW         4797    .data               port.o
    0x200000a8        -       0x00000254   Zero   RW          248    .bss                freertos.o
    0x200002fc        -       0x00000090   Zero   RW          355    .bss                tim.o
    0x2000038c        -       0x00000118   Zero   RW          418    .bss                usart.o
    0x200004a4        -       0x00000048   Zero   RW          576    .bss                stm32f1xx_hal_timebase_tim.o
    0x200004ec        -       0x0000000c   Zero   RW         3033    .bss                bsp_motor.o
    0x200004f8        -       0x0000000c   Zero   RW         3376    .bss                sensor.o
    0x20000504        -       0x00000020   Zero   RW         3420    .bss                key.o
    0x20000524        -       0x000000f0   Zero   RW         4079    .bss                tasks.o
    0x20000614        -       0x00000c00   Zero   RW         4728    .bss                heap_4.o
    0x20001214        -       0x00000060   Zero   RW         5047    .bss                c_w.l(libspace.o)
    0x20001274   0x080051d4   0x00000004   PAD
    0x20001278        -       0x00000200   Zero   RW            2    HEAP                startup_stm32f103xb.o
    0x20001478        -       0x00000400   Zero   RW            1    STACK               startup_stm32f103xb.o


==============================================================================

Image component sizes


      Code (inc. data)   RO Data    RW Data    ZI Data      Debug   Object Name

       172         12          0          0         12       1740   bsp_motor.o
        92         16          0          0          0        680   bsp_servo.o
      1408        190          0         16          0       4965   bsp_task.o
        72         10          0          1          0       1888   bsp_uart.o
       120          0          0          0          0      23125   cmsis_os.o
        60          4          0          0          0        722   dma.o
       650         22          0          0          0       7095   eeprom.o
         0          0          0          0          0      16940   event_groups.o
       284         30        120         12        596       3636   freertos.o
       232         14          0          0          0        919   gpio.o
       472         24          0         32       3072       7175   heap_4.o
       172          8          0          0         32       1493   key.o
       138          0          0          0          0       3266   list.o
       222         16          0          0          0     460068   main.o
       854         28       2072          0          0       7343   oled.o
       578         60          0         12          0      10016   port.o
       448         58          0          4         12       2322   sensor.o
        64         26        236          0       1536        788   startup_stm32f103xb.o
       100         18          0         12          0       5094   stm32f1xx_hal.o
       158         14          0          0          0      28078   stm32f1xx_hal_cortex.o
       808         36          0          0          0       4838   stm32f1xx_hal_dma.o
       500         34          0          0          0       3431   stm32f1xx_hal_gpio.o
        72         10          0          0          0        826   stm32f1xx_hal_msp.o
      1304         94         18          0          0       5601   stm32f1xx_hal_rcc.o
      1736         56          0          0          0      15152   stm32f1xx_hal_tim.o
       108         12          0          0          0       2321   stm32f1xx_hal_tim_ex.o
       152         20          0          0         72       1415   stm32f1xx_hal_timebase_tim.o
      2224         38          0          0          0      17355   stm32f1xx_hal_uart.o
       172         44          0          0          0       4792   stm32f1xx_it.o
         0          0          0          0          0        384   stream_buffer.o
       120          4          0          0          0       1124   syn6288.o
         2          0         24          4          0       1055   system_stm32f1xx.o
      1520        112          0         60        240      18698   tasks.o
       492         42          0          0        144       3407   tim.o
       432         50          0          9        280       2661   usart.o

    ----------------------------------------------------------------------
     15970       1102       2504        168       5996     670413   Object Totals
         0          0         32          0          0          0   (incl. Generated)
        32          0          2          6          0          0   (incl. Padding)

    ----------------------------------------------------------------------

      Code (inc. data)   RO Data    RW Data    ZI Data      Debug   Library Member Name

         8          0          0          0          0         68   __main.o
       104          0          0          0          0         84   __printf.o
         0          0          0          0          0          0   __rtentry.o
        12          0          0          0          0          0   __rtentry2.o
         6          0          0          0          0          0   __rtentry4.o
        52          8          0          0          0          0   __scatter.o
        26          0          0          0          0          0   __scatter_copy.o
        28          0          0          0          0          0   __scatter_zi.o
        48          6          0          0          0         96   _printf_char_common.o
         6          0          0          0          0          0   _printf_d.o
       120         16          0          0          0         92   _printf_dec.o
       178          0          0          0          0         88   _printf_intcommon.o
         0          0          0          0          0          0   _printf_percent.o
         4          0          0          0          0          0   _printf_percent_end.o
        10          0          0          0          0         68   _sputc.o
        18          0          0          0          0         80   exit.o
         6          0          0          0          0        152   heapauxi.o
         0          0          0          0          0          0   indicate_semi.o
         2          0          0          0          0          0   libinit.o
         2          0          0          0          0          0   libinit2.o
         2          0          0          0          0          0   libshutdown.o
         2          0          0          0          0          0   libshutdown2.o
         8          4          0          0         96         68   libspace.o
        40          6          0          0          0         84   noretval__2sprintf.o
        68          0          0          0          0         68   rt_memclr.o
        78          0          0          0          0         80   rt_memclr_w.o
       138          0          0          0          0         68   rt_memcpy_v6.o
       100          0          0          0          0         80   rt_memcpy_w.o
         2          0          0          0          0          0   rtexit.o
        10          0          0          0          0          0   rtexit2.o
        62          0          0          0          0         76   strlen.o
        12          4          0          0          0         68   sys_exit.o
        74          0          0          0          0         80   sys_stackheap_outer.o
         2          0          0          0          0         68   use_no_semi.o
       430          8          0          0          0        168   faddsub_clz.o
       388         76          0          0          0         96   fdiv.o
        62          4          0          0          0         84   ffixu.o
        38          0          0          0          0         68   fflt_clz.o
       140          4          0          0          0         84   fnaninf.o
        10          0          0          0          0         68   fretinf.o
         0          0          0          0          0          0   usenofp.o

    ----------------------------------------------------------------------
      2306        136          0          0        100       2036   Library Totals
        10          0          0          0          4          0   (incl. Padding)

    ----------------------------------------------------------------------

      Code (inc. data)   RO Data    RW Data    ZI Data      Debug   Library Name

      1228         44          0          0         96       1468   c_w.l
      1068         92          0          0          0        568   fz_ws.l

    ----------------------------------------------------------------------
      2306        136          0          0        100       2036   Library Totals

    ----------------------------------------------------------------------

==============================================================================


      Code (inc. data)   RO Data    RW Data    ZI Data      Debug   

     18276       1238       2504        168       6096     662357   Grand Totals
     18276       1238       2504        168       6096     662357   ELF Image Totals
     18276       1238       2504        168          0          0   ROM Totals

==============================================================================

    Total RO  Size (Code + RO Data)                20780 (  20.29kB)
    Total RW  Size (RW Data + ZI Data)              6264 (   6.12kB)
    Total ROM Size (Code + RO Data + RW Data)      20948 (  20.46kB)

==============================================================================

